12-11 09:43:09.484  1884  3896 W Finsky  : [135] aamx.t(1094): Package com.google.android.telephony not installed
12-11 09:43:09.743  1884  3896 W Finsky  : [135] aamx.t(1094): Package com.google.android.vndk.v31 not installed
12-11 09:43:16.442   543   543 W Looper  : Slow delivery took 5681ms main h=android.os.Handler c=com.android.internal.os.BinderCallsStats$1@599779b m=0
12-11 09:43:16.834   691   691 I wpa_supplicant: wlan0: CTRL-EVENT-BEACON-LOSS 
12-11 09:43:17.346   543   558 W Looper  : Slow dispatch took 9843ms android.fg h=android.os.Handler c=com.android.server.timezonedetector.TimeZoneDetectorService$$ExternalSyntheticLambda1@aacc7da m=0
12-11 09:43:17.356  3691  3731 I Finsky:quick_launch: [50] mji.run(236): Stats for Executor: bgExecutor qwt@503fa2a[Running, pool size = 1, active threads = 0, queued tasks = 0, completed tasks = 1]
12-11 09:43:17.358  3691  3731 I Finsky:quick_launch: [50] mji.run(236): Stats for Executor: LightweightExecutor qwt@f66801b[Running, pool size = 3, active threads = 0, queued tasks = 0, completed tasks = 8]
12-11 09:43:17.362   543  1458 W ServiceManager: Waited one second for apexservice (is service started? are binder threads started and available?)
12-11 09:43:17.363   192   192 I servicemanager: Since 'apexservice' could not be found, trying to start it as a lazy AIDL service
12-11 09:43:17.372   543   543 W Looper  : Drained
12-11 09:43:17.743   543   543 W Looper  : Slow delivery took 360ms main h=com.android.server.job.JobSchedulerService$JobHandler c=null m=7
12-11 09:43:17.755   543   558 W Looper  : Slow delivery took 379ms android.fg h=android.os.Handler c=com.android.server.power.hint.HintManagerService$UidObserver$$ExternalSyntheticLambda1@d11b40b m=0
12-11 09:43:18.410   543   543 W Looper  : Drained
12-11 09:43:18.413   543   543 W Looper  : Slow dispatch took 384ms main h=com.android.server.job.JobSchedulerService$JobHandler c=null m=1
12-11 09:43:22.752   543  1458 W ServiceManager: Waited one second for apexservice (is service started? are binder threads started and available?)
12-11 09:43:22.781   192   192 I servicemanager: Since 'apexservice' could not be found, trying to start it as a lazy AIDL service
12-11 09:43:22.833   543   543 W Looper  : Slow delivery took 1393ms main h=android.os.Handler c=com.android.internal.os.BinderCallsStats$1@599779b m=0
12-11 09:43:23.033  2535  2700 I Finsky:background: [39] mji.run(236): Stats for Executor: BlockingExecutor qwt@cd2473b[Running, pool size = 0, active threads = 0, queued tasks = 0, completed tasks = 7]
12-11 09:43:23.259   543   558 W Looper  : Slow dispatch took 417ms android.fg h=android.os.Handler c=com.android.server.Watchdog$HandlerChecker@76b52 m=0
12-11 09:43:23.561  1884  1904 I android.vendin: oneway function results for code 2 on binder at 0x7a10019641e0 will be dropped but finished with status UNKNOWN_TRANSACTION
12-11 09:43:27.314   543  1458 W ServiceManager: Waited one second for apexservice (is service started? are binder threads started and available?)
12-11 09:43:27.315   192   192 I servicemanager: Since 'apexservice' could not be found, trying to start it as a lazy AIDL service
12-11 09:43:27.484   543   569 W ActivityManager: Timeout executing service: ServiceRecord{6612a80 u0 com.google.android.apps.photos/.dbprocessor.impl.DatabaseProcessorJobService}
12-11 09:43:31.064   543  1458 W ServiceManager: Waited one second for apexservice (is service started? are binder threads started and available?)
12-11 09:43:31.066   192   192 I servicemanager: Since 'apexservice' could not be found, trying to start it as a lazy AIDL service
12-11 09:43:31.210  1884  3956 I android.vendin: oneway function results for code 2 on binder at 0x7a100195b0f0 will be dropped but finished with status UNKNOWN_TRANSACTION
12-11 09:43:31.233  2535  3780 I ding:backgroun: oneway function results for code 2 on binder at 0x7a1001917710 will be dropped but finished with status UNKNOWN_TRANSACTION
12-11 09:43:31.259   543  1041 I ActivityManager: Killing 1391:com.android.chrome/u0a115 (adj 975): empty #17
12-11 09:43:34.508   543   559 W Looper  : Slow delivery took 442ms android.ui h=android.view.GestureDetector$GestureHandler c=null m=1
12-11 09:43:34.518   543   571 I libprocessgroup: Successfully killed process cgroup uid 10115 pid 1391 in 3183ms
12-11 09:43:34.951   543   559 W Looper  : Slow dispatch took 439ms android.ui h=com.android.server.am.ActivityManagerService$UiHandler c=com.android.server.am.UidObserverController$$ExternalSyntheticLambda0@f459e84 m=0
12-11 09:43:35.000  2007  2723 I BugleRcsEngine: delay time out, reset attempts 3 and process SIM event [CONTEXT thread_id=65 ]
12-11 09:43:35.205   543  1458 W ServiceManager: Waited one second for apexservice (is service started? are binder threads started and available?)
12-11 09:43:35.214   192   192 I servicemanager: Since 'apexservice' could not be found, trying to start it as a lazy AIDL service
12-11 09:43:35.350  1407  1421 I earchbox:searc: oneway function results for code 2 on binder at 0x7a100197ae90 will be dropped but finished with status UNKNOWN_TRANSACTION
12-11 09:43:35.466   543   559 W Looper  : Drained
12-11 09:43:35.703  2007  2007 I BugleDataModel: ActionExecutorImpl: Starting ActionService
12-11 09:43:35.743  2007  2723 I BugleRcsEngine: process intent: android.intent.action.SIM_STATE_CHANGED [CONTEXT log_prefix="(Sim)" thread_id=65 ]
12-11 09:43:36.236  1271  2436 I BugleRcsEngine: delay time out, reset attempts 3 and process SIM event [CONTEXT thread_id=63 ]
12-11 09:43:36.508   543   623 I InputDispatcher: ab15ad0 com.google.android.apps.nexuslauncher/com.google.android.apps.nexuslauncher.NexusLauncherActivity (server) spent 2298ms processing MotionEvent
12-11 09:43:36.511   543  1458 W ServiceManager: Waited one second for apexservice (is service started? are binder threads started and available?)
12-11 09:43:36.513   192   192 I servicemanager: Since 'apexservice' could not be found, trying to start it as a lazy AIDL service
12-11 09:46:53.619   543   558 W Looper  : Drained
12-11 09:46:53.626   543   558 W Looper  : Slow dispatch took 8702ms android.fg h=android.os.Handler c=com.android.server.timedetector.TimeDetectorService$$ExternalSyntheticLambda3@66df989 m=0
12-11 09:46:53.698  3691  3699 I ng:quick_launc: WaitForGcToComplete blocked HeapTrim on None for 403.264ms
12-11 09:46:53.753   543   624 W InputDispatcher: Excessive delay in interceptMotionBeforeQueueing; took 60 ms
12-11 09:46:53.774   543   558 W Looper  : Slow delivery took 2166ms android.fg h=android.os.Handler c=com.android.server.power.hint.HintManagerService$UidObserver$$ExternalSyntheticLambda1@7d12d8e m=0
12-11 09:46:53.774   543   558 W Looper  : Slow dispatch took 139ms android.fg h=android.os.Handler c=com.android.server.power.hint.HintManagerService$UidObserver$$ExternalSyntheticLambda1@7d12d8e m=0
12-11 09:46:53.997   543   620 E LazyAlarmStore: Removed TIME_TICK alarm
12-11 09:46:54.118   543   543 W Looper  : Slow dispatch took 2224ms main h=com.android.server.power.Notifier$NotifierHandler c=null m=1
12-11 09:46:54.679  2007  2723 I BugleRcsEngine: Processing an intent [CONTEXT log_prefix="(Sim)" thread_id=65 ]
12-11 09:46:54.712  2007  2249 I BugleSimStateTracker: Looking up Fi through package names.
12-11 09:46:55.004   543  1458 W ServiceManager: Waited one second for apexservice (is service started? are binder threads started and available?)
12-11 09:46:55.172   192   192 I servicemanager: Since 'apexservice' could not be found, trying to start it as a lazy AIDL service
12-11 09:46:55.300  2007  2723 I BugleRcsEngine: SIM state LOADED [CONTEXT log_prefix="(Sim)" thread_id=65 ]
12-11 09:46:58.137   331   331 I Zygote  : Process 3270 exited cleanly (0)
12-11 09:46:58.211   543   623 W InputDispatcher: Window d8f50c4 com.google.android.apps.nexuslauncher/com.google.android.apps.nexuslauncher.NexusLauncherActivity (server) is unresponsive: d8f50c4 com.google.android.apps.nexuslauncher/com.google.android.apps.nexuslauncher.NexusLauncherActivity (server) is not responding. Waited 6690ms for MotionEvent
12-11 09:46:58.211   543   623 W InputDispatcher: Canceling events for d8f50c4 com.google.android.apps.nexuslauncher/com.google.android.apps.nexuslauncher.NexusLauncherActivity (server) because it is unresponsive
12-11 09:46:58.427  1237  1802 I bake    : (REDACTED) getHotwordActive::active query: %s, watch: %s, devices connected: %s
12-11 09:46:58.431  1110  3513 W HeterodyneSyncer: Sync failed [CONTEXT service_id=51 ]
12-11 09:46:58.431  1110  3513 W HeterodyneSyncer: dcam: 29504: Network error
12-11 09:46:58.431  1110  3513 W HeterodyneSyncer: 	at dcfj.M(:com.google.android.gms@243433041@24.34.33 (190800-666809342):192)
12-11 09:46:58.431  1110  3513 W HeterodyneSyncer: 	at dcfj.q(:com.google.android.gms@243433041@24.34.33 (190800-666809342):113)
12-11 09:46:58.431  1110  3513 W HeterodyneSyncer: 	at dcfj.B(:com.google.android.gms@243433041@24.34.33 (190800-666809342):10)
12-11 09:46:58.431  1110  3513 W HeterodyneSyncer: 	at dcfj.p(:com.google.android.gms@243433041@24.34.33 (190800-666809342):11)
12-11 09:46:58.431  1110  3513 W HeterodyneSyncer: 	at com.google.android.gms.phenotype.sync.HeterodyneSyncTaskChimeraService.d(:com.google.android.gms@243433041@24.34.33 (190800-666809342):270)
12-11 09:46:58.431  1110  3513 W HeterodyneSyncer: 	at com.google.android.gms.phenotype.sync.HeterodyneSyncTaskChimeraService.a(:com.google.android.gms@243433041@24.34.33 (190800-666809342):126)
12-11 09:46:58.431  1110  3513 W HeterodyneSyncer: 	at bqfr.call(:com.google.android.gms@243433041@24.34.33 (190800-666809342):32)
12-11 09:46:58.431  1110  3513 W HeterodyneSyncer: 	at java.util.concurrent.FutureTask.run(FutureTask.java:266)
12-11 09:46:58.431  1110  3513 W HeterodyneSyncer: 	at amze.c(:com.google.android.gms@243433041@24.34.33 (190800-666809342):50)
12-11 09:46:58.431  1110  3513 W HeterodyneSyncer: 	at amze.run(:com.google.android.gms@243433041@24.34.33 (190800-666809342):97)
12-11 09:46:58.431  1110  3513 W HeterodyneSyncer: 	at java.util.concurrent.ThreadPoolExecutor.runWorker(ThreadPoolExecutor.java:1167)
12-11 09:46:58.431  1110  3513 W HeterodyneSyncer: 	at java.util.concurrent.ThreadPoolExecutor$Worker.run(ThreadPoolExecutor.java:641)
12-11 09:46:58.431  1110  3513 W HeterodyneSyncer: 	at aneq.run(:com.google.android.gms@243433041@24.34.33 (190800-666809342):8)
12-11 09:46:58.431  1110  3513 W HeterodyneSyncer: 	at java.lang.Thread.run(Thread.java:920)
12-11 09:46:58.431  1110  3513 W HeterodyneSyncer: Caused by: java.io.IOException: request causes GmsNetworkException without UrlResponseInfo at execution
12-11 09:46:58.431  1110  3513 W HeterodyneSyncer: 	at dcfp.a(:com.google.android.gms@243433041@24.34.33 (190800-666809342):450)
12-11 09:46:58.431  1110  3513 W HeterodyneSyncer: 	at dcfj.M(:com.google.android.gms@243433041@24.34.33 (190800-666809342):17)
12-11 09:46:58.431  1110  3513 W HeterodyneSyncer: 	... 13 more
12-11 09:46:58.431  1110  3513 W HeterodyneSyncer: Caused by: bpyi: Failed to process request
12-11 09:46:58.431  1110  3513 W HeterodyneSyncer: 	at bpyo.a(:com.google.android.gms@243433041@24.34.33 (190800-666809342):23)
12-11 09:46:58.431  1110  3513 W HeterodyneSyncer: 	at bqch.b(:com.google.android.gms@243433041@24.34.33 (190800-666809342):15)
12-11 09:46:58.431  1110  3513 W HeterodyneSyncer: 	at bqcv.onFailed(:com.google.android.gms@243433041@24.34.33 (190800-666809342):15)
12-11 09:46:58.431  1110  3513 W HeterodyneSyncer: 	at m.mr.onFailed(:com.google.android.gms.dynamite_cronetdynamite@243433041@24.34.33 (190800-0):3)
12-11 09:46:58.431  1110  3513 W HeterodyneSyncer: 	at m.ls.run(:com.google.android.gms.dynamite_cronetdynamite@243433041@24.34.33 (190800-0):9)
12-11 09:46:58.431  1110  3513 W HeterodyneSyncer: 	at amze.c(:com.google.android.gms@243433041@24.34.33 (190800-666809342):50)
12-11 09:46:58.431  1110  3513 W HeterodyneSyncer: 	at amze.run(:com.google.android.gms@243433041@24.34.33 (190800-666809342):76)
12-11 09:46:58.431  1110  3513 W HeterodyneSyncer: 	... 4 more
12-11 09:46:58.431  1110  3513 W HeterodyneSyncer: Caused by: m.mb: Exception in CronetUrlRequest: net::ERR_NAME_NOT_RESOLVED, ErrorCode=1, InternalErrorCode=-105, Retryable=false
12-11 09:46:58.431  1110  3513 W HeterodyneSyncer: 	at org.chromium.net.impl.CronetUrlRequest.onError(:com.google.android.gms.dynamite_cronetdynamite@243433041@24.34.33 (190800-0):4)
12-11 09:46:58.438  1271  2436 I BugleRcsEngine: process intent: android.intent.action.SIM_STATE_CHANGED [CONTEXT log_prefix="(Sim)" thread_id=63 ]
12-11 09:46:58.443   543   569 I DropBoxManagerService: add tag=system_server_wtf isTagEnabled=true flags=0x2
12-11 09:46:58.529  1884  1893 I android.vendin: Background young concurrent copying GC freed 160631(8345KB) AllocSpace objects, 2(104KB) LOS objects, 39% free, 8667KB/14MB, paused 99.601ms,1.716ms total 23.283s
12-11 09:46:58.707  1271  2436 I BugleRcsEngine: Processing an intent [CONTEXT log_prefix="(Sim)" thread_id=63 ]
12-11 09:46:58.727  1271  2436 I BugleRcsEngine: Ignoring duplicate SIM state: LOADED [CONTEXT log_prefix="(Sim)" thread_id=63 ]
12-11 09:46:59.238   543  3962 W ProcessCpuTracker: Failed to stat(/proc/3270): android.system.ErrnoException: stat failed: ENOENT (No such file or directory)
12-11 09:46:59.257   543  3962 W ProcessCpuTracker: Skipping unknown process pid 3270
12-11 09:46:59.270  1884  2039 I Finsky  : [50] mqv.f(36): Completed 0 account content syncs with 0 successful.
12-11 09:46:59.273  1884  1884 I Finsky  : [2] ContentSyncJob.a(12): [ContentSync] Installation state replication succeeded.
12-11 09:46:59.275  1884  1884 I Finsky  : [2] afih.q(56): SCH: jobFinished: 12-1. TimeElapsed: 59373ms.
12-11 09:46:59.341  3229  3229 I Zygote  : Process 3255 exited cleanly (0)
12-11 09:47:00.218   543  1870 I ActivityManager: Process com.android.chrome:privileged_process0 (pid 3270) has died: cch+65 CEM 
12-11 09:47:00.243   543  1870 W ActivityManager: Scheduling restart of crashed service com.android.chrome/org.chromium.content.app.PrivilegedProcessService0 in 1000ms for connection
12-11 09:47:00.249   543   571 I libprocessgroup: Successfully killed process cgroup uid 10115 pid 3270 in 43ms
12-11 09:47:00.277   543  1458 W ServiceManager: Waited one second for apexservice (is service started? are binder threads started and available?)
12-11 09:47:00.284   192   192 I servicemanager: Since 'apexservice' could not be found, trying to start it as a lazy AIDL service
12-11 09:47:00.358   543   623 I WindowManager: ANR in com.google.android.apps.nexuslauncher/com.google.android.apps.nexuslauncher.NexusLauncherActivity. Reason:d8f50c4 com.google.android.apps.nexuslauncher/com.google.android.apps.nexuslauncher.NexusLauncherActivity (server) is not responding. Waited 6690ms for MotionEvent
12-11 09:47:00.492   331   331 I Zygote  : Process 1391 exited due to signal 9 (Killed)
12-11 09:47:00.983  2007  2723 I BugleRcsEngine: SIM changed: false. current id: redacted-pii:sim_id[chars:20,last3:897]; stored id: redacted-pii:sim_id[chars:20,last3:897]; isFiDevice: false; subId: 1; slotIndex: 0 [CONTEXT log_prefix="(Sim)" thread_id=65 ]
12-11 09:47:01.441   543  1458 W ServiceManager: Waited one second for apexservice (is service started? are binder threads started and available?)
12-11 09:47:01.530  2007  2920 I BugleDataModel: ExecuteActionRunnable: running action CountryCodeDetectorAction
12-11 09:47:01.630  2007  2920 I BugleDataModel: ActionExecutorImpl: ACTION_BACKGROUND_QUEUED_CountryCodeDetectorAction
12-11 09:47:01.673  2007  2007 I BugleDataModel: ActionExecutorImpl: ACTION_EXECUTE_QUEUED_CountryCodeDetectorAction
12-11 09:47:01.684   192   192 I servicemanager: Since 'apexservice' could not be found, trying to start it as a lazy AIDL service
12-11 09:47:01.875   972   972 I Choreographer: Skipped 54 frames!  The application may be doing too much work on its main thread.
12-11 09:47:02.471   972   972 I Choreographer: Skipped 34 frames!  The application may be doing too much work on its main thread.
12-11 09:47:02.652  2007  2920 I BugleDataModel: ExecuteActionRunnable: running action SelfParticipantsRefreshAction
12-11 09:47:02.675  2007  2920 I BugleDataModel: ActionExecutorImpl: ACTION_BACKGROUND_QUEUED_SelfParticipantsRefreshAction
12-11 09:47:02.709   543  1458 W ServiceManager: Waited one second for apexservice (is service started? are binder threads started and available?)
12-11 09:47:02.722   192   192 I servicemanager: Since 'apexservice' could not be found, trying to start it as a lazy AIDL service
12-11 09:47:02.801   972   986 I OpenGLRenderer: Davey! duration=1564ms; Flags=0, FrameTimelineVsyncId=7061, IntendedVsync=274588707720, Vsync=275488707684, InputEventId=1717931791, HandleInputStart=275491597700, AnimationStart=275492066800, PerformTraversalsStart=275494110700, DrawStart=275496411000, FrameDeadline=274605374386, FrameInterval=275491062800, FrameStartTime=16666666, SyncQueued=275506052100, SyncStart=275510127900, IssueDrawCommandsStart=275514289400, SwapBuffers=275522366100, FrameCompleted=276157605900, DequeueBufferDuration=482300, QueueBufferDuration=15100100, GpuCompleted=276157605900, SwapBuffersCompleted=275550946600, DisplayPresentTime=193273528324, 
12-11 09:47:02.942  2007  2007 I BugleDataModel: ActionExecutorImpl: ACTION_EXECUTE_QUEUED_SelfParticipantsRefreshAction
12-11 09:47:07.880  2535  2543 W ding:backgroun: Suspending all threads took: 11.760ms
12-11 09:47:07.977   543  1458 W ServiceManager: Waited one second for apexservice (is service started? are binder threads started and available?)
12-11 09:47:08.169   192   192 I servicemanager: Since 'apexservice' could not be found, trying to start it as a lazy AIDL service
12-11 09:47:11.762   543  1458 W ServiceManager: Waited one second for apexservice (is service started? are binder threads started and available?)
12-11 09:47:11.767   192   192 I servicemanager: Since 'apexservice' could not be found, trying to start it as a lazy AIDL service
12-11 09:47:12.401   423   435 W EventThread: Faking VSYNC due to driver stall for thread app
12-11 09:47:12.582   972  1363 W OpenGLRenderer: dequeueBuffer failed, error = -110; switching to fallback
12-11 09:47:12.729   423   435 W EventThread: VsyncSource debug info:
12-11 09:47:12.730   423   435 W EventThread: DispSyncSource: app(enabled)
12-11 09:47:12.870   972   986 I OpenGLRenderer: Davey! duration=6204ms; Flags=0, FrameTimelineVsyncId=7063, IntendedVsync=275505374350, Vsync=276072040994, InputEventId=0, HandleInputStart=276092607800, AnimationStart=276093688900, PerformTraversalsStart=276121628500, DrawStart=276122584500, FrameDeadline=275538707682, FrameInterval=276086879300, FrameStartTime=16666666, SyncQueued=276123950100, SyncStart=276125754900, IssueDrawCommandsStart=276132877400, SwapBuffers=276742965400, FrameCompleted=281711664600, DequeueBufferDuration=357600, QueueBufferDuration=9089200, GpuCompleted=281711664600, SwapBuffersCompleted=276757986900, DisplayPresentTime=134209164512048, 
12-11 09:47:13.163   543  1458 W ServiceManager: Waited one second for apexservice (is service started? are binder threads started and available?)
12-11 09:47:13.265   192   192 I servicemanager: Since 'apexservice' could not be found, trying to start it as a lazy AIDL service
12-11 09:47:14.482   543  1458 W ServiceManager: Waited one second for apexservice (is service started? are binder threads started and available?)
12-11 09:47:14.488   192   192 I servicemanager: Since 'apexservice' could not be found, trying to start it as a lazy AIDL service
12-11 09:47:15.068   417   417 I android.hardware.vibrator-service.example: Vibrator perform
12-11 09:47:15.711   543  1458 W ServiceManager: Waited one second for apexservice (is service started? are binder threads started and available?)
12-11 09:47:15.717   192   192 I servicemanager: Since 'apexservice' could not be found, trying to start it as a lazy AIDL service
12-11 09:47:16.390   417   417 I android.hardware.vibrator-service.example: Vibrator on for timeoutMs: 1
12-11 09:47:17.831   423   435 W EventThread: Faking VSYNC due to driver stall for thread app
12-11 09:47:17.831   423   435 W EventThread: VsyncSource debug info:
12-11 09:47:17.831   423   435 W EventThread: DispSyncSource: app(enabled)
12-11 09:47:17.835   543  1458 W ServiceManager: Waited one second for apexservice (is service started? are binder threads started and available?)
12-11 09:47:17.840   192   192 I servicemanager: Since 'apexservice' could not be found, trying to start it as a lazy AIDL service
12-11 09:47:17.941   417   417 I android.hardware.vibrator-service.example: Vibrator set amplitude: 0.709427
12-11 09:47:17.956   417   417 I android.hardware.vibrator-service.example: Vibrator set amplitude: 0.709427
12-11 09:47:18.065   417  3985 I android.hardware.vibrator-service.example: Starting on on another thread
12-11 09:47:18.113   417  3985 I android.hardware.vibrator-service.example: Notifying on complete
12-11 09:47:18.232   417   417 I android.hardware.vibrator-service.example: Vibrator off
12-11 09:47:18.862  2007  3977 I Bugle   : CountryCodeDetector: updateSmsNetworkCountry from default subscription network country. detected country: us
12-11 09:47:19.093   543  1458 W ServiceManager: Waited one second for apexservice (is service started? are binder threads started and available?)
12-11 09:47:19.094  2007  2249 I Bugle   : CountryCodeDetector: updateSmsNetworkCountry from default subscription network country. detected country: us
12-11 09:47:19.105   192   192 I servicemanager: Since 'apexservice' could not be found, trying to start it as a lazy AIDL service
12-11 09:47:19.153  2007  3977 I BugleDataModel: ActionExecutorImpl: ACTION_RESPONSE_QUEUED_CountryCodeDetectorAction
12-11 09:47:19.180  1884  2078 I Finsky  : [65] qwh.accept(58): SCH: Scheduling phonesky job Id: 1-1337, CT: 1733890336405, Constraints: [{ L: 1800000, D: 32242583, C: CHARGING_NONE, I: IDLE_NONE, N: NET_ANY }]
12-11 09:47:19.712   543   543 W Looper  : Slow dispatch took 25585ms main h=com.android.server.job.JobSchedulerService$JobHandler c=null m=7
12-11 09:47:19.726   543   571 I libprocessgroup: Successfully killed process cgroup uid 90000 pid 3255 in 0ms
12-11 09:47:19.729   543  1669 I ActivityManager: Process com.android.chrome:sandboxed_process0:org.chromium.content.app.SandboxedProcessService0:0 (pid 3255) has died: cch+65 CEM 
12-11 09:47:19.738   543  1669 W ActivityManager: Scheduling restart of crashed service com.android.chrome/org.chromium.content.app.SandboxedProcessService0:0 in 1000ms for connection
12-11 09:47:19.996   543  1311 W ActivityManager: Scheduling restart of crashed service com.android.chrome/org.chromium.chrome.browser.customtabs.CustomTabsConnectionService in 1000ms for connection
12-11 09:47:20.064   543   569 W ActivityManager: Timeout executing service: ServiceRecord{fa061cb u0 com.google.android.apps.messaging/.shared.datamodel.action.execution.ActionExecutorImpl$EmptyService}
12-11 09:47:20.079   543   569 W BroadcastQueue: Timeout of broadcast BroadcastRecord{fba16d2 u0 android.intent.action.BOOT_COMPLETED} - receiver=android.os.BinderProxy@9cda95d, started 78786ms ago
12-11 09:47:20.089   543   569 W BroadcastQueue: Receiver during timeout of BroadcastRecord{fba16d2 u0 android.intent.action.BOOT_COMPLETED} : BroadcastFilter{7f27fa3 1001/u0 ReceiverList{119a2d2 902 com.android.phone/1001/u0 remote:9cda95d}}
12-11 09:47:20.294  2745  2766 W Binder  : Binder call failed.
12-11 09:47:20.294  2745  2766 W Binder  : android.os.DeadObjectException
12-11 09:47:20.294  2745  2766 W Binder  : 	at android.os.BinderProxy.transactNative(Native Method)
12-11 09:47:20.294  2745  2766 W Binder  : 	at android.os.BinderProxy.transact(BinderProxy.java:571)
12-11 09:47:20.294  2745  2766 W Binder  : 	at android.content.IIntentReceiver$Stub$Proxy.performReceive(IIntentReceiver.java:160)
12-11 09:47:20.294  2745  2766 W Binder  : 	at android.app.ActivityThread$ApplicationThread.scheduleRegisteredReceiver(ActivityThread.java:1227)
12-11 09:47:20.294  2745  2766 W Binder  : 	at android.app.IApplicationThread$Stub.onTransact(IApplicationThread.java:784)
12-11 09:47:20.294  2745  2766 W Binder  : 	at android.os.Binder.execTransactInternal(Binder.java:1184)
12-11 09:47:20.294  2745  2766 W Binder  : 	at android.os.Binder.execTransact(Binder.java:1143)
12-11 09:47:20.299   543   623 I InputDispatcher: PointerEventDispatcher0 (server) spent 22198ms processing MotionEvent
12-11 09:47:20.300   543   623 I InputDispatcher: Dropped event because it is stale.
12-11 09:47:20.304   543   623 I InputDispatcher: d8f50c4 com.google.android.apps.nexuslauncher/com.google.android.apps.nexuslauncher.NexusLauncherActivity (server) spent 28886ms processing MotionEvent
12-11 09:47:20.306   543   623 I InputDispatcher: d8f50c4 com.google.android.apps.nexuslauncher/com.google.android.apps.nexuslauncher.NexusLauncherActivity (server) spent 28294ms processing MotionEvent
12-11 09:47:20.309   543   623 I InputDispatcher: d8f50c4 com.google.android.apps.nexuslauncher/com.google.android.apps.nexuslauncher.NexusLauncherActivity (server) spent 28292ms processing MotionEvent
12-11 09:47:20.312   543   623 I InputDispatcher: d8f50c4 com.google.android.apps.nexuslauncher/com.google.android.apps.nexuslauncher.NexusLauncherActivity (server) spent 28290ms processing MotionEvent
12-11 09:47:20.314   543   543 W Looper  : Slow dispatch took 447ms main h=com.android.server.job.JobSchedulerService$JobHandler c=null m=4
12-11 09:47:20.317   543   558 W Looper  : Slow dispatch took 17506ms android.fg h=com.android.server.DropBoxManagerService$DropBoxManagerBroadcastHandler c=null m=2
12-11 09:47:20.341   543   623 I InputDispatcher: d8f50c4 com.google.android.apps.nexuslauncher/com.google.android.apps.nexuslauncher.NexusLauncherActivity (server) spent 28288ms processing MotionEvent
12-11 09:47:20.342   543   623 I InputDispatcher: d8f50c4 com.google.android.apps.nexuslauncher/com.google.android.apps.nexuslauncher.NexusLauncherActivity (server) spent 28171ms processing MotionEvent
12-11 09:47:20.343   543   623 I InputDispatcher: d8f50c4 com.google.android.apps.nexuslauncher/com.google.android.apps.nexuslauncher.NexusLauncherActivity (server) spent 27882ms processing MotionEvent
12-11 09:47:20.344   543   623 I InputDispatcher: d8f50c4 com.google.android.apps.nexuslauncher/com.google.android.apps.nexuslauncher.NexusLauncherActivity (server) spent 27327ms processing MotionEvent
12-11 09:47:20.345   543   623 I InputDispatcher: d8f50c4 com.google.android.apps.nexuslauncher/com.google.android.apps.nexuslauncher.NexusLauncherActivity (server) spent 26838ms processing MotionEvent
12-11 09:47:20.346   543   623 I InputDispatcher: d8f50c4 com.google.android.apps.nexuslauncher/com.google.android.apps.nexuslauncher.NexusLauncherActivity (server) spent 26834ms processing MotionEvent
12-11 09:47:20.347   543   623 I InputDispatcher: d8f50c4 com.google.android.apps.nexuslauncher/com.google.android.apps.nexuslauncher.NexusLauncherActivity (server) spent 26031ms processing MotionEvent
12-11 09:47:20.348   543   623 I InputDispatcher: d8f50c4 com.google.android.apps.nexuslauncher/com.google.android.apps.nexuslauncher.NexusLauncherActivity (server) spent 26027ms processing MotionEvent
12-11 09:47:20.349   543   623 I InputDispatcher: d8f50c4 com.google.android.apps.nexuslauncher/com.google.android.apps.nexuslauncher.NexusLauncherActivity (server) spent 26026ms processing MotionEvent
12-11 09:47:20.350   543   623 I InputDispatcher: d8f50c4 com.google.android.apps.nexuslauncher/com.google.android.apps.nexuslauncher.NexusLauncherActivity (server) spent 26023ms processing MotionEvent
12-11 09:47:20.350   543   623 I InputDispatcher: d8f50c4 com.google.android.apps.nexuslauncher/com.google.android.apps.nexuslauncher.NexusLauncherActivity (server) spent 26019ms processing MotionEvent
12-11 09:47:20.351   543   623 I InputDispatcher: d8f50c4 com.google.android.apps.nexuslauncher/com.google.android.apps.nexuslauncher.NexusLauncherActivity (server) spent 22203ms processing MotionEvent
12-11 09:47:20.352  2007  2007 I BugleDataModel: ActionExecutorImpl: ACTION_EXECUTE_QUEUED_SelfParticipantsRefreshAction
12-11 09:47:20.353   543   623 I InputDispatcher: d8f50c4 com.google.android.apps.nexuslauncher/com.google.android.apps.nexuslauncher.NexusLauncherActivity (server) spent 22092ms processing MotionEvent
12-11 09:47:20.383  2007  2920 I BugleDataModel: ExecuteActionRunnable: running action SelfParticipantsRefreshAction
12-11 09:47:20.393  2007  2920 I BugleDataModel: ActionExecutorImpl: ACTION_BACKGROUND_QUEUED_SelfParticipantsRefreshAction
12-11 09:47:20.611   543  1458 W ServiceManager: Waited one second for apexservice (is service started? are binder threads started and available?)
12-11 09:47:20.613   192   192 I servicemanager: Since 'apexservice' could not be found, trying to start it as a lazy AIDL service
12-11 09:47:20.619   972   972 I Choreographer: Skipped 61 frames!  The application may be doing too much work on its main thread.
12-11 09:47:20.619  1407  1407 I Choreographer: Skipped 61 frames!  The application may be doing too much work on its main thread.
12-11 09:47:20.624  2663  2663 I Choreographer: Skipped 62 frames!  The application may be doing too much work on its main thread.
12-11 09:47:20.633  2663  2663 I AppBase : AppBase.onTrimMemory():437 onTrimMemory(): 60
12-11 09:47:20.639  2663  2663 I KeyboardDefCache: MemoryFileCache$1.onTrimMemory():126 clearMemory() for trim memory: 60
12-11 09:47:20.641  2663  2663 I KeyboardDefCache: MemoryFileCache.clearMemory():410 evictAll()
12-11 09:47:20.657  3629  3629 I Choreographer: Skipped 64 frames!  The application may be doing too much work on its main thread.
12-11 09:47:20.703   543  3962 I ActivityManager: dumpStackTraces pids=null nativepids=null
12-11 09:47:20.752  2007  2723 I BugleRcsEngine: Skipping writing subId because this is main bugle process. [CONTEXT log_prefix="(Sim)" thread_id=65 ]
12-11 09:47:22.006   543  1458 W ServiceManager: Waited one second for apexservice (is service started? are binder threads started and available?)
12-11 09:47:22.031   543   623 I InputDispatcher: Dropped event because it is stale.
12-11 09:47:22.042   543   623 I InputDispatcher: Dropped event because it is stale.
12-11 09:47:22.064   192   192 I servicemanager: Since 'apexservice' could not be found, trying to start it as a lazy AIDL service
12-11 09:47:22.151   543   623 I InputDispatcher: Dropped event because it is stale.
12-11 09:47:22.157   543   623 I InputDispatcher: Dropped event because it is stale.
12-11 09:47:22.163   543   623 I InputDispatcher: Dropped event because it is stale.
12-11 09:47:22.168   543   623 I InputDispatcher: Dropped event because it is stale.
12-11 09:47:22.173   543   623 I InputDispatcher: Dropped event because it is stale.
12-11 09:47:22.212   543   623 I InputDispatcher: Dropped event because it is stale.
12-11 09:47:22.540   543   623 I InputDispatcher: Dropped event because it is stale.
12-11 09:47:22.712   543   623 I InputDispatcher: Dropped event because it is stale.
12-11 09:47:22.718   543   623 I InputDispatcher: Dropped event because it is stale.
12-11 09:47:22.827   543   623 I InputDispatcher: Dropped event because it is stale.
12-11 09:47:22.831   543   623 I InputDispatcher: Dropped event because it is stale.
12-11 09:47:22.924   543   623 I InputDispatcher: Dropped event because it is stale.
12-11 09:47:22.931   543   623 I InputDispatcher: Dropped event because it is stale.
12-11 09:47:22.938   543   623 I InputDispatcher: Dropped event because it is stale.
12-11 09:47:22.939  2007  2723 I BugleRcsEngine: Updated SIM info: currentSimId: redacted-pii:sim_id[chars:20,last3:897]; imsi: redacted-pii:imsi[chars:15]; rawMsisdn: redacted-pii:phone_number[chars:12,last2:67]; formattedMsisdn: redacted-pii:phone_number[chars:12,last2:67]; mccmnc: redacted-pii:sim_operator[chars:6]; gid1: redacted-pii:sim_gid[chars:0]; isFiDevice: false; subId: 1; slotIndex: 0 [CONTEXT log_prefix="(Sim)" thread_id=65 ]
12-11 09:47:22.951   543   623 I InputDispatcher: Dropped event because it is stale.
12-11 09:47:22.962   543   623 I InputDispatcher: Dropped event because it is stale.
12-11 09:47:22.965   543   623 I InputDispatcher: Dropped event because it is stale.
12-11 09:47:23.041   543   623 I InputDispatcher: Dropped event because it is stale.
12-11 09:47:23.213   543   623 I InputDispatcher: Dropped event because it is stale.
12-11 09:47:23.219   543   623 I InputDispatcher: Dropped event because it is stale.
12-11 09:47:23.222   543   623 I InputDispatcher: Dropped event because it is stale.
12-11 09:47:23.234   543   543 W Looper  : Slow dispatch took 2917ms main h=com.android.server.job.JobSchedulerService$JobHandler c=null m=1
12-11 09:47:23.241   543   543 W JobServiceContext: Time-out while trying to bind 7d66e #u0a97/1651 com.google.android.apps.messaging/androidx.work.impl.background.systemjob.SystemJobService, dropping.
12-11 09:47:23.245   543   623 I InputDispatcher: Dropped event because it is stale.
12-11 09:47:23.260   543   623 I InputDispatcher: Dropped event because it is stale.
12-11 09:47:23.266   543   623 I InputDispatcher: Dropped event because it is stale.
12-11 09:47:23.340   543   623 I InputDispatcher: Dropped event because it is stale.
12-11 09:47:23.350   543   623 I InputDispatcher: Dropped event because it is stale.
12-11 09:47:23.361   543   623 I InputDispatcher: Dropped event because it is stale.
12-11 09:47:23.388   543   623 I InputDispatcher: Dropped event because it is stale.
12-11 09:47:23.392   543   623 I InputDispatcher: Dropped event because it is stale.
12-11 09:47:23.397   543   623 I InputDispatcher: Dropped event because it is stale.
12-11 09:47:23.403   543   623 I InputDispatcher: Dropped event because it is stale.
12-11 09:47:23.406   543   623 I InputDispatcher: Dropped event because it is stale.
12-11 09:47:23.410   543   623 I InputDispatcher: Dropped event because it is stale.
12-11 09:47:23.430   543   558 W Looper  : Slow dispatch took 3109ms android.fg h=android.os.Handler c=com.android.server.Watchdog$HandlerChecker@76b52 m=0
12-11 09:47:23.433   543   623 I InputDispatcher: Dropped event because it is stale.
12-11 09:47:23.446  2007  2249 I BugleSimStateTracker: allNewlyBuiltSimSubscriptionInfos (simId, loggableGuid): [(redacted-pii:sim_id[chars:20,last3:897], 2baf4ef8-455e-44e9-b768-f455173a52e1)]
12-11 09:47:23.450  2007  2249 I BugleSimStateTracker: Storing updatedSimSubscriptionInfos: [(redacted-pii:sim_id[chars:20,last3:897], 2baf4ef8-455e-44e9-b768-f455173a52e1)]
12-11 09:47:23.594   543   543 W Looper  : Slow dispatch took 349ms main h=com.android.server.job.JobServiceContext$JobServiceHandler c=null m=0
12-11 09:47:23.912   543   543 W Looper  : Slow dispatch took 133ms main h=com.android.server.job.JobSchedulerService$JobHandler c=null m=5
12-11 09:47:23.952   543   559 W Looper  : Slow dispatch took 3570ms android.ui h=com.android.server.am.ActivityManagerService$UiHandler c=null m=68
12-11 09:47:24.055   543   559 W Looper  : Slow delivery took 3588ms android.ui h=com.android.server.am.ActivityManagerService$UiHandler c=null m=68
12-11 09:47:24.057   543   559 W Looper  : Slow dispatch took 102ms android.ui h=com.android.server.am.ActivityManagerService$UiHandler c=null m=68
12-11 09:47:25.840   423   435 W EventThread: Faking VSYNC due to driver stall for thread app
12-11 09:47:25.842   423   435 W EventThread: VsyncSource debug info:
12-11 09:47:25.843   423   435 W EventThread: DispSyncSource: app(enabled)
12-11 09:47:28.084   543   569 E libprocessgroup: getpgid(3229) failed: Permission denied
12-11 09:47:28.098   543   543 W Looper  : Slow dispatch took 4140ms main h=android.os.Handler c=android.app.LoadedApk$ReceiverDispatcher$Args$$ExternalSyntheticLambda0@9c21d14 m=0
12-11 09:47:28.019   543   543 W ActivityManager: type=1400 audit(0.0:25): avc: denied { getpgid } for scontext=u:r:system_server:s0 tcontext=u:r:app_zygote:s0:c512,c768 tclass=process permissive=0
12-11 09:47:28.019   543   543 W ActivityManager: type=1400 audit(0.0:26): avc: denied { getpgid } for scontext=u:r:system_server:s0 tcontext=u:r:app_zygote:s0:c512,c768 tclass=process permissive=0
12-11 09:47:28.189   543  1458 W ServiceManager: Waited one second for apexservice (is service started? are binder threads started and available?)
12-11 09:47:28.208   192   192 I servicemanager: Since 'apexservice' could not be found, trying to start it as a lazy AIDL service
12-11 09:47:28.255   331   331 I Zygote  : Process 3229 exited due to signal 9 (Killed)
12-11 09:47:28.449   711   711 I Choreographer: Skipped 156 frames!  The application may be doing too much work on its main thread.
12-11 09:47:28.572  3691  3691 I Finsky:quick_launch: [2] xwb.onTrimMemory(11): Memory trim requested to level 40
12-11 09:47:28.573  1884  1884 I Finsky  : [2] xwb.onTrimMemory(11): Memory trim requested to level 15
12-11 09:47:28.616  2535  2535 I Finsky:background: [2] xwb.onTrimMemory(11): Memory trim requested to level 40
12-11 09:47:31.736   543  1458 W ServiceManager: Waited one second for apexservice (is service started? are binder threads started and available?)
12-11 09:47:31.736  1110  3513 W SQLiteConnectionPool: The connection pool for database '/data/user/0/com.google.android.gms/databases/phenotype.db' has been unable to grant a connection to thread 172 (lowpool[19]) with flags 0x2 for 33.295002 seconds.
12-11 09:47:31.736  1110  3513 W SQLiteConnectionPool: Connections: 1 active, 0 idle, 0 available.
12-11 09:47:31.736  1110  3513 W SQLiteConnectionPool: 
12-11 09:47:31.736  1110  3513 W SQLiteConnectionPool: Requests in progress:
12-11 09:47:31.736  1110  3513 W SQLiteConnectionPool:   executeForCursorWindow started 2758ms ago - running, sql="SELECT MAX(version), user FROM ExperimentTokens WHERE packageName = ? AND version <= ? AND isCommitted = 0 GROUP BY user", path=/data/user/0/com.google.android.gms/databases/phenotype.db
12-11 09:47:31.743   192   192 I servicemanager: Since 'apexservice' could not be found, trying to start it as a lazy AIDL service
12-11 09:47:31.748   543   569 I libprocessgroup: Successfully killed process cgroup uid 10115 pid 3229 in 3658ms
12-11 09:47:31.769   543   559 W Looper  : Drained
12-11 09:47:32.024  3176  3189 W JavaBinder: BinderProxy is being destroyed but the application did not call unlinkToDeath to unlink all of its death recipients beforehand.  Releasing leaked death recipient: gzps
12-11 09:47:32.026  3176  3189 I BpBinder: onLastStrongRef automatically unlinking death recipients: <uncached descriptor>
12-11 09:47:32.128   711  1564 I OpenGLRenderer: Davey! duration=5622ms; Flags=0, FrameTimelineVsyncId=7078, IntendedVsync=299458985300, Vsync=302058985196, InputEventId=0, HandleInputStart=302065818400, AnimationStart=302081521100, PerformTraversalsStart=302085092300, DrawStart=302180422100, FrameDeadline=300458985300, FrameInterval=302065211500, FrameStartTime=16666666, SyncQueued=302182124100, SyncStart=302487489300, IssueDrawCommandsStart=302488560700, SwapBuffers=302514929600, FrameCompleted=305386945900, DequeueBufferDuration=403800, QueueBufferDuration=131140800, GpuCompleted=305386945900, SwapBuffersCompleted=302754700400, DisplayPresentTime=0, 
12-11 09:47:37.559   423   435 W EventThread: Faking VSYNC due to driver stall for thread app
12-11 09:47:37.559   423   435 W EventThread: VsyncSource debug info:
12-11 09:47:37.559   423   435 W EventThread: DispSyncSource: app(enabled)
12-11 09:47:37.746   711   711 I Choreographer: Skipped 330 frames!  The application may be doing too much work on its main thread.
12-11 09:47:38.107   543  1458 W ServiceManager: Waited one second for apexservice (is service started? are binder threads started and available?)
12-11 09:47:38.168   192   192 I servicemanager: Since 'apexservice' could not be found, trying to start it as a lazy AIDL service
12-11 09:47:41.620   423   435 W EventThread: Faking VSYNC due to driver stall for thread app
12-11 09:47:41.621   423   435 W EventThread: VsyncSource debug info:
12-11 09:47:41.622   423   435 W EventThread: DispSyncSource: app(enabled)
12-11 09:47:41.627   543  1458 W ServiceManager: Waited one second for apexservice (is service started? are binder threads started and available?)
12-11 09:47:41.632  2814  3022 W android.youtub: Suspended thread state_and_flags: 430001, self_suspend_count = 0
12-11 09:47:41.633   192   192 I servicemanager: Since 'apexservice' could not be found, trying to start it as a lazy AIDL service
12-11 09:47:41.634  2814  3022 F android.youtub: thread_list.cc:872] Thread suspension timed out: 0x7a0f6e8e9818:main
12-11 09:47:42.868   543  1458 W ServiceManager: Waited one second for apexservice (is service started? are binder threads started and available?)
12-11 09:47:42.902   711  1564 I OpenGLRenderer: Davey! duration=9371ms; Flags=0, FrameTimelineVsyncId=7082, IntendedVsync=305672039810, Vsync=311172039590, InputEventId=0, HandleInputStart=311361945600, AnimationStart=311368664900, PerformTraversalsStart=311369625300, DrawStart=311370350600, FrameDeadline=305688706476, FrameInterval=311178951300, FrameStartTime=16666666, SyncQueued=311371357900, SyncStart=311796157200, IssueDrawCommandsStart=311797410500, SwapBuffers=311995960300, FrameCompleted=315468794800, DequeueBufferDuration=452500, QueueBufferDuration=104484800, GpuCompleted=315468794800, SwapBuffersCompleted=312114000200, DisplayPresentTime=0, 
12-11 09:47:42.933   543   543 W Looper  : Slow dispatch took 14833ms main h=android.app.ActivityThread$H c=android.app.LoadedApk$ReceiverDispatcher$Args$$ExternalSyntheticLambda0@d616703 m=0
12-11 09:47:42.940  1884  2048 I Finsky  : [54] mja.apply(252): SCH: Scheduling 1 system job(s)
12-11 09:47:42.957  1884  2048 I Finsky  : [54] afie.b(244): SCH: Scheduling system job Id: 9510, L: 1473464, D: 31916047, C: false, I: false, N: 1
12-11 09:47:42.974   192   192 I servicemanager: Since 'apexservice' could not be found, trying to start it as a lazy AIDL service
12-11 09:47:43.082   543   558 W Looper  : Slow dispatch took 212ms android.fg h=android.os.Handler c=com.android.server.Watchdog$HandlerChecker@76b52 m=0
12-11 09:47:43.557   543  1334 I UsageStatsService: User[0] Time changed in by 196 seconds
12-11 09:47:43.561   543  1334 I UsageStatsService: User[0] Flushing usage stats to disk
12-11 09:47:43.564   711   711 I Choreographer: Skipped 44 frames!  The application may be doing too much work on its main thread.
12-11 09:47:43.697   711  1564 I OpenGLRenderer: Davey! duration=1260ms; Flags=0, FrameTimelineVsyncId=7085, IntendedVsync=315238015100, Vsync=315238015100, InputEventId=0, HandleInputStart=315247217600, AnimationStart=315247550900, PerformTraversalsStart=315248366000, DrawStart=315248896100, FrameDeadline=316254681766, FrameInterval=315247043300, FrameStartTime=16666666, SyncQueued=315249616000, SyncStart=315305093300, IssueDrawCommandsStart=315307960900, SwapBuffers=315451698800, FrameCompleted=316553946200, DequeueBufferDuration=1079503700, QueueBufferDuration=11027600, GpuCompleted=316436391200, SwapBuffersCompleted=316553946200, DisplayPresentTime=0, 
12-11 09:47:44.011  1110  2729 W NearbyDiscovery: Runnable[stopIfNotScheduled] was delayed for 30:09.600 [CONTEXT service_id=265 ]
12-11 09:47:44.012   543   543 W Looper  : Slow dispatch took 1064ms main h=android.app.ActivityThread$H c=android.app.LoadedApk$ReceiverDispatcher$Args$$ExternalSyntheticLambda0@ff30fe m=0
12-11 09:47:44.191   543   570 W ActivityManager: Slow operation: 120ms so far, now at startProcess: returned from zygote!
12-11 09:47:44.204   543   543 W Looper  : Slow dispatch took 100ms main h=android.os.Handler c=com.android.internal.os.BinderCallsStats$1@599779b m=0
12-11 09:47:44.212   543   570 W ActivityManager: Slow operation: 141ms so far, now at startProcess: done updating battery stats
12-11 09:47:44.213   543   570 W ActivityManager: Slow operation: 142ms so far, now at startProcess: building log message
12-11 09:47:44.213   543   570 I ActivityManager: Start proc 4002:com.android.providers.calendar/u0a71 for content provider {com.android.providers.calendar/com.android.providers.calendar.CalendarProvider2}
12-11 09:47:44.214   543   570 W ActivityManager: Slow operation: 143ms so far, now at startProcess: starting to update pids map
12-11 09:47:44.225   543   570 W ActivityManager: Slow operation: 153ms so far, now at startProcess: done updating pids map
12-11 09:47:44.229   543  1458 W ServiceManager: Waited one second for apexservice (is service started? are binder threads started and available?)
12-11 09:47:44.237   192   192 I servicemanager: Since 'apexservice' could not be found, trying to start it as a lazy AIDL service
12-11 09:47:44.336   543   559 W Looper  : Slow dispatch took 135ms android.ui h=com.android.server.am.ActivityManagerService$UiHandler c=com.android.server.am.UidObserverController$$ExternalSyntheticLambda0@f459e84 m=0
12-11 09:47:44.340   543   543 W Looper  : Slow dispatch took 106ms main h=android.app.ActivityThread$H c=android.app.LoadedApk$ReceiverDispatcher$Args$$ExternalSyntheticLambda0@f725375 m=0
12-11 09:47:44.348   543   558 W Looper  : Drained
12-11 09:47:44.598   543   543 W Looper  : Slow dispatch took 246ms main h=com.android.server.notification.NotificationManagerService$WorkerHandler c=com.android.server.notification.NotificationManagerService$11$1@a995f0a m=0
12-11 09:47:44.616   390   390 E android.hardware.power.stats@1.0-service-mock: Failed to getEnergyData
12-11 09:47:44.617   711  1564 I OpenGLRenderer: Davey! duration=1347ms; Flags=0, FrameTimelineVsyncId=7089, IntendedVsync=316438706046, Vsync=317172039350, InputEventId=0, HandleInputStart=317184088800, AnimationStart=317184821000, PerformTraversalsStart=317186179800, DrawStart=317611717200, FrameDeadline=316455372712, FrameInterval=317178316700, FrameStartTime=16666666, SyncQueued=317612537800, SyncStart=317633573800, IssueDrawCommandsStart=317636277300, SwapBuffers=317643838000, FrameCompleted=317807110600, DequeueBufferDuration=424000, QueueBufferDuration=20598000, GpuCompleted=317807110600, SwapBuffersCompleted=317671034500, DisplayPresentTime=0, 
12-11 09:47:44.721   543  3962 I ActivityManager: Dumping to /data/anr/anr_2024-12-11-09-47-44-059
12-11 09:47:44.773   543  3962 I ActivityManager: Collecting stacks for pid 3877
12-11 09:47:45.000   543  3962 I system_server: libdebuggerd_client: started dumping process 3877
12-11 09:47:45.022  2007  3977 I BugleDataModel: ParticipantFullRefresh: Start participant refresh. refreshMode: SELF_ONLY
12-11 09:47:45.044  3176  3188 W searchbox:trai: Suspending all threads took: 7.501s
12-11 09:47:45.140  1884  4005 I Finsky  : [142] afjz.a(24): SCH: job service finished with id 9507.
12-11 09:47:46.135   543  1458 W ServiceManager: Waited one second for apexservice (is service started? are binder threads started and available?)
12-11 09:47:46.140   192   192 I servicemanager: Since 'apexservice' could not be found, trying to start it as a lazy AIDL service
12-11 09:47:46.238   240   240 I tombstoned: registered intercept for pid 3877 and type kDebuggerdJavaBacktrace
12-11 09:47:46.407  4002  4002 W viders.calenda: Unexpected CPU variant for X86 using defaults: x86_64
12-11 09:47:46.519  3877  3882 I oid.apps.photo: Thread[6,tid=3882,WaitingInMainSignalCatcherLoop,Thread*=0x7a11518ffb20,peer=0x12cc0410,"Signal Catcher"]: reacting to signal 3
12-11 09:47:46.521  3877  3882 I oid.apps.photo: 
12-11 09:47:46.553  4002  4002 E viders.calenda: Not starting debugger since process cannot load the jdwp agent.
12-11 09:47:46.678  2007  2249 I WM-WorkerWrapper: Worker result SUCCESS for Work [ id=efb5584f-48df-4f1f-bebe-fad80156868e, tags={ com.google.android.apps.messaging.shared.datamodel.workqueue.WorkQueueWorkerShim,sim_state_update_queue-WORK_TYPE_UPDATE_PHONE_SIMS_STATE } ]
12-11 09:47:46.684  1110  2729 I NearbyDiscovery: FastPair: isDestroyable: Scanner is alive. [CONTEXT service_id=265 ]
12-11 09:47:46.685  1110  2729 I NearbyDiscovery: DiscoveryService: Skip stopSelf(), fast pair controller is not destroyable. [CONTEXT service_id=265 ]
12-11 09:47:46.809   543  1311 W ActivityManager: Slow operation: 105ms so far, now at attachApplicationLocked: immediately after bindApplication
12-11 09:47:46.812   543  1311 W ActivityManager: Slow operation: 109ms so far, now at attachApplicationLocked: after updateLruProcessLocked
12-11 09:47:46.832   543  1311 W ActivityManager: Slow operation: 128ms so far, now at attachApplicationLocked: after mServices.attachApplicationLocked
12-11 09:47:47.026   543  1311 W ActivityManager: Slow operation: 322ms so far, now at attachApplicationLocked: after updateOomAdjLocked
12-11 09:47:47.034   543   543 W Looper  : Slow dispatch took 151ms main h=com.android.server.job.JobSchedulerService$JobHandler c=null m=6
12-11 09:47:47.264   543  1458 W ServiceManager: Waited one second for apexservice (is service started? are binder threads started and available?)
12-11 09:47:47.279   192   192 I servicemanager: Since 'apexservice' could not be found, trying to start it as a lazy AIDL service
12-11 09:47:47.663  3877  3882 W oid.apps.photo: Suspending all threads took: 1.032s
12-11 09:47:48.529  2007  3977 I BugleDataModel: SubscriptionsTracker#refreshSelfParticipantList([1])
