12-11 09:47:48.907   543  1458 W ServiceManager: Waited one second for apexservice (is service started? are binder threads started and available?)
12-11 09:47:48.909   192   192 I servicemanager: Since 'apexservice' could not be found, trying to start it as a lazy AIDL service
12-11 09:47:49.160  2007  2723 I BugleRcsEngine: Handling SIM_LOADED in PhoneSimsStateUpdater. [CONTEXT log_prefix="(Sim)" thread_id=65 ]
12-11 09:47:49.315   543   543 W Looper  : Drained
12-11 09:47:49.316   543   543 W Looper  : Slow dispatch took 202ms main h=android.os.Handler c=com.android.internal.os.BinderCallsStats$1@599779b m=0
12-11 09:47:49.317  1110  4001 E WakeLock: GCM_HB_ALARM release without a matched acquire!
12-11 09:47:49.317  1110  4001 W WakeLock: GCM_HB_ALARM counter does not exist
12-11 09:47:49.442  4002  4015 I viders.calenda: Background young concurrent copying GC freed 2736(172KB) AllocSpace objects, 0(0B) LOS objects, 92% free, 1851KB/25MB, paused 8.538ms,1.160ms total 1.149s
12-11 09:47:49.769  1110  4001 I AlarmManager: setExactAndAllowWhileIdle [name: GCM_CONN_ALARM type: 2 triggerAtMillis: 330990]
12-11 09:47:49.865  1110  4001 E WakeLock: GCM_CONN_ALARM release without a matched acquire!
12-11 09:47:49.867  1110  4001 W WakeLock: GCM_CONN_ALARM counter does not exist
12-11 09:47:55.437   543   543 W Looper  : Slow delivery took 1287ms main h=android.os.Handler c=com.android.internal.os.BinderCallsStats$1@599779b m=0
12-11 09:47:55.486   543  1458 W ServiceManager: Waited one second for apexservice (is service started? are binder threads started and available?)
12-11 09:47:55.488   192   192 I servicemanager: Since 'apexservice' could not be found, trying to start it as a lazy AIDL service
12-11 09:47:56.709   543   543 W Looper  : Drained
12-11 09:48:01.301   423   435 W EventThread: Faking VSYNC due to driver stall for thread app
12-11 09:48:01.302   423   435 W EventThread: VsyncSource debug info:
12-11 09:48:01.302   423   435 W EventThread: DispSyncSource: app(enabled)
12-11 09:48:01.879   711   711 I Choreographer: Skipped 310 frames!  The application may be doing too much work on its main thread.
12-11 09:48:01.916   543   569 W ActivityManager: Unable to launch app com.android.providers.calendar/10071 for provider com.android.calendar: launching app became null
12-11 09:48:01.923  1237  1792 I bake    : (REDACTED) getHotwordActive::active query: %s, watch: %s, devices connected: %s
12-11 09:48:01.925   240   240 I tombstoned: intercept for pid 3877 and type kDebuggerdJavaBacktrace terminated: due to timeout
12-11 09:48:01.978  1110  3513 W SQLiteConnectionPool: The connection pool for database '/data/user/0/com.google.android.gms/databases/phenotype.db' has been unable to grant a connection to thread 172 (lowpool[19]) with flags 0x2 for 63.540005 seconds.
12-11 09:48:01.978  1110  3513 W SQLiteConnectionPool: Connections: 1 active, 0 idle, 0 available.
12-11 09:48:01.978  1110  3513 W SQLiteConnectionPool: 
12-11 09:48:01.978  1110  3513 W SQLiteConnectionPool: Requests in progress:
12-11 09:48:01.978  1110  3513 W SQLiteConnectionPool:   executeForCursorWindow started 6478ms ago - running, sql="SELECT MAX(version), user FROM ExperimentTokens WHERE packageName = ? AND version <= ? AND isCommitted = 0 GROUP BY user", path=/data/user/0/com.google.android.gms/databases/phenotype.db
12-11 09:48:02.105   543  3962 E system_server: libdebuggerd_client: failed to read status response from tombstoned: timeout reached?
12-11 09:48:02.110   543  1458 W ServiceManager: Waited one second for apexservice (is service started? are binder threads started and available?)
12-11 09:48:02.114   192   192 I servicemanager: Since 'apexservice' could not be found, trying to start it as a lazy AIDL service
12-11 09:48:02.114   543   543 W Looper  : Slow delivery took 1654ms main h=android.os.Handler c=com.android.internal.os.BinderCallsStats$1@599779b m=0
12-11 09:48:02.125   543   653 E ActivityThread: Failed to find provider info for com.android.calendar
12-11 09:48:02.135   543   569 I ActivityManager: Killing 4002:com.android.providers.calendar/u0a71 (adj 0): timeout publishing content providers
12-11 09:48:02.265   543   543 W Looper  : Slow dispatch took 148ms main h=com.android.server.alarm.AlarmManagerService$AlarmHandler c=com.android.server.alarm.AlarmManagerService$3$$ExternalSyntheticLambda0@b7a16f3 m=0
12-11 09:48:02.273   543   653 W ActivityManager: ProcessRecord{9705f 0:com.android.providers.calendar/u0a71} is attached to a previous process 4002
12-11 09:48:02.343   543   653 W ActivityManager: Slow operation: 70ms so far, now at startProcess: done starting proc!
12-11 09:48:02.344   543   653 W ContentProviderHelper: Slow operation: 75ms so far, now at getContentProviderImpl: after start process
12-11 09:48:02.344   543   653 W ContentProviderHelper: Slow operation: 75ms so far, now at getContentProviderImpl: updating data structures
12-11 09:48:02.345   543   653 W ContentProviderHelper: Slow operation: 77ms so far, now at getContentProviderImpl: done!
12-11 09:48:02.388   331   331 I Zygote  : Process 4002 exited due to signal 9 (Killed)
12-11 09:48:02.441   543   543 W Looper  : Drained
12-11 09:48:02.539   543   571 I libprocessgroup: Successfully killed process cgroup uid 10071 pid 4002 in 397ms
12-11 09:48:02.554   543   570 W ActivityManager: Slow operation: 262ms so far, now at startProcess: asking zygote to start proc
12-11 09:48:02.635   543   570 W ActivityManager: Slow operation: 343ms so far, now at startProcess: returned from zygote!
12-11 09:48:02.647   543   570 W ActivityManager: Slow operation: 355ms so far, now at startProcess: done updating battery stats
12-11 09:48:02.651   543   570 W ActivityManager: Slow operation: 359ms so far, now at startProcess: building log message
12-11 09:48:02.654   543   570 I ActivityManager: Start proc 4041:com.android.providers.calendar/u0a71 for content provider {com.android.providers.calendar/com.android.providers.calendar.CalendarProvider2}
12-11 09:48:02.656   543   570 W ActivityManager: Slow operation: 364ms so far, now at startProcess: starting to update pids map
12-11 09:48:02.659   543   570 W ActivityManager: Slow operation: 367ms so far, now at startProcess: done updating pids map
12-11 09:48:02.688  4041  4041 W viders.calenda: Unexpected CPU variant for X86 using defaults: x86_64
12-11 09:48:02.777  4041  4041 E viders.calenda: Not starting debugger since process cannot load the jdwp agent.
12-11 09:48:03.379   543  1311 W ActivityManager: Slow operation: 358ms so far, now at attachApplicationLocked: after updateOomAdjLocked
12-11 09:48:03.431   543   559 W Looper  : Slow dispatch took 345ms android.ui h=com.android.server.am.ActivityManagerService$UiHandler c=com.android.server.am.UidObserverController$$ExternalSyntheticLambda0@f459e84 m=0
12-11 09:48:03.523   543  1458 W ServiceManager: Waited one second for apexservice (is service started? are binder threads started and available?)
12-11 09:48:03.523   423   435 W EventThread: Faking VSYNC due to driver stall for thread app
12-11 09:48:03.524   423   435 W EventThread: VsyncSource debug info:
12-11 09:48:03.524   423   435 W EventThread: DispSyncSource: app(enabled)
12-11 09:48:03.537   192   192 I servicemanager: Since 'apexservice' could not be found, trying to start it as a lazy AIDL service
12-11 09:48:03.847   711  1329 I OpenGLRenderer: Davey! duration=5826ms; Flags=0, FrameTimelineVsyncId=7097, IntendedVsync=330322038824, Vsync=335488705284, InputEventId=0, HandleInputStart=335497257700, AnimationStart=335497607000, PerformTraversalsStart=335498939300, DrawStart=335499569000, FrameDeadline=330338705490, FrameInterval=335495246800, FrameStartTime=16666666, SyncQueued=335501194900, SyncStart=335520422200, IssueDrawCommandsStart=335520925200, SwapBuffers=335530395900, FrameCompleted=336167678100, DequeueBufferDuration=552200, QueueBufferDuration=30719100, GpuCompleted=336167678100, SwapBuffersCompleted=335610888500, DisplayPresentTime=0, 
12-11 09:48:05.413   423   435 W EventThread: Faking VSYNC due to driver stall for thread app
12-11 09:48:05.413   423   435 W EventThread: VsyncSource debug info:
12-11 09:48:05.414   423   435 W EventThread: DispSyncSource: app(enabled)
12-11 09:48:05.487   711   711 I Choreographer: Skipped 89 frames!  The application may be doing too much work on its main thread.
12-11 09:48:05.553   543  1458 W ServiceManager: Waited one second for apexservice (is service started? are binder threads started and available?)
12-11 09:48:05.574   192   192 I servicemanager: Since 'apexservice' could not be found, trying to start it as a lazy AIDL service
12-11 09:48:05.621   711  1329 I OpenGLRenderer: Davey! duration=1977ms; Flags=0, FrameTimelineVsyncId=7100, IntendedVsync=337141028700, Vsync=337207695364, InputEventId=0, HandleInputStart=337216957100, AnimationStart=337237499500, PerformTraversalsStart=337238216600, DrawStart=337489651600, FrameDeadline=338141028700, FrameInterval=337216315400, FrameStartTime=16666666, SyncQueued=337494063500, SyncStart=337499576300, IssueDrawCommandsStart=337499944100, SwapBuffers=337591983100, FrameCompleted=339123882000, DequeueBufferDuration=445300, QueueBufferDuration=32545700, GpuCompleted=339123882000, SwapBuffersCompleted=337636407500, DisplayPresentTime=0, 
12-11 09:48:06.416   792   792 W DnsResolver: resNetworkResult:android.system.ErrnoException: resNetworkResult failed: ETIMEDOUT (Connection timed out)
12-11 09:48:06.504   543  3962 W ActivityManager: Dumping Java threads failed, initiating native stack dump.
12-11 09:48:06.555   543  3962 I system_server: libdebuggerd_client: started dumping process 3877
12-11 09:48:06.586   240   240 I tombstoned: registered intercept for pid 3877 and type kDebuggerdNativeBacktrace
12-11 09:48:06.763   543  1458 W ServiceManager: Waited one second for apexservice (is service started? are binder threads started and available?)
12-11 09:48:06.803   192   192 I servicemanager: Since 'apexservice' could not be found, trying to start it as a lazy AIDL service
12-11 09:48:06.979  3877  3877 I libc    : Requested dump for tid 3877 (oid.apps.photos)
12-11 09:48:07.227  4041  4041 I viders.calenda: Waiting for a blocking GC ClassLinker
12-11 09:48:07.237   543  1334 I UsageStatsDatabase: Time changed by +3m16s954ms. files deleted: 0 files moved: 9
12-11 09:48:07.299   792   792 W DnsResolver: resNetworkResult:android.system.ErrnoException: resNetworkResult failed: ETIMEDOUT (Connection timed out)
12-11 09:48:07.952   543  1458 W ServiceManager: Waited one second for apexservice (is service started? are binder threads started and available?)
12-11 09:48:07.967   192   192 I servicemanager: Since 'apexservice' could not be found, trying to start it as a lazy AIDL service
12-11 09:48:08.147   543  1334 I UsageStatsService: User[0] Rollover scheduled @ 2024-12-11 11:53:47(1733898227984)
12-11 09:48:08.176  4041  4050 I viders.calenda: Background young concurrent copying GC freed 2986(193KB) AllocSpace objects, 0(0B) LOS objects, 92% free, 1863KB/25MB, paused 1.389s,1.947ms total 2.432s
12-11 09:48:08.183   543   568 I UsageStatsService: Time changed in by 196 seconds
12-11 09:48:08.266   543   568 W Looper  : Slow dispatch took 24203ms android.bg h=com.android.server.usage.UsageStatsService$H c=null m=0
12-11 09:48:08.290  4041  4041 I viders.calenda: WaitForGcToComplete blocked ClassLinker on Background for 1.020s
12-11 09:48:08.576   543  3962 E system_server: libdebuggerd_client: failed to read status response from tombstoned: Try again
12-11 09:48:08.578   240   240 I tombstoned: intercept for pid 3877 and type kDebuggerdNativeBacktrace terminated: due to input
12-11 09:48:08.707   543  3962 W ActivityManager: Native stack dump failed!
12-11 09:48:08.708   543  3962 E ActivityManager: Aborting stack trace dump (current firstPid=3877); deadline exceeded.
12-11 09:48:08.973   543  1864 W ContentProviderHelper: Slow operation: 142ms so far, now at getContentProviderImpl: before updateOomAdj
12-11 09:48:08.981   543  1864 W ContentProviderHelper: Slow operation: 151ms so far, now at getContentProviderImpl: after updateOomAdj
12-11 09:48:08.982   543  1864 W ContentProviderHelper: Slow operation: 151ms so far, now at getContentProviderImpl: done!
12-11 09:48:09.066   543  1458 W ServiceManager: Waited one second for apexservice (is service started? are binder threads started and available?)
12-11 09:48:09.068   192   192 I servicemanager: Since 'apexservice' could not be found, trying to start it as a lazy AIDL service
12-11 09:48:09.704   192   192 I BpBinder: onLastStrongRef automatically unlinking death recipients: <uncached descriptor>
12-11 09:48:09.819   192   192 I servicemanager: Tried to unregister apexservice, but there is about to be a client.
12-11 09:48:10.263   543  1458 W FastPrintWriter: Write failure
12-11 09:48:10.263   543  1458 W FastPrintWriter: java.io.IOException: write failed: EPIPE (Broken pipe)
12-11 09:48:10.263   543  1458 W FastPrintWriter: 	at libcore.io.IoBridge.write(IoBridge.java:654)
12-11 09:48:10.263   543  1458 W FastPrintWriter: 	at java.io.FileOutputStream.write(FileOutputStream.java:401)
12-11 09:48:10.263   543  1458 W FastPrintWriter: 	at com.android.internal.util.FastPrintWriter.flushBytesLocked(FastPrintWriter.java:354)
12-11 09:48:10.263   543  1458 W FastPrintWriter: 	at com.android.internal.util.FastPrintWriter.flushLocked(FastPrintWriter.java:377)
12-11 09:48:10.263   543  1458 W FastPrintWriter: 	at com.android.internal.util.FastPrintWriter.flush(FastPrintWriter.java:412)
12-11 09:48:10.263   543  1458 W FastPrintWriter: 	at android.os.Binder.dump(Binder.java:879)
12-11 09:48:10.263   543  1458 W FastPrintWriter: 	at android.os.Binder.onTransact(Binder.java:813)
12-11 09:48:10.263   543  1458 W FastPrintWriter: 	at android.content.pm.IPackageManager$Stub.onTransact(IPackageManager.java:4818)
12-11 09:48:10.263   543  1458 W FastPrintWriter: 	at com.android.server.pm.PackageManagerService.onTransact(PackageManagerService.java:8506)
12-11 09:48:10.263   543  1458 W FastPrintWriter: 	at android.os.Binder.execTransactInternal(Binder.java:1184)
12-11 09:48:10.263   543  1458 W FastPrintWriter: 	at android.os.Binder.execTransact(Binder.java:1143)
12-11 09:48:10.263   543  1458 W FastPrintWriter: Caused by: android.system.ErrnoException: write failed: EPIPE (Broken pipe)
12-11 09:48:10.263   543  1458 W FastPrintWriter: 	at libcore.io.Linux.writeBytes(Native Method)
12-11 09:48:10.263   543  1458 W FastPrintWriter: 	at libcore.io.Linux.write(Linux.java:296)
12-11 09:48:10.263   543  1458 W FastPrintWriter: 	at libcore.io.ForwardingOs.write(ForwardingOs.java:951)
12-11 09:48:10.263   543  1458 W FastPrintWriter: 	at libcore.io.BlockGuardOs.write(BlockGuardOs.java:447)
12-11 09:48:10.263   543  1458 W FastPrintWriter: 	at libcore.io.IoBridge.write(IoBridge.java:649)
12-11 09:48:10.263   543  1458 W FastPrintWriter: 	... 10 more
12-11 09:48:11.071   543  3962 E ActivityManager: ANR in com.google.android.apps.photos
12-11 09:48:11.071   543  3962 E ActivityManager: PID: 3877
12-11 09:48:11.071   543  3962 E ActivityManager: Reason: executing service com.google.android.apps.photos/.dbprocessor.impl.DatabaseProcessorJobService
12-11 09:48:11.071   543  3962 E ActivityManager: Frozen: false
12-11 09:48:11.071   543  3962 E ActivityManager: Load: 0.0 / 0.0 / 0.0
12-11 09:48:11.071   543  3962 E ActivityManager: ----- Output from /proc/pressure/memory -----
12-11 09:48:11.071   543  3962 E ActivityManager: some avg10=45.42 avg60=31.73 avg300=17.93 total=75631942
12-11 09:48:11.071   543  3962 E ActivityManager: full avg10=27.10 avg60=18.50 avg300=6.87 total=25380140
12-11 09:48:11.071   543  3962 E ActivityManager: ----- End output from /proc/pressure/memory -----
12-11 09:48:11.071   543  3962 E ActivityManager: 
12-11 09:48:11.071   543  3962 E ActivityManager: CPU usage from 1ms to 77306ms later (2024-12-11 09:43:35.098 to 2024-12-11 09:48:08.741) with 99% awake:
12-11 09:48:11.071   543  3962 E ActivityManager:   36% 543/system_server: 6% user + 30% kernel / faults: 1518 minor 148 major
12-11 09:48:11.071   543  3962 E ActivityManager:   11% 2007/com.google.android.apps.messaging: 1.8% user + 9.1% kernel / faults: 533 minor 414 major
12-11 09:48:11.071   543  3962 E ActivityManager:   10% 3877/com.google.android.apps.photos: 1.8% user + 8.1% kernel / faults: 2342 minor 126 major
12-11 09:48:11.071   543  3962 E ActivityManager:   8.4% 792/com.android.networkstack.process: 1.4% user + 7% kernel / faults: 203 minor 45 major
12-11 09:48:11.071   543  3962 E ActivityManager:   6.7% 1110/com.google.android.gms.persistent: 0.8% user + 5.8% kernel / faults: 151 minor 58 major
12-11 09:48:11.071   543  3962 E ActivityManager:   6.4% 3934/apexd: 0% user + 6.4% kernel / faults: 422 minor 1 major
12-11 09:48:11.071   543  3962 E ActivityManager:   5% 3629/io.github.ylimit.droidbotapp: 1.9% user + 3% kernel / faults: 1715 minor 6 major
12-11 09:48:11.071   543  3962 E ActivityManager:   4.3% 428/adbd: 0.3% user + 4% kernel / faults: 518 minor
12-11 09:48:11.071   543  3962 E ActivityManager:   4.1% 9/kworker/u8:1-kverityd: 0% user + 4.1% kernel
12-11 09:48:11.071   543  3962 E ActivityManager:   4% 1/init: 0% user + 4% kernel
12-11 09:48:11.071   543  3962 E ActivityManager:   3.5% 711/com.android.systemui: 0.7% user + 2.8% kernel / faults: 537 minor 27 major
12-11 09:48:11.071   543  3962 E ActivityManager:   3.4% 972/com.google.android.apps.nexuslauncher: 0.9% user + 2.5% kernel / faults: 839 minor 409 major
12-11 09:48:11.071   543  3962 E ActivityManager:   3.2% 161/kworker/u8:3-kverityd: 0% user + 3.2% kernel
12-11 09:48:11.071   543  3962 E ActivityManager:   3.2% 224/kworker/u9:1-blk_crypto_wq: 0% user + 3.2% kernel
12-11 09:48:11.071   543  3962 E ActivityManager:   3% 2814/com.google.android.youtube: 0.7% user + 2.2% kernel / faults: 1347 minor 140 major
12-11 09:48:11.071   543  3962 E ActivityManager:   2.7% 189/logd: 0.1% user + 2.5% kernel / faults: 16 minor 3 major
12-11 09:48:11.071   543  3962 E ActivityManager:   2.6% 2745/com.android.phone: 0.4% user + 2.2% kernel / faults: 154 minor 97 major
12-11 09:48:11.071   543  3962 E ActivityManager:   0.7% 199/kworker/0:2-virtio_vsock: 0% user + 0.7% kernel
12-11 09:48:11.071   543  3962 E ActivityManager:   2.4% 393/android.hardware.sensors@2.1-service.multihal: 0% user + 2.4% kernel
12-11 09:48:11.071   543  3962 E ActivityManager:   2.1% 3176/com.google.android.googlequicksearchbox:train: 0.1% user + 2% kernel / faults: 770 minor 288 major
12-11 09:48:11.071   543  3962 E ActivityManager:   2.2% 192/servicemanager: 0.3% user + 1.8% kernel / faults: 87 minor
12-11 09:48:11.071   543  3962 E ActivityManager:   0.6% 417/android.hardware.vibrator-service.example: 0.1% user + 0.5% kernel / faults: 35 minor 77 major
12-11 09:48:11.071   543  3962 E ActivityManager:   2.1% 3433/kworker/u8:5-kverityd: 0% user + 2.1% kernel
12-11 09:48:11.071   543  3962 E ActivityManager:   1.9% 1884/com.android.vending: 0.3% user + 1.5% kernel / faults: 160 minor 12 major
12-11 09:48:11.071   543  3962 E ActivityManager:   1.7% 2535/com.android.vending:background: 0.2% user + 1.4% kernel / faults: 1866 minor 1724 major
12-11 09:48:11.071   543  3962 E ActivityManager:   1.6% 1520/com.google.android.gms: 0.2% user + 1.3% kernel / faults: 72 minor 34 major
12-11 09:48:11.071   543  3962 E ActivityManager:   1.5% 423/surfaceflinger: 0% user + 1.4% kernel / faults: 4 minor 10 major
12-11 09:48:11.071   543  3962 E ActivityManager:   1.4% 23/ksoftirqd/2: 0% user + 1.4% kernel
12-11 09:48:11.071   543  3962 E ActivityManager:   1.1% 230/jbd2/dm-5-8: 0% user + 1.1% kernel
12-11 09:48:11.071   543  3962 E ActivityManager:   1.1% 329/statsd: 0% user + 1.1% kernel / faults: 7 minor
12-11 09:48:11.071   543  3962 E ActivityManager:   1% 44/kworker/2:1-cgroup_destroy: 0% user + 1% kernel
12-11 09:48:11.071   543  3962 E ActivityManager:   1% 5/kworker/0:0-events: 0% user + 1% kernel
12-11 09:48:11.071   543  3962 E ActivityManager:   1% 330/netd: 0% user + 0.9% kernel / faults: 55 minor 6 major
12-11 09:48:11.071   543  3962 E ActivityManager:   0.8% 18/ksoftirqd/1: 0% user + 0.8% kernel
12-11 09:48:11.071   543  3962 E ActivityManager:   0.8% 162/kworker/u8:4-kverityd: 0% user + 0.8% kernel
12-11 09:48:11.071   543  3962 E ActivityManager:   0.9% 3485/kworker/u8:6-kverityd: 0% user + 0.9% kernel
12-11 09:48:11.071   543  3962 E ActivityManager:   0.8% 1407/com.google.android.googlequicksearchbox:search: 0% user + 0.7% kernel / faults: 89 minor 121 major
12-11 09:48:11.071   543  3962 E ActivityManager:   0.9% 3800/logcat: 0% user + 0.9% kernel / faults: 1 minor
12-11 09:48:11.071   543  3962 E ActivityManager:   0.8% 12/ksoftirqd/0: 0% user + 0.8% kernel
12-11 09:48:11.071   543  3962 E ActivityManager:   0.8% 355/android.hardware.graphics.composer@2.3-service: 0% user + 0.7% kernel / faults: 1 minor
12-11 09:48:11.071   543  3962 E ActivityManager:   0.7% 483/wificond: 0.1% user + 0.5% kernel
12-11 09:48:11.071   543  3962 E ActivityManager:   0.6% 225/kworker/u9:2-blk_crypto_wq: 0% user + 0.6% kernel
12-11 09:48:11.071   543  3962 E ActivityManager:   0.5% 7/kworker/u8:0-kverityd: 0% user + 0.5% kernel
12-11 09:48:11.071   543  3962 E ActivityManager:   0.5% 13/rcu_preempt: 0% user + 0.5% kernel
12-11 09:48:11.071   543  3962 E ActivityManager:   0.5% 1237/com.google.android.googlequicksearchbox:interactor: 0% user + 0.4% kernel / faults: 58 minor 109 major
12-11 09:48:11.071   543  3962 E ActivityManager:   0.5% 104/kworker/u9:0-blk_crypto_wq: 0% user + 0.5% kernel
12-11 09:48:11.071   543  3962 E ActivityManager:   0.5% 28/ksoftirqd/3: 0% user + 0.5% kernel
12-11 09:48:11.071   543  3962 E ActivityManager:   0.5% 190/lmkd: 0% user + 0.4% kernel
12-11 09:48:11.072   543  3962 E ActivityManager:   0.1% 352/android.hardware.graphics.allocator@3.0-service: 0% user + 0.1% kernel / faults: 10 minor 181 major
12-11 09:48:11.072   543  3962 E ActivityManager:   0.4% 131/kworker/3:2-mm_percpu_wq: 0% user + 0.4% kernel
12-11 09:48:11.072   543  3962 E ActivityManager:   0.4% 1415/com.google.android.setupwizard: 0% user + 0.3% kernel / faults: 27 minor 63 major
12-11 09:48:11.072   543  3962 E ActivityManager:   0.4% 1009/com.google.android.apps.wellbeing: 0% user + 0.4% kernel / faults: 31 minor 31 major
12-11 09:48:11.072   543  3962 E ActivityManager:   0.4% 103/kswapd0: 0% user + 0.4% kernel
12-11 09:48:11.072   543  3962 E ActivityManager:   0.3% 278/loop19: 0% user + 0.3% kernel
12-11 09:48:11.072   543  3962 E ActivityManager:   0.3% 282/loop21: 0% user + 0.3% kernel
12-11 09:48:11.072   543  3962 E ActivityManager:   0.3% 229/kworker/u9:3-hci0: 0% user + 0.3% kernel
12-11 09:48:11.072   543  3962 E ActivityManager:   0.3% 252/loop6: 0% user + 0.3% kernel
12-11 09:48:11.072   543  3962 E ActivityManager:   0.2% 283/loop22: 0% user + 0.2% kernel
12-11 09:48:11.072   543  3962 E ActivityManager:   0.2% 331/zygote64: 0% user + 0.2% kernel / faults: 94 minor
12-11 09:48:11.072   543  3962 E ActivityManager:   0.2% 400/android.hardware.wifi@1.0-service: 0% user + 0.2% kernel / faults: 1 major
12-11 09:48:11.072   543  3962 E ActivityManager:   0.2% 419/audioserver: 0% user + 0.2% kernel
12-11 09:48:11.072   543  3962 E ActivityManager:   0.2% 465/cameraserver: 0% user + 0.2% kernel / faults: 1 minor 4 major
12-11 09:48:11.072   543  3962 E ActivityManager:   0.2% 3306/android.process.media: 0% user + 0.1% kernel / faults: 10 minor 5 major
12-11 09:48:11.072   543  3962 E ActivityManager:   0.1% 88/kworker/1:1-events: 0% user + 0.1% kernel
12-11 09:48:11.072   543  3962 E ActivityManager:   0.1% 191/psimon: 0% user + 0.1% kernel
12-11 09:48:11.072   543  3962 E ActivityManager:   0.1% 805/com.google.android.permissioncontroller: 0% user + 0.1% kernel / faults: 13 minor 3 major
12-11 09:48:11.072   543  3962 E ActivityManager:   0.1% 3691/com.android.vending:quick_launch: 0% user + 0.1% kernel / faults: 22 minor 3 major
12-11 09:48:11.072   543  3962 E ActivityManager:   0.1% 146/kworker/2:1H-kblockd: 0% user + 0.1% kernel
12-11 09:48:11.072   543  3962 E ActivityManager:   0.1% 1271/com.google.android.apps.messaging:rcs: 0% user + 0.1% kernel / faults: 112 minor 165 major
12-11 09:48:11.072   543  3962 E ActivityManager:   0% 762/android.hardware.gnss@2.0-service.ranchu: 0% user + 0% kernel
12-11 09:48:11.072   543  3962 E ActivityManager:   0% 39/khugepaged: 0% user + 0% kernel
12-11 09:48:11.072   543  3962 E ActivityManager:   0% 356/android.hardware.health@2.1-service: 0% user + 0% kernel / faults: 2 minor 16 major
12-11 09:48:11.072   543  3962 E ActivityManager:   0% 484/libgoldfish-rild: 0% user + 0% kernel
12-11 09:48:11.072   543  3962 E ActivityManager:   0% 691/wpa_supplicant: 0% user + 0% kernel
12-11 09:48:11.072   543  3962 E ActivityManager:   0% 3284/com.google.android.settings.intelligence: 0% user + 0% kernel / faults: 10 minor 12 major
12-11 09:48:11.072   543  3962 E ActivityManager:   0% 129/kworker/1:1H-kblockd: 0% user + 0% kernel
12-11 09:48:11.072   543  3962 E ActivityManager:   0% 89/kworker/3:1H-kblockd: 0% user + 0% kernel
12-11 09:48:11.072   543  3962 E ActivityManager:   0% 480/storaged: 0% user + 0% kernel / faults: 1 minor 8 major
12-11 09:48:11.072   543  3962 E ActivityManager:   0% 1684/kworker/u9:4-fscrypt_read_queue: 0% user + 0% kernel
12-11 09:48:11.072   543  3962 E ActivityManager:   0% 38/kcompactd0: 0% user + 0% kernel
12-11 09:48:11.072   543  3962 E ActivityManager:   0% 196/hwservicemanager: 0% user + 0% kernel
12-11 09:48:11.072   543  3962 E ActivityManager:   0% 240/tombstoned: 0% user + 0% kernel / faults: 11 minor 46 major
12-11 09:48:11.072   543  3962 E ActivityManager:   0% 490/android.hardware.biometrics.fingerprint@2.1-service: 0% user + 0% kernel
12-11 09:48:11.072   543  3962 E ActivityManager:   0% 922/com.google.android.ext.services: 0% user + 0% kernel / faults: 20 minor 42 major
12-11 09:48:11.072   543  3962 E ActivityManager:   0% 2663/com.google.android.inputmethod.latin: 0% user + 0% kernel / faults: 28 minor 50 major
12-11 09:48:11.072   543  3962 E ActivityManager:   0% 110/kworker/0:1H-kblockd: 0% user + 0% kernel
12-11 09:48:11.072   543  3962 E ActivityManager:   0% 169/ueventd: 0% user + 0% kernel / faults: 66 minor 182 major
12-11 09:48:11.072   543  3962 E ActivityManager:   0% 198/qemu-props: 0% user + 0% kernel
12-11 09:48:11.072   543  3962 E ActivityManager:   0% 321/dhcpclient: 0% user + 0% kernel
12-11 09:48:11.072   543  3962 E ActivityManager:   0% 461/mdnsd: 0% user + 0% kernel
12-11 09:48:11.072   543  3962 E ActivityManager:   0% 697/com.android.bluetooth: 0% user + 0% kernel / faults: 14 minor 31 major
12-11 09:48:11.072   543  3962 E ActivityManager:   0% 1252/android.process.acore: 0% user + 0% kernel / faults: 8 minor 2 major
12-11 09:48:11.072   543  3962 E ActivityManager:   0% 1639/com.google.process.gservices: 0% user + 0% kernel / faults: 12 minor 14 major
12-11 09:48:11.072   543  3962 E ActivityManager:   0% 1732/com.google.android.cellbroadcastreceiver: 0% user + 0% kernel / faults: 12 minor 6 major
12-11 09:48:11.072   543  3962 E ActivityManager:   0% 3496/com.android.imsserviceentitlement: 0% user + 0% kernel / faults: 10 minor
12-11 09:48:11.072   543  3962 E ActivityManager:  +0% 4041/com.android.providers.calendar: 0% user + 0% kernel
12-11 09:48:11.072   543  3962 E ActivityManager:  +0% 4064/crash_dump64: 0% user + 0% kernel
12-11 09:48:11.072   543  3962 E ActivityManager: 94% TOTAL: 0.5% user + 6.1% kernel + 87% iowait + 0.9% softirq
12-11 09:48:11.072   543  3962 E ActivityManager: CPU usage from 265018ms to 265018ms ago (1970-01-01 05:30:00.000 to 1970-01-01 05:30:00.000) with 0% awake:
12-11 09:48:11.072   543  3962 E ActivityManager: 0% TOTAL: 0% user + 0% kernel
12-11 09:48:11.214   543  3962 I ActivityManager: Killing 3877:com.google.android.apps.photos/u0a126 (adj 0): bg anr
12-11 09:48:11.246   543  3962 I ActivityManager: dumpStackTraces pids=null nativepids=null
12-11 09:48:11.258   543  3962 I ActivityManager: Dumping to /data/anr/anr_2024-12-11-09-48-11-250
12-11 09:48:11.258  2007  3977 I Bugle   : SubscriptionUtils.getCanonicalForSelf: self=redacted-pii[12-chars], country=US [CONTEXT sub_id=1 ]
12-11 09:48:11.259   543  3962 I ActivityManager: Collecting stacks for pid 2007
12-11 09:48:11.284   543  4071 I DropBoxManagerService: add tag=system_app_anr isTagEnabled=true flags=0x2
12-11 09:48:11.285   543  3962 I system_server: libdebuggerd_client: started dumping process 2007
12-11 09:48:11.289   240   240 I tombstoned: registered intercept for pid 2007 and type kDebuggerdJavaBacktrace
12-11 09:48:11.316   543   571 E libprocessgroup: getpgid(4064) failed: Permission denied
12-11 09:48:11.320   543   571 E libprocessgroup: getpgid(4067) failed: Permission denied
