--------- beginning of main
12-11 09:42:17.085  2535  3779 I Finsky:background: [66] afic.a(15): SCH: no pending jobs to schedule.
12-11 09:42:17.087  2535  3781 I Finsky:background: [68] afjz.a(24): SCH: job service finished with id 10653.
12-11 09:42:17.119  2535  3014 I Finsky:background: [62] afic.a(15): SCH: no pending jobs to schedule.
12-11 09:42:17.121  2535  3781 I Finsky:background: [68] afjz.a(24): SCH: job service finished with id 10652.
12-11 09:42:17.174  1391  1391 I cr_A11yState: Enabled accessibility services: [io.github.ylimit.droidbotapp/io.github.privacystreams.accessibility.PSAccessibilityService, null]
12-11 09:42:17.174  1391  1391 I cr_A11yState: Running accessibility services: [io.github.ylimit.droidbotapp/io.github.privacystreams.accessibility.PSAccessibilityService]
12-11 09:42:17.176  1391  1391 I cr_A11yState: Will check again after 500 milliseconds.
12-11 09:42:17.194  1110  3451 I NetworkScheduler.Stats: (REDACTED) Task %s/%s started execution. cause:%s exec_start_elapsed_seconds: %s
12-11 09:42:17.211  1110  3513 I NetworkScheduler.Stats: (REDACTED) Task %s/%s finished executing. cause:%s result: %s elapsed_millis: %s uptime_millis: %s exec_start_elapsed_seconds: %s
12-11 09:42:17.221  2535  3778 I Finsky:background: [65] qwh.accept(58): SCH: Scheduling phonesky job Id: 47-15, CT: 1733890336995, Constraints: [{ L: 3600000, D: 10642037, C: CHARGING_NONE, I: IDLE_REQUIRED, N: NET_NONE }]
12-11 09:42:17.269  2535  2731 I Finsky:background: [47] mja.apply(252): SCH: Scheduling 1 system job(s)
12-11 09:42:17.275  2535  2731 I Finsky:background: [47] afie.b(244): SCH: Scheduling system job Id: 10654, L: 3599720, D: 10641757, C: false, I: true, N: 0
12-11 09:42:17.363  1520  1532 I gle.android.gm: Background concurrent copying GC freed 80345(4622KB) AllocSpace objects, 54(2396KB) LOS objects, 49% free, 10MB/21MB, paused 2.935ms,411us total 163.136ms
12-11 09:42:17.444  1110  3252 I NetworkScheduler.Stats: (REDACTED) Task %s/%s started execution. cause:%s exec_start_elapsed_seconds: %s
12-11 09:42:17.491  1110  3451 I NetworkScheduler.Stats: (REDACTED) Task %s/%s finished executing. cause:%s result: %s elapsed_millis: %s uptime_millis: %s exec_start_elapsed_seconds: %s
12-11 09:42:17.715  1110  3451 I NetworkScheduler.Stats: (REDACTED) Task %s/%s started execution. cause:%s exec_start_elapsed_seconds: %s
12-11 09:42:17.720  1391  1391 I cr_A11yState: Enabled accessibility services: [io.github.ylimit.droidbotapp/io.github.privacystreams.accessibility.PSAccessibilityService, null]
12-11 09:42:17.720  1391  1391 I cr_A11yState: Running accessibility services: [io.github.ylimit.droidbotapp/io.github.privacystreams.accessibility.PSAccessibilityService]
12-11 09:42:17.720  1391  1391 I cr_A11yState: Will check again after 1000 milliseconds.
12-11 09:42:17.757  1110  1118 I .gms.persisten: Background young concurrent copying GC freed 202877(11MB) AllocSpace objects, 7(184KB) LOS objects, 37% free, 17MB/28MB, paused 955us,188us total 171.004ms
12-11 09:42:17.944  1110  3513 I NetworkScheduler.Stats: (REDACTED) Task %s/%s finished executing. cause:%s result: %s elapsed_millis: %s uptime_millis: %s exec_start_elapsed_seconds: %s
12-11 09:42:18.053  1110  3451 I NetworkScheduler.Stats: (REDACTED) Task %s/%s started execution. cause:%s exec_start_elapsed_seconds: %s
12-11 09:42:18.256  2663  2663 I GoogleInputMethodService: GoogleInputMethodService.onFinishInput():3095 
12-11 09:42:18.309  2663  2663 I GoogleInputMethodService: GoogleInputMethodService.updateDeviceLockedStatus():2167 repeatCheckTimes = 0, locked = false
12-11 09:42:18.309  2663  2663 I GoogleInputMethodService: GoogleInputMethodService.onDestroy():1426 
12-11 09:42:18.361  2663  2663 I HardKeyTracker: HardKeyTracker.unregisterKeySequence():183 Unregister key sequence lii{labelResId=2132019900, callback=btp@4a38849, lastModifier=2, keyCodes=[47], actions=[0]}
12-11 09:42:18.387  2663  2663 W NotificationCenter: NotificationCenter$NotificationQueue.notifyOnExecutor():883 Heavy notify work detected on UI thread: [jzp->kxd, jzp->kxd, kud->kuc, kud->kuc, kud->kuc, kud->kuc] takes 26ms
12-11 09:42:18.395  2663  2663 I ModuleManager: ModuleManager$ModuleInitListener.maybeUnloadModuleOnUnavailable():1396 module ddl is unavailable
12-11 09:42:18.400  2663  2663 I ModuleManager: ModuleManager$ModuleInitListener.maybeUnloadModuleOnUnavailable():1396 module kjy is unavailable
12-11 09:42:18.401  2663  2663 I HardKeyTracker: HardKeyTracker.unregisterKeySequence():183 Unregister key sequence lii{labelResId=0, callback=jju@507d038, lastModifier=0, keyCodes=[204], actions=[0]}
12-11 09:42:18.403  2663  2663 I HardKeyTracker: HardKeyTracker.unregisterKeySequence():183 Unregister key sequence lii{labelResId=2132019898, callback=jju@dcb7f77, lastModifier=1, keyCodes=[62, 59], actions=[0, 0]}
12-11 09:42:18.407  2663  2663 I HardKeyTracker: HardKeyTracker.unregisterKeySequence():183 Unregister key sequence lii{labelResId=0, callback=jju@dcb7f77, lastModifier=1, keyCodes=[62, 60], actions=[0, 0]}
12-11 09:42:18.408  2663  2663 I ModuleManager: ModuleManager$ModuleInitListener.maybeUnloadModuleOnUnavailable():1396 module kkb is unavailable
12-11 09:42:18.409  2663  2663 I ModuleManager: ModuleManager$ModuleInitListener.maybeUnloadModuleOnUnavailable():1396 module kyf is unavailable
12-11 09:42:18.409  2663  2663 I ModuleManager: ModuleManager$ModuleInitListener.maybeUnloadModuleOnUnavailable():1396 module llx is unavailable
12-11 09:42:18.412  2663  2663 W NotificationCenter: NotificationCenter$NotificationQueue.notifyOnExecutor():883 Heavy notify work detected on UI thread: [jzp->kxd] takes 60ms
12-11 09:42:18.415  2663  2663 I ModuleManager: ModuleManager$ModuleInitListener.maybeUnloadModuleOnUnavailable():1396 module jcn is unavailable
12-11 09:42:18.425  2663  2663 W NotificationCenter: NotificationCenter$NotificationQueue.notifyOnExecutor():883 Heavy notify work detected on UI thread: [jzp->kxd] takes 89ms
12-11 09:42:18.468  2663  2663 I EmojifyExtensionImpl: EmojifyExtensionImpl.onDestroy():603 Destroying Emojify extension dyh@40336e2.
12-11 09:42:18.504  2663  2663 I AccessPointsListHolderController: AccessPointsListHolderController.removeAccessPoint():409 The access point share is not added
12-11 09:42:18.504  2663  2663 I ModuleManager: ModuleManager$ModuleInitListener.maybeUnloadModuleOnUnavailable():1396 module eyt is unavailable
12-11 09:42:18.505  2663  2663 I ModuleManager: ModuleManager$ModuleInitListener.maybeUnloadModuleOnUnavailable():1396 module dfu is unavailable
12-11 09:42:18.513  2663  2663 I ModuleManager: ModuleManager$ModuleInitListener.maybeUnloadModuleOnUnavailable():1396 module gme is unavailable
12-11 09:42:18.513  2663  2663 I ModuleManager: ModuleManager$ModuleInitListener.maybeUnloadModuleOnUnavailable():1396 module lwi is unavailable
12-11 09:42:18.513  2663  2663 W NotificationCenter: NotificationCenter$NotificationQueue.notifyOnExecutor():883 Heavy notify work detected on UI thread: [jzs->kxd, jzs->kxd] takes 22ms
12-11 09:42:18.514  2663  2663 I ModuleManager: ModuleManager$ModuleInitListener.maybeUnloadModuleOnUnavailable():1396 module dvf is unavailable
12-11 09:42:18.514  2663  2663 I ModuleManager: ModuleManager$ModuleInitListener.maybeUnloadModuleOnUnavailable():1396 module dwy is unavailable
12-11 09:42:18.514  2663  2663 I ModuleManager: ModuleManager$ModuleInitListener.maybeUnloadModuleOnUnavailable():1396 module ekz is unavailable
12-11 09:42:18.528  2663  2663 I ModuleManager: ModuleManager$ModuleInitListener.maybeUnloadModuleOnUnavailable():1396 module eph is unavailable
12-11 09:42:18.533  2663  2663 I ModuleManager: ModuleManager$ModuleInitListener.maybeUnloadModuleOnUnavailable():1396 module exg is unavailable
12-11 09:42:18.535  2663  2663 I ModuleManager: ModuleManager$ModuleInitListener.maybeUnloadModuleOnUnavailable():1396 module eyu is unavailable
12-11 09:42:18.535  2663  2663 I ModuleManager: ModuleManager$ModuleInitListener.maybeUnloadModuleOnUnavailable():1396 module fbh is unavailable
12-11 09:42:18.536  2663  2663 I JapaneseMozcExtension: JapaneseMozcExtension.onDestroy():52 
12-11 09:42:18.536  2663  2663 I ModuleManager: ModuleManager$ModuleInitListener.maybeUnloadModuleOnUnavailable():1396 module fbu is unavailable
12-11 09:42:18.540  2663  2663 I ModuleManager: ModuleManager$ModuleInitListener.maybeUnloadModuleOnUnavailable():1396 module fjr is unavailable
12-11 09:42:18.542  2663  2663 I ModuleManager: ModuleManager$ModuleInitListener.maybeUnloadModuleOnUnavailable():1396 module fmy is unavailable
12-11 09:42:18.542  2663  2663 I ModuleManager: ModuleManager$ModuleInitListener.maybeUnloadModuleOnUnavailable():1396 module IEmojiOrGifExtension is unavailable
12-11 09:42:18.543  2663  2663 I ModuleManager: ModuleManager$ModuleInitListener.maybeUnloadModuleOnUnavailable():1396 module IEmoticonExtension is unavailable
12-11 09:42:18.544  2663  2663 I ModuleManager: ModuleManager$ModuleInitListener.maybeUnloadModuleOnUnavailable():1396 module frg is unavailable
12-11 09:42:18.544  2663  2663 I ModuleManager: ModuleManager$ModuleInitListener.maybeUnloadModuleOnUnavailable():1396 module fum is unavailable
12-11 09:42:18.544  2663  2663 I ModuleManager: ModuleManager$ModuleInitListener.maybeUnloadModuleOnUnavailable():1396 module gnu is unavailable
12-11 09:42:18.554  2663  2663 I UniversalDictationExtension: UniversalDictationExtension.onDestroyExtension():87 onDestroy [UD]
12-11 09:42:18.555  2663  2663 I ModuleManager: ModuleManager$ModuleInitListener.maybeUnloadModuleOnUnavailable():1396 module gnv is unavailable
12-11 09:42:18.556  2663  2663 I InputContextSharingModule: InputContextSharingModule.onDestroy():54 onDestroy()
12-11 09:42:18.568  2663  2777 I InputActionMetricsProcessor: InputActionMetricsProcessor.onDetached():107 Detached from metrics manager.
12-11 09:42:18.576  2663  2663 I ModuleManager: ModuleManager$ModuleInitListener.maybeUnloadModuleOnUnavailable():1396 module gsf is unavailable
12-11 09:42:18.585  2663  2663 I OnDevicePackDownloadModule: OnDevicePackDownloadModule.onDestroy():95 onDestroy()
12-11 09:42:18.586  2663  2663 I ModuleManager: ModuleManager$ModuleInitListener.maybeUnloadModuleOnUnavailable():1396 module gsq is unavailable
12-11 09:42:18.587  2663  2663 I NewS3RecognizerModule: NewS3RecognizerModule.onDestroy():21 onDestroy [news3]
12-11 09:42:18.591  2663  2663 I ModuleManager: ModuleManager$ModuleInitListener.maybeUnloadModuleOnUnavailable():1396 module gun is unavailable
12-11 09:42:18.591  2663  2663 I ModuleManager: ModuleManager$ModuleInitListener.maybeUnloadModuleOnUnavailable():1396 module ido is unavailable
12-11 09:42:18.592  2663  2663 I HardKeyTracker: HardKeyTracker.unregisterKeySequence():183 Unregister key sequence lii{labelResId=2132019895, callback=cab@59efaf3, lastModifier=2, keyCodes=[48], actions=[0]}
12-11 09:42:18.592  2663  2663 I HardKeyTracker: HardKeyTracker.unregisterKeySequence():183 Unregister key sequence lii{labelResId=2132019890, callback=cab@2ddc7e5, lastModifier=2, keyCodes=[50], actions=[0]}
12-11 09:42:18.593  2663  2663 I HardKeyTracker: HardKeyTracker.unregisterKeySequence():183 Unregister key sequence lii{labelResId=2132019894, callback=cab@b2f9af2, lastModifier=65536, keyCodes=[76], actions=[0]}
12-11 09:42:18.593  2663  2663 I HardKeyTracker: HardKeyTracker.unregisterKeySequence():183 Unregister key sequence lii{labelResId=2132019893, callback=cab@b8b9ba8, lastModifier=2, keyCodes=[37], actions=[0]}
12-11 09:42:18.594  2663  2663 I HardKeyTracker: HardKeyTracker.unregisterKeySequence():183 Unregister key sequence lii{labelResId=2132018462, callback=cab@ce53bb6, lastModifier=2, keyCodes=[39], actions=[0]}
12-11 09:42:18.595  2663  2663 I ModuleManager: ModuleManager$ModuleInitListener.maybeUnloadModuleOnUnavailable():1396 module dhi is unavailable
12-11 09:42:18.596  2663  2663 I ModuleManager: ModuleManager$ModuleInitListener.maybeUnloadModuleOnUnavailable():1396 module foo is unavailable
12-11 09:42:18.596  2663  2663 I ModuleManager: ModuleManager$ModuleInitListener.maybeUnloadModuleOnUnavailable():1396 module for is unavailable
12-11 09:42:18.597  2663  2663 I ModuleManager: ModuleManager$ModuleInitListener.maybeUnloadModuleOnUnavailable():1396 module gna is unavailable
12-11 09:42:18.597  2663  2663 I ModuleManager: ModuleManager$ModuleInitListener.maybeUnloadModuleOnUnavailable():1396 module kju is unavailable
12-11 09:42:18.610  2663  2663 I ModuleManager: ModuleManager$ModuleInitListener.maybeUnloadModuleOnUnavailable():1396 module ifo is unavailable
12-11 09:42:18.610  2663  2663 I ModuleManager: ModuleManager$ModuleInitListener.maybeUnloadModuleOnUnavailable():1396 module IBannerExtension is unavailable
12-11 09:42:18.610  2663  2663 I ModuleManager: ModuleManager$ModuleInitListener.maybeUnloadModuleOnUnavailable():1396 module luq is unavailable
12-11 09:42:18.611  2663  2663 W NotificationCenter: NotificationCenter$NotificationQueue.notifyOnExecutor():883 Heavy notify work detected on UI thread: [jzs->kxd] takes 121ms
12-11 09:42:18.611  2663  2663 I ModuleManager: ModuleManager$ModuleInitListener.maybeUnloadModuleOnUnavailable():1396 module dud is unavailable
12-11 09:42:18.614  2663  2663 W NotificationCenter: NotificationCenter$NotificationQueue.notifyOnExecutor():883 Heavy notify work detected on UI thread: [jzs->kxd] takes 121ms
12-11 09:42:18.616  1110  3513 I NetworkScheduler.Stats: (REDACTED) Task %s/%s finished executing. cause:%s result: %s elapsed_millis: %s uptime_millis: %s exec_start_elapsed_seconds: %s
12-11 09:42:18.616  2663  2663 I ModuleManager: ModuleManager$ModuleInitListener.maybeUnloadModuleOnUnavailable():1396 module geb is unavailable
12-11 09:42:18.617  2663  2663 W NotificationCenter: NotificationCenter$NotificationQueue.notifyOnExecutor():883 Heavy notify work detected on UI thread: [jzs->kxd] takes 130ms
12-11 09:42:18.618  2663  2663 I ModuleManager: ModuleManager$ModuleInitListener.maybeUnloadModuleOnUnavailable():1396 module eov is unavailable
12-11 09:42:18.625  2663  2663 W NotificationCenter: NotificationCenter$NotificationQueue.notifyOnExecutor():883 Heavy notify work detected on UI thread: [jzs->kxd] takes 152ms
12-11 09:42:18.625  2663  2663 I ModuleManager: ModuleManager$ModuleInitListener.maybeUnloadModuleOnUnavailable():1396 module dxu is unavailable
12-11 09:42:18.631  2663  2663 I AbstractOpenableExtension: AbstractOpenableExtension.maybeDestroyExistingKeyboardGroupManager():535 Destroy existing keyboard group manager in dzh
12-11 09:42:18.635  2663  2663 I ModuleManager: ModuleManager$ModuleInitListener.maybeUnloadModuleOnUnavailable():1396 module IExpressionMomentExtension is unavailable
12-11 09:42:18.642  2663  2663 I AbstractOpenableExtension: AbstractOpenableExtension.maybeDestroyExistingKeyboardGroupManager():535 Destroy existing keyboard group manager in fsj
12-11 09:42:18.651  2663  2663 I ModuleManager: ModuleManager$ModuleInitListener.maybeUnloadModuleOnUnavailable():1396 module FastAccessBarExtension is unavailable
12-11 09:42:18.651  2663  2663 I ModuleManager: ModuleManager$ModuleInitListener.maybeUnloadModuleOnUnavailable():1396 module IBitmojiExtension is unavailable
12-11 09:42:18.651  2663  2663 W NotificationCenter: NotificationCenter$NotificationQueue.notifyOnExecutor():883 Heavy notify work detected on UI thread: [jzs->kxd] takes 188ms
12-11 09:42:18.652  2663  2663 I ModuleManager: ModuleManager$ModuleInitListener.maybeUnloadModuleOnUnavailable():1396 module fnz is unavailable
12-11 09:42:18.652  2663  2663 I ModuleManager: ModuleManager$ModuleInitListener.maybeUnloadModuleOnUnavailable():1396 module IUniversalMediaExtension is unavailable
12-11 09:42:18.652  2663  2663 W NotificationCenter: NotificationCenter$NotificationQueue.notifyOnExecutor():883 Heavy notify work detected on UI thread: [jzs->kxd] takes 195ms
12-11 09:42:18.659  2663  2663 I ModuleManager: ModuleManager$ModuleInitListener.maybeUnloadModuleOnUnavailable():1396 module dqf is unavailable
12-11 09:42:18.660  2663  2663 W NotificationCenter: NotificationCenter$NotificationQueue.notifyOnExecutor():883 Heavy notify work detected on UI thread: [jzs->kxd] takes 210ms
12-11 09:42:18.661  2663  2663 I ModuleManager: ModuleManager$ModuleInitListener.maybeUnloadModuleOnUnavailable():1396 module fsz is unavailable
12-11 09:42:18.661  2663  2663 I ModuleManager: ModuleManager$ModuleInitListener.maybeUnloadModuleOnUnavailable():1396 module efv is unavailable
12-11 09:42:18.662  2663  2663 W NotificationCenter: NotificationCenter$NotificationQueue.notifyOnExecutor():883 Heavy notify work detected on UI thread: [jzs->kxd] takes 216ms
12-11 09:42:18.663  2663  2663 I ModuleManager: ModuleManager$ModuleInitListener.maybeUnloadModuleOnUnavailable():1396 module ecp is unavailable
12-11 09:42:18.665  2663  2663 W NotificationCenter: NotificationCenter$NotificationQueue.notifyOnExecutor():883 Heavy notify work detected on UI thread: [jzs->kxd, jzs->kxd, jzs->kxd] takes 217ms
12-11 09:42:18.670  2663  2663 I ModuleManager: ModuleManager$ModuleInitListener.maybeUnloadModuleOnUnavailable():1396 module dji is unavailable
12-11 09:42:18.673  2663  2663 I ModuleManager: ModuleManager$ModuleInitListener.maybeUnloadModuleOnUnavailable():1396 module gdv is unavailable
12-11 09:42:18.676  2663  2663 W NotificationCenter: NotificationCenter$NotificationQueue.notifyOnExecutor():883 Heavy notify work detected on UI thread: [jzs->kxd] takes 231ms
12-11 09:42:18.682  2663  2663 I ModuleManager: ModuleManager$ModuleInitListener.maybeUnloadModuleOnUnavailable():1396 module ddp is unavailable
12-11 09:42:18.682  2663  2663 I ModuleManager: ModuleManager$ModuleInitListener.maybeUnloadModuleOnUnavailable():1396 module gia is unavailable
12-11 09:42:18.683  2663  2663 W NotificationCenter: NotificationCenter.unregisterListener():469 Listener ipg@2ab8506 was not registered for notification class jwe
12-11 09:42:18.683  2663  2663 W NotificationCenter: NotificationCenter.unregisterListener():469 Listener ipf@295a3e1 was not registered for notification class jvx
12-11 09:42:18.684  2663  2663 W NotificationCenter: NotificationCenter.unregisterListener():469 Listener kxd@a89d948 was not registered for notification class igb
12-11 09:42:18.684  2663  2663 W NotificationCenter: NotificationCenter.unregisterListener():469 Listener iow@40741f4 was not registered for notification class jay
12-11 09:42:18.697  2663  2663 W NotificationCenter: NotificationCenter.unregisterListener():469 Listener idi@d9c6c1b was not registered for notification class iez
12-11 09:42:18.702  2663  2663 W NotificationCenter: NotificationCenter.unregisterListener():469 Listener idh@122ab91 was not registered for notification class ifb
12-11 09:42:18.702  2663  2663 I HardKeyTracker: HardKeyTracker.unregisterKeySequence():183 Unregister key sequence lii{labelResId=2132019899, callback=fgv@e89836a, lastModifier=2, keyCodes=[62], actions=[0]}
12-11 09:42:18.711  2663  2663 I HardKeyTracker: HardKeyTracker.unregisterKeySequence():183 Unregister key sequence lii{labelResId=2132019897, callback=null, lastModifier=2, keyCodes=[8], actions=[0]}
12-11 09:42:18.715  2663  2663 I ModuleManager: ModuleManager$ModuleInitListener.maybeUnloadModuleOnUnavailable():1396 module idm is unavailable
12-11 09:42:18.717  2663  2663 I ModuleManager: ModuleManager$ModuleInitListener.maybeUnloadModuleOnUnavailable():1396 module lhv is unavailable
12-11 09:42:18.722  2663  2663 I ModuleManager: ModuleManager$ModuleInitListener.maybeUnloadModuleOnUnavailable():1396 module loi is unavailable
12-11 09:42:18.728  2663  2663 I ModuleManager: ModuleManager$ModuleInitListener.maybeUnloadModuleOnUnavailable():1396 module eoz is unavailable
12-11 09:42:18.733  2663  2663 I ModuleManager: ModuleManager$ModuleInitListener.maybeUnloadModuleOnUnavailable():1396 module IStickerExtension is unavailable
12-11 09:42:18.733  2663  2663 I ModuleManager: ModuleManager$ModuleInitListener.maybeUnloadModuleOnUnavailable():1396 module lua is unavailable
12-11 09:42:18.734  2663  2663 I ModuleManager: ModuleManager$ModuleInitListener.maybeUnloadModuleOnUnavailable():1396 module ghz is unavailable
12-11 09:42:18.734  2663  2663 I HardKeyTracker: HardKeyTracker.unregisterKeySequence():183 Unregister key sequence lii{labelResId=0, callback=fgv@fa5b51c, lastModifier=0, keyCodes=[57, 57], actions=[1, 0]}
12-11 09:42:18.734  2663  2663 I HardKeyTracker: HardKeyTracker.unregisterKeySequence():183 Unregister key sequence lii{labelResId=0, callback=fgv@be70708, lastModifier=0, keyCodes=[58, 58], actions=[1, 0]}
12-11 09:42:18.735  2663  2663 I AbstractOpenableExtension: AbstractOpenableExtension.maybeDestroyExistingKeyboardGroupManager():535 Destroy existing keyboard group manager in fpu
12-11 09:42:18.739  2663  2663 I ModuleManager: ModuleManager$ModuleInitListener.maybeUnloadModuleOnUnavailable():1396 module IEmojiSearchExtension is unavailable
12-11 09:42:18.762  2663  2663 I ModuleManager: ModuleManager$ModuleInitListener.maybeUnloadModuleOnUnavailable():1396 module dgx is unavailable
12-11 09:42:18.762  2663  2663 W NotificationCenter: NotificationCenter$NotificationQueue.notifyOnExecutor():883 Heavy notify work detected on UI thread: [ktn->kui] takes 23ms
12-11 09:42:18.764  2663  2663 I ModuleManager: ModuleManager$ModuleInitListener.maybeUnloadModuleOnUnavailable():1396 module IGifKeyboardExtension is unavailable
12-11 09:42:18.765  2663  2663 I ModuleManager: ModuleManager$ModuleInitListener.maybeUnloadModuleOnUnavailable():1396 module ITranslateUIExtension is unavailable
12-11 09:42:18.769  1391  1391 I cr_A11yState: Enabled accessibility services: [io.github.ylimit.droidbotapp/io.github.privacystreams.accessibility.PSAccessibilityService, null]
12-11 09:42:18.769  1391  1391 I cr_A11yState: Running accessibility services: [io.github.ylimit.droidbotapp/io.github.privacystreams.accessibility.PSAccessibilityService]
12-11 09:42:18.770  1391  1391 I cr_A11yState: Will check again after 2000 milliseconds.
12-11 09:42:18.795  2663  2663 I ModuleManager: ModuleManager$ModuleInitListener.maybeUnloadModuleOnUnavailable():1396 module dty is unavailable
12-11 09:42:18.795  2663  2663 W NotificationCenter: NotificationCenter$NotificationQueue.notifyOnExecutor():883 Heavy notify work detected on UI thread: [ktn->kui] takes 29ms
12-11 09:42:18.808  2663  2663 W NotificationCenter: NotificationCenter$NotificationQueue.notifyOnExecutor():883 Heavy notify work detected on UI thread: [jzs->kxd] takes 383ms
12-11 09:42:18.817  2663  2663 I GoogleInputMethodService: GoogleInputMethodService.onDestroy():1462 Maybe update OEM display config because of service destruction
12-11 09:42:18.828  1110  3791 I NetworkScheduler.Stats: (REDACTED) Task %s/%s started execution. cause:%s exec_start_elapsed_seconds: %s
12-11 09:42:18.838  2663  2663 I DeviceModeModule: DeviceModeModule.calculateAndNotify():198 Window metrics is not available, fallback to app context.
12-11 09:42:18.839  2663  2663 I DeviceModeModule: DeviceModeModule.calculateAndNotify():225 Device mode 'phone' from display metrics 'DisplayMetrics{density=0.0, width=1080, height=2280, scaledDensity=0.0, xdpi=440.0, ydpi=440.0}' or smallestScreenWidthDp: 392
12-11 09:42:18.840  2663  2663 I GoogleInputMethodService: GoogleInputMethodService.clearInputMethodServiceData():1546 clearInputMethodServiceData for onDestroy
12-11 09:42:18.850  2663  2663 I GoogleInputMethodService: GoogleInputMethodService.discardAllKeyboardViewAndInputView():1750 discardAllKeyboardViewAndInputView()
12-11 09:42:18.859  2663  2663 I InputMethodEntryManager: InputMethodEntryManager.notifyCurrentInputMethodEntryOnContextChanged():555 notifyCurrentInputMethodEntryOnContextChanged()
12-11 09:42:18.860  2663  2663 I InputMethodEntryManager: InputMethodEntryManager.notifyCurrentInputMethodEntryOnContextChanged():576 Notify current input method entry changed on context change
12-11 09:42:18.863  2663  2663 I KeyboardThemeProvider: KeyboardThemeProvider.reset():40 Reset keyboard theme
12-11 09:42:18.876  2663  2663 I KeyboardContextProvider: KeyboardContextProvider.setBaseContextAndInvalidKeyboardContextCache():88 setBaseContextAndInvalidKeyboardContextCache(): null
12-11 09:42:18.943   543  1870 W InputManager-JNI: Input channel object 'f294bff InputMethod (client)' was disposed without first being removed with the input manager!
12-11 09:42:18.967  2663  2663 I AbstractOpenableExtension: AbstractOpenableExtension$3.onSuccess():549 KeyboardGroupManager destroyed in dzh.
12-11 09:42:18.968  2663  2663 I AbstractOpenableExtension: AbstractOpenableExtension$3.onSuccess():549 KeyboardGroupManager destroyed in fsj.
12-11 09:42:18.968  2663  2663 I AbstractOpenableExtension: AbstractOpenableExtension$3.onSuccess():549 KeyboardGroupManager destroyed in fpu.
12-11 09:42:19.165  1110  1927 I HeterodyneSyncer: (REDACTED) Removed %d invalid users
12-11 09:42:19.217  3691  3744 I Finsky:quick_launch: [57] oxr.f(41): Subscription detail: DataSubscriptionInfo{groupIdLevel1=null, serviceProviderName=[Zr1R7g28S8p7iucp_gnNJJtsRl-pgO3Y6eIkCh24Iy0], simCarrierId=1}
12-11 09:42:19.227  3691  3691 I Finsky:quick_launch: [2] oxq.onSubscriptionsChanged(6): onSubscriptionsChanged
12-11 09:42:19.237  3691  3744 I Finsky:quick_launch: [57] olh.d(124): playLoggingServerUrl: https://play.googleapis.com/play/log
12-11 09:42:19.237  3691  3744 I Finsky:quick_launch: [57] olh.d(143): playLoggingServerTimestampUrl: https://play.googleapis.com/play/log/timestamp
12-11 09:42:19.434  1110  3513 I PhenotypeResourceReader: unable to find any Phenotype resource metadata for com.google.android.onetimeinitializer
12-11 09:42:20.053  1110  3513 I PhenotypeResourceReader: unable to find any Phenotype resource metadata for com.google.android.modulemetadata
12-11 09:42:20.113  1110  3513 I PhenotypeResourceReader: unable to find any Phenotype resource metadata for com.google.android.syncadapters.contacts
12-11 09:42:20.188  1110  3513 I PhenotypeResourceReader: unable to find any Phenotype resource metadata for com.google.android.gsf
12-11 09:42:20.193  1110  3513 I PhenotypeResourceReader: unable to find any Phenotype resource metadata for com.google.android.tag
12-11 09:42:20.243  1110  3513 I PhenotypeResourceReader: unable to find any Phenotype resource metadata for com.google.android.apps.nexuslauncher
12-11 09:42:20.303  1110  3513 I PhenotypeResourceReader: unable to find any Phenotype resource metadata for com.google.android.feedback
12-11 09:42:20.385  1110  1118 I .gms.persisten: Background young concurrent copying GC freed 167571(8946KB) AllocSpace objects, 11(288KB) LOS objects, 32% free, 19MB/28MB, paused 2.247ms,1.429ms total 101.978ms
12-11 09:42:20.551  1110  3513 I PhenotypeResourceReader: unable to find any Phenotype resource metadata for com.android.settings
12-11 09:42:20.608  1110  3513 I PhenotypeResourceReader: unable to find any Phenotype resource metadata for com.google.android.apps.wallpaper
12-11 09:42:20.667  1110  3513 I PhenotypeResourceReader: unable to find any Phenotype resource metadata for com.android.systemui
12-11 09:42:20.812  1391  1391 I cr_A11yState: Enabled accessibility services: [io.github.ylimit.droidbotapp/io.github.privacystreams.accessibility.PSAccessibilityService, null]
12-11 09:42:20.812  1391  1391 I cr_A11yState: Running accessibility services: [io.github.ylimit.droidbotapp/io.github.privacystreams.accessibility.PSAccessibilityService]
12-11 09:42:20.812  1391  1391 I cr_A11yState: Will check again after 4000 milliseconds.
12-11 09:42:20.873   390   390 E android.hardware.power.stats@1.0-service-mock: Failed to getEnergyData
12-11 09:42:22.077   972   972 I Choreographer: Skipped 40 frames!  The application may be doing too much work on its main thread.
12-11 09:42:25.484   972   986 I OpenGLRenderer: Davey! duration=2759ms; Flags=0, FrameTimelineVsyncId=7025, IntendedVsync=191972044358, Vsync=192638710998, InputEventId=0, HandleInputStart=192649987900, AnimationStart=192651325200, PerformTraversalsStart=192670326200, DrawStart=192671629300, FrameDeadline=192005377690, FrameInterval=192647365500, FrameStartTime=16666666, SyncQueued=192691225600, SyncStart=192832596400, IssueDrawCommandsStart=192874994600, SwapBuffers=194507744700, FrameCompleted=194872956700, DequeueBufferDuration=563500, QueueBufferDuration=12404800, GpuCompleted=194872956700, SwapBuffersCompleted=194540559100, DisplayPresentTime=0, 
--------- beginning of system
12-11 09:42:25.493   543   559 W Looper  : Slow delivery took 319ms android.ui h=com.android.server.am.ActivityManagerService$UiHandler c=null m=31
12-11 09:42:25.649   543   559 W Looper  : Drained
12-11 09:42:30.637   543   543 W Looper  : Slow delivery took 5459ms main h=android.os.Handler c=com.android.internal.os.BinderCallsStats$1@599779b m=0
12-11 09:42:30.983   543   559 W Looper  : Slow delivery took 204ms android.ui h=com.android.server.am.ActivityManagerService$UiHandler c=null m=31
12-11 09:42:31.081   543   559 W Looper  : Drained
12-11 09:42:31.153  1391  1391 I cr_A11yState: Enabled accessibility services: [io.github.ylimit.droidbotapp/io.github.privacystreams.accessibility.PSAccessibilityService, null]
12-11 09:42:31.172  1391  1391 I cr_A11yState: Running accessibility services: [io.github.ylimit.droidbotapp/io.github.privacystreams.accessibility.PSAccessibilityService]
12-11 09:42:31.173  1391  1391 I cr_A11yState: Max delay reached. Send information as is.
12-11 09:42:31.980  1391  1391 I cr_A11yState: Informing listeners of changes.
12-11 09:42:31.981  1391  1391 I cr_A11yState: New AccessibilityState: State{isScreenReaderEnabled=true, isTouchExplorationEnabled=false, isPerformGesturesEnabled=false, isAnyAccessibilityServiceEnabled=true, isAccessibilityToolPresent=false, isSpokenFeedbackServicePresent=true, isTextShowPasswordEnabled=true, isOnlyPasswordManagersEnabled=false}
12-11 09:42:32.804   330  3568 W resolv  : SSL_connect write error 0, mark 0xf0066: Try again
12-11 09:42:32.879   330  3568 W resolv  : TLS Handshake failed
12-11 09:42:32.880   330  3568 W resolv  : query failed
12-11 09:42:32.880   330  3568 W resolv  : validateDnsTlsServer returned 0 for 10.0.2.3
12-11 09:42:32.911   330  3568 W resolv  : Validation failed
12-11 09:42:35.905   543  1870 I ActivityManager: Killing 1376:com.google.android.apps.photos/u0a126 (adj 975): empty #17
12-11 09:42:36.373   331   331 I Zygote  : Process 1376 exited due to signal 9 (Killed)
12-11 09:42:36.551   543   571 I libprocessgroup: Successfully killed process cgroup uid 10126 pid 1376 in 488ms
12-11 09:42:36.705   543   543 W Looper  : Slow dispatch took 102ms main h=com.android.server.job.JobSchedulerService$JobHandler c=null m=5
12-11 09:42:36.708   543   559 W Looper  : Slow dispatch took 140ms android.ui h=com.android.server.am.ActivityManagerService$UiHandler c=com.android.server.am.UidObserverController$$ExternalSyntheticLambda0@f459e84 m=0
12-11 09:42:36.941   543   543 W Looper  : Drained
12-11 09:42:37.006   543   559 E RemoteAugmentedAutofillService: Bad service name for flags 1048704: com.google.android.as/com.google.android.apps.miphone.aiai.app.AiAiAugmentedAutofillService
12-11 09:42:38.023   972   986 I OpenGLRenderer: Davey! duration=722ms; Flags=0, FrameTimelineVsyncId=7043, IntendedVsync=207705377062, Vsync=207755377060, InputEventId=-145818198, HandleInputStart=207771592400, AnimationStart=207827619600, PerformTraversalsStart=207866274500, DrawStart=207866931400, FrameDeadline=207722043728, FrameInterval=207771361700, FrameStartTime=16666666, SyncQueued=207867236500, SyncStart=207883258200, IssueDrawCommandsStart=207885125700, SwapBuffers=208398515500, FrameCompleted=208443933500, DequeueBufferDuration=392500, QueueBufferDuration=6164400, GpuCompleted=208427690100, SwapBuffersCompleted=208443933500, DisplayPresentTime=0, 
12-11 09:42:39.547  1237  1802 I bake    : (REDACTED) getHotwordActive::active query: %s, watch: %s, devices connected: %s
12-11 09:42:40.014  1110  3513 I HeterodyneSyncer: (REDACTED) Removed %d invalid users
12-11 09:42:41.820   543   570 W ActivityManager: Slow operation: 128ms so far, now at startProcess: returned from zygote!
12-11 09:42:41.947   543   570 W ActivityManager: Slow operation: 254ms so far, now at startProcess: done updating battery stats
12-11 09:42:41.948   543   570 W ActivityManager: Slow operation: 255ms so far, now at startProcess: building log message
12-11 09:42:41.948   543   570 I ActivityManager: Start proc 3877:com.google.android.apps.photos/u0a126 for service {com.google.android.apps.photos/com.google.android.apps.photos.dbprocessor.impl.DatabaseProcessorJobService}
12-11 09:42:41.949   543   570 W ActivityManager: Slow operation: 256ms so far, now at startProcess: starting to update pids map
12-11 09:42:41.950   543   570 W ActivityManager: Slow operation: 257ms so far, now at startProcess: done updating pids map
12-11 09:42:41.974  3877  3877 W oid.apps.photo: Unexpected CPU variant for X86 using defaults: x86_64
12-11 09:42:42.089  3877  3877 E oid.apps.photo: Not starting debugger since process cannot load the jdwp agent.
12-11 09:42:42.271   543   543 W Looper  : Slow dispatch took 573ms main h=com.android.server.job.JobSchedulerService$JobHandler c=null m=1
12-11 09:42:42.280   543   543 W Looper  : Slow delivery took 525ms main h=com.android.server.job.JobSchedulerService$JobHandler c=null m=4
12-11 09:42:42.362  1884  1884 I Finsky  : [2] afjz.onStartJob(127): SCH: job service start with id 9507.
12-11 09:42:42.366   543  1863 W ActivityManager: Slow operation: 73ms so far, now at attachApplicationLocked: immediately before bindApplication
12-11 09:42:42.386   543  1863 W ActivityManager: Slow operation: 110ms so far, now at attachApplicationLocked: immediately after bindApplication
12-11 09:42:42.387   543  1863 W ActivityManager: Slow operation: 111ms so far, now at attachApplicationLocked: after updateLruProcessLocked
12-11 09:42:42.433   543   543 W Looper  : Drained
12-11 09:42:42.501   543  1863 W ActivityManager: Slow operation: 225ms so far, now at attachApplicationLocked: after mServices.attachApplicationLocked
12-11 09:42:42.833  1884  2192 I Finsky  : [93] miz.a(213): SCH: Satisfied jobs for 9507 are: 12-1, 28--559038737
12-11 09:42:42.929  1884  3776 I Finsky  : [134] acdb.accept(98): SCH: Job 12-1 starting
12-11 09:42:42.950  1884  1884 I Finsky  : [2] ContentSyncJob.h(9): [ContentSync] job started
12-11 09:42:42.954  1884  3776 I Finsky  : [134] acdb.accept(98): SCH: Job 28--559038737 starting
12-11 09:42:44.331   543   569 W BroadcastQueue: Timeout of broadcast BroadcastRecord{fba16d2 u0 android.intent.action.BOOT_COMPLETED} - receiver=android.os.BinderProxy@c55b46c, started 60050ms ago
12-11 09:42:44.332   543   569 W BroadcastQueue: Receiver during timeout of BroadcastRecord{fba16d2 u0 android.intent.action.BOOT_COMPLETED} : BroadcastFilter{5e40eca 1001/u-1 ReceiverList{4feea35 902 com.android.phone/1001/u-1 remote:c55b46c}}
12-11 09:42:44.378   543   569 I ActivityManager: Killing 2259:com.google.android.webview:webview_service/u0a116 (adj 985): empty #17
12-11 09:42:44.479   543   571 I libprocessgroup: Successfully killed process cgroup uid 10116 pid 2259 in 5ms
12-11 09:42:44.523   331   331 I Zygote  : Process 2259 exited due to signal 9 (Killed)
12-11 09:42:44.539   543  1864 W ActivityManager: Scheduling restart of crashed service com.google.android.webview/org.chromium.android_webview.services.MetricsBridgeService in 1000ms for connection
12-11 09:42:44.672  2745  2757 W Binder  : Binder call failed.
12-11 09:42:44.672  2745  2757 W Binder  : android.os.DeadObjectException
12-11 09:42:44.672  2745  2757 W Binder  : 	at android.os.BinderProxy.transactNative(Native Method)
12-11 09:42:44.672  2745  2757 W Binder  : 	at android.os.BinderProxy.transact(BinderProxy.java:571)
12-11 09:42:44.672  2745  2757 W Binder  : 	at android.content.IIntentReceiver$Stub$Proxy.performReceive(IIntentReceiver.java:160)
12-11 09:42:44.672  2745  2757 W Binder  : 	at android.app.ActivityThread$ApplicationThread.scheduleRegisteredReceiver(ActivityThread.java:1227)
12-11 09:42:44.672  2745  2757 W Binder  : 	at android.app.IApplicationThread$Stub.onTransact(IApplicationThread.java:784)
12-11 09:42:44.672  2745  2757 W Binder  : 	at android.os.Binder.execTransactInternal(Binder.java:1184)
12-11 09:42:44.672  2745  2757 W Binder  : 	at android.os.Binder.execTransact(Binder.java:1143)
12-11 09:42:44.692  1884  2079 I Finsky  : [66] amop.apply(101): [PLUS] Adding payload
12-11 09:42:44.961  1884  2079 I Finsky  : [66] adst.U(106): [PLUS] Triggering sync due to NOW urgency payload
12-11 09:42:45.044  1884  2048 I Finsky  : [54] amoy.a(11): [PLUS] Syncing for users with urgency above: NOW
12-11 09:42:45.366  1884  3896 W Finsky  : [135] aamy.d(28): SLM: no metadata property com.android.vending.derived.apk.id found for shared library com.google.android.trichromelibrary_447211487:
12-11 09:42:45.368  1884  3896 W Finsky  : [135] aamy.d(28): SLM: no metadata property com.android.vending.sdk.version.patch found for shared library com.google.android.trichromelibrary_447211487:
12-11 09:42:45.370  1884  3896 W Finsky  : [135] aamy.d(28): SLM: no metadata property com.android.vending.derived.apk.id found for shared library com.google.android.trichromelibrary_677810438:
12-11 09:42:45.372  1884  3896 W Finsky  : [135] aamy.d(28): SLM: no metadata property com.android.vending.sdk.version.patch found for shared library com.google.android.trichromelibrary_677810438:
12-11 09:42:45.401  1884  2048 I Finsky  : [54] agru.a(198): [PLUS] Syncing 0 train(s)
12-11 09:42:45.404  1884  2048 I Finsky  : [54] amom.a(968): [PLUS] Sync complete, number synced: 0, number failed: 0
12-11 09:42:45.406  1884  2048 I Finsky  : [54] lqc.b(756): [SIM] Successfully refreshed carrier properties.
12-11 09:42:45.407  1884  2048 I Finsky  : [54] afih.q(56): SCH: jobFinished: 28--559038737. TimeElapsed: 2416ms.
12-11 09:42:45.485  3877  3877 W oid.apps.photo: Entry not found
12-11 09:42:45.488  3877  3877 W oid.apps.photo: Entry not found
12-11 09:42:45.518  3877  3877 W oid.apps.photo: Entry not found
12-11 09:42:45.529  2814  2830 W android.youtub: Suspending all threads took: 42.117ms
12-11 09:42:45.608   543   570 W ActivityManager: Slow operation: 52ms so far, now at startProcess: asking zygote to start proc
12-11 09:42:45.747   543   570 W ActivityManager: Slow operation: 191ms so far, now at startProcess: returned from zygote!
12-11 09:42:45.830  3900  3900 W webview_servic: Unexpected CPU variant for X86 using defaults: x86_64
12-11 09:42:45.854   543   570 W ActivityManager: Slow operation: 297ms so far, now at startProcess: done updating battery stats
12-11 09:42:45.855   543   570 W ActivityManager: Slow operation: 299ms so far, now at startProcess: building log message
12-11 09:42:45.855   543   570 I ActivityManager: Start proc 3900:com.google.android.webview:webview_service/u0a116 for service {com.google.android.webview/org.chromium.android_webview.services.MetricsBridgeService}
12-11 09:42:45.856   543   570 W ActivityManager: Slow operation: 299ms so far, now at startProcess: starting to update pids map
12-11 09:42:45.857   543   570 W ActivityManager: Slow operation: 300ms so far, now at startProcess: done updating pids map
12-11 09:42:45.965  3900  3900 E webview_servic: Not starting debugger since process cannot load the jdwp agent.
12-11 09:42:46.276   543  1041 W ActivityManager: Slow operation: 118ms so far, now at attachApplicationLocked: after mServices.attachApplicationLocked
12-11 09:42:46.573  3900  3900 W webview_servic: Entry not found
12-11 09:42:46.718   543   568 I ActivityManager: Killing 2807:com.google.android.webview:webview_apk/u0a116 (adj 975): empty #17
12-11 09:42:46.911   543   571 I libprocessgroup: Successfully killed process cgroup uid 10116 pid 2807 in 0ms
12-11 09:42:47.060  3877  3877 W oid.apps.photo: JIT profile information will not be recorded: profile file does not exist.
12-11 09:42:47.061  3877  3877 W oid.apps.photo: JIT profile information will not be recorded: profile file does not exist.
12-11 09:42:47.062  3877  3877 W oid.apps.photo: JIT profile information will not be recorded: profile file does not exist.
12-11 09:42:47.073   331   331 I Zygote  : Process 2807 exited due to signal 9 (Killed)
12-11 09:42:47.148   543   559 W Looper  : Slow dispatch took 131ms android.ui h=com.android.server.am.ActivityManagerService$UiHandler c=com.android.server.am.UidObserverController$$ExternalSyntheticLambda0@f459e84 m=0
12-11 09:42:47.268  1110  1927 W HeterodyneSyncer: Sync failed [CONTEXT service_id=51 ]
12-11 09:42:47.268  1110  1927 W HeterodyneSyncer: dcam: 29504: Network error
12-11 09:42:47.268  1110  1927 W HeterodyneSyncer: 	at dcfj.M(:com.google.android.gms@243433041@24.34.33 (190800-666809342):192)
12-11 09:42:47.268  1110  1927 W HeterodyneSyncer: 	at dcfj.q(:com.google.android.gms@243433041@24.34.33 (190800-666809342):113)
12-11 09:42:47.268  1110  1927 W HeterodyneSyncer: 	at dcfj.B(:com.google.android.gms@243433041@24.34.33 (190800-666809342):10)
12-11 09:42:47.268  1110  1927 W HeterodyneSyncer: 	at dcfj.p(:com.google.android.gms@243433041@24.34.33 (190800-666809342):11)
12-11 09:42:47.268  1110  1927 W HeterodyneSyncer: 	at com.google.android.gms.phenotype.sync.HeterodyneSyncTaskChimeraService.d(:com.google.android.gms@243433041@24.34.33 (190800-666809342):270)
12-11 09:42:47.268  1110  1927 W HeterodyneSyncer: 	at com.google.android.gms.phenotype.sync.HeterodyneSyncTaskChimeraService.a(:com.google.android.gms@243433041@24.34.33 (190800-666809342):126)
12-11 09:42:47.268  1110  1927 W HeterodyneSyncer: 	at bqfr.call(:com.google.android.gms@243433041@24.34.33 (190800-666809342):32)
12-11 09:42:47.268  1110  1927 W HeterodyneSyncer: 	at java.util.concurrent.FutureTask.run(FutureTask.java:266)
12-11 09:42:47.268  1110  1927 W HeterodyneSyncer: 	at amze.c(:com.google.android.gms@243433041@24.34.33 (190800-666809342):50)
12-11 09:42:47.268  1110  1927 W HeterodyneSyncer: 	at amze.run(:com.google.android.gms@243433041@24.34.33 (190800-666809342):76)
12-11 09:42:47.268  1110  1927 W HeterodyneSyncer: 	at java.util.concurrent.ThreadPoolExecutor.runWorker(ThreadPoolExecutor.java:1167)
12-11 09:42:47.268  1110  1927 W HeterodyneSyncer: 	at java.util.concurrent.ThreadPoolExecutor$Worker.run(ThreadPoolExecutor.java:641)
12-11 09:42:47.268  1110  1927 W HeterodyneSyncer: 	at aneq.run(:com.google.android.gms@243433041@24.34.33 (190800-666809342):8)
12-11 09:42:47.268  1110  1927 W HeterodyneSyncer: 	at java.lang.Thread.run(Thread.java:920)
12-11 09:42:47.268  1110  1927 W HeterodyneSyncer: Caused by: java.io.IOException: request causes GmsNetworkException without UrlResponseInfo at execution
12-11 09:42:47.268  1110  1927 W HeterodyneSyncer: 	at dcfp.a(:com.google.android.gms@243433041@24.34.33 (190800-666809342):450)
12-11 09:42:47.268  1110  1927 W HeterodyneSyncer: 	at dcfj.M(:com.google.android.gms@243433041@24.34.33 (190800-666809342):17)
12-11 09:42:47.268  1110  1927 W HeterodyneSyncer: 	... 13 more
12-11 09:42:47.268  1110  1927 W HeterodyneSyncer: Caused by: bpyi: Failed to process request
12-11 09:42:47.268  1110  1927 W HeterodyneSyncer: 	at bpyo.a(:com.google.android.gms@243433041@24.34.33 (190800-666809342):23)
12-11 09:42:47.268  1110  1927 W HeterodyneSyncer: 	at bqch.b(:com.google.android.gms@243433041@24.34.33 (190800-666809342):15)
12-11 09:42:47.268  1110  1927 W HeterodyneSyncer: 	at bqcv.onFailed(:com.google.android.gms@243433041@24.34.33 (190800-666809342):15)
12-11 09:42:47.268  1110  1927 W HeterodyneSyncer: 	at m.mr.onFailed(:com.google.android.gms.dynamite_cronetdynamite@243433041@24.34.33 (190800-0):3)
12-11 09:42:47.268  1110  1927 W HeterodyneSyncer: 	at m.ls.run(:com.google.android.gms.dynamite_cronetdynamite@243433041@24.34.33 (190800-0):9)
12-11 09:42:47.268  1110  1927 W HeterodyneSyncer: 	... 6 more
12-11 09:42:47.268  1110  1927 W HeterodyneSyncer: Caused by: m.mb: Exception in CronetUrlRequest: net::ERR_NAME_NOT_RESOLVED, ErrorCode=1, InternalErrorCode=-105, Retryable=false
12-11 09:42:47.268  1110  1927 W HeterodyneSyncer: 	at org.chromium.net.impl.CronetUrlRequest.onError(:com.google.android.gms.dynamite_cronetdynamite@243433041@24.34.33 (190800-0):4)
12-11 09:42:47.414  3900  3900 W webview_servic: JIT profile information will not be recorded: profile file does not exist.
12-11 09:42:47.415  3900  3900 W webview_servic: JIT profile information will not be recorded: profile file does not exist.
12-11 09:42:47.489  3900  3900 W webview_servic: JIT profile information will not be recorded: profile file does not exist.
12-11 09:42:47.498  3900  3900 W webview_servic: JIT profile information will not be recorded: profile file does not exist.
12-11 09:42:47.500  3900  3900 W webview_servic: JIT profile information will not be recorded: profile file does not exist.
12-11 09:42:47.505  3900  3900 W webview_servic: JIT profile information will not be recorded: profile file does not exist.
12-11 09:42:47.506  3900  3900 W webview_servic: JIT profile information will not be recorded: profile file does not exist.
12-11 09:42:47.526  3900  3900 W webview_servic: JIT profile information will not be recorded: profile file does not exist.
12-11 09:42:47.915  3900  3908 I webview_servic: WaitForGcToComplete blocked Background on None for 12.691ms
12-11 09:42:48.557  3877  3885 W oid.apps.photo: Suspending all threads took: 171.433ms
12-11 09:42:48.562  3900  3900 I LoadedApk: No resource references to update in package com.google.android.trichromelibrary
12-11 09:42:49.198  3900  3900 I cr_WebViewApkApp: version=131.0.6778.104 (677810438) minSdkVersion=29 isBundle=true processName=com.google.android.webview:webview_service
12-11 09:42:49.984   543   558 W Looper  : Slow dispatch took 264ms android.fg h=android.os.Handler c=com.android.server.Watchdog$HandlerChecker@76b52 m=0
12-11 09:42:50.312  3877  3885 W oid.apps.photo: Suspending all threads took: 155.148ms
12-11 09:42:51.508  3900  3908 W webview_servic: Suspending all threads took: 7.271ms
12-11 09:42:53.593  2007  2249 I SimStateUpdateHandler: Handling SimStateUpdate. Request for 3 work type received.
12-11 09:42:53.596  2007  2249 I SimStateUpdateHandler: Handling update phone SIM state.
12-11 09:42:53.621  2007  2249 I BugleSimStateTracker: Updating PhoneSimState
12-11 09:42:54.019   192   192 I servicemanager: Since 'apexservice' could not be found, trying to start it as a lazy AIDL service
12-11 09:42:54.146   543   543 W Looper  : Slow dispatch took 404ms main h=com.android.server.job.JobSchedulerService$JobHandler c=null m=1
12-11 09:42:55.222   543  1458 W ServiceManager: Waited one second for apexservice (is service started? are binder threads started and available?)
12-11 09:42:55.225   192   192 I servicemanager: Since 'apexservice' could not be found, trying to start it as a lazy AIDL service
12-11 09:42:55.337   543  1845 I ActivityManager: Killing 2683:com.google.android.gms.unstable/u0a98 (adj 915): empty #17
12-11 09:42:55.411   543   571 I libprocessgroup: Successfully killed process cgroup uid 10098 pid 2683 in 54ms
12-11 09:42:55.555   331   331 I Zygote  : Process 2683 exited due to signal 9 (Killed)
12-11 09:43:05.604   543  1458 W ServiceManager: Waited one second for apexservice (is service started? are binder threads started and available?)
12-11 09:43:05.623   192   192 I servicemanager: Since 'apexservice' could not be found, trying to start it as a lazy AIDL service
12-11 09:43:05.652   543   543 W JobServiceContext: Time-out while trying to bind 631c614 #u0a126/1033 com.google.android.apps.photos/.dbprocessor.impl.DatabaseProcessorJobService, dropping.
12-11 09:43:05.754   543   543 W Looper  : Slow delivery took 5976ms main h=com.android.server.job.JobServiceContext$JobServiceHandler c=null m=0
12-11 09:43:05.755   543   543 W Looper  : Slow dispatch took 102ms main h=com.android.server.job.JobServiceContext$JobServiceHandler c=null m=0
12-11 09:43:05.756   543   543 W Looper  : Drained
12-11 09:43:05.903   691   691 I wpa_supplicant: wlan0: CTRL-EVENT-BEACON-LOSS 
12-11 09:43:06.626   543  1458 W ServiceManager: Waited one second for apexservice (is service started? are binder threads started and available?)
12-11 09:43:06.627   192   192 I servicemanager: Since 'apexservice' could not be found, trying to start it as a lazy AIDL service
12-11 09:43:06.648  2007  2249 I BugleSimStateTracker: Is carrier config for identified carrier: true
12-11 09:43:06.750  2007  2249 I BugleSimStateTracker: Looking up Fi through package names.
12-11 09:43:06.812  2007  2249 I BugleSimStateTracker: default call SIM: redacted-pii:sim_id[chars:20,last3:897], default sms SIM redacted-pii:sim_id[chars:20,last3:897]. default data SIM redacted-pii:sim_id[chars:20,last3:897].
12-11 09:43:07.692  1884  3896 W Finsky  : [135] aamx.t(1094): Package com.android.apex.cts.shim not installed
12-11 09:43:07.812   543  1458 W ServiceManager: Waited one second for apexservice (is service started? are binder threads started and available?)
12-11 09:43:07.823   192   192 I servicemanager: Since 'apexservice' could not be found, trying to start it as a lazy AIDL service
12-11 09:43:08.310  1884  3896 W Finsky  : [135] aamx.t(1094): Package com.google.android.appsearch not installed
12-11 09:43:08.490  1884  3896 W Finsky  : [135] aamx.t(1094): Package com.android.i18n not installed
12-11 09:43:09.457  1884  3896 W Finsky  : [135] aamx.t(1094): Package com.google.android.runtime not installed
