12-11 01:56:10.589  1249  1718 I MediaProvider: End Intent { act=android.intent.action.MEDIA_SCANNER_SCAN_FILE dat=file:///sdcard/screen_2024-12-11_015627.png flg=0x1400010 cmp=com.google.android.providers.media.module/com.android.providers.media.MediaService }
12-11 01:56:10.598  5219  5232 I mit.droidbotap: Background concurrent copying GC freed 26525(957KB) AllocSpace objects, 21(1340KB) LOS objects, 49% free, 2258KB/4516KB, paused 3.926ms,347us total 126.910ms
12-11 01:56:10.984  5627  5944 I CCodecConfig: query failed after returning 12 values (BAD_INDEX)
12-11 01:56:10.996  5627  5944 W Codec2Client: query -- param skipped: index = 1342179345.
12-11 01:56:10.998  5627  5944 W Codec2Client: query -- param skipped: index = 2415921170.
12-11 01:56:10.999  5627  5944 W Codec2Client: query -- param skipped: index = 1610614798.
12-11 01:56:11.368  1099  5428 I NetworkScheduler.Stats: (REDACTED) Task %s/%s started execution. cause:%s exec_start_elapsed_seconds: %s
12-11 01:56:11.380  1099  6364 I NetworkScheduler.Stats: (REDACTED) Task %s/%s finished executing. cause:%s result: %s elapsed_millis: %s uptime_millis: %s exec_start_elapsed_seconds: %s
12-11 01:56:11.648  1249  2436 I MediaProvider: Deleted 0 1 0 0 0 0 0 items on external_primary due to com.android.shell
12-11 01:56:12.010   193   193 I servicemanager: Since 'apexservice' could not be found, trying to start it as a lazy AIDL service
12-11 01:56:12.268  1099  6393 I NetworkScheduler.Stats: (REDACTED) Task %s/%s started execution. cause:%s exec_start_elapsed_seconds: %s
12-11 01:56:12.344  1099  5428 I NetworkScheduler.Stats: (REDACTED) Task %s/%s finished executing. cause:%s result: %s elapsed_millis: %s uptime_millis: %s exec_start_elapsed_seconds: %s
12-11 01:56:12.555  5627  5644 I .instagram.lit: JIT allocated 51KB for compiled code of X.2nE X.3VC.A0M(android.net.Uri, java.io.InputStream)
12-11 01:56:12.556  5627  5644 I .instagram.lit: Compiler allocated 12MB to compile X.2nE X.3VC.A0M(android.net.Uri, java.io.InputStream)
12-11 01:56:13.058   549  2017 W ServiceManager: Waited one second for apexservice (is service started? are binder threads started and available?)
12-11 01:56:13.059   193   193 I servicemanager: Since 'apexservice' could not be found, trying to start it as a lazy AIDL service
12-11 01:56:13.382   193   193 I BpBinder: onLastStrongRef automatically unlinking death recipients: <uncached descriptor>
12-11 01:56:13.394   193   193 I servicemanager: Tried to unregister apexservice, but there is about to be a client.
12-11 01:56:13.569  1415  6418 I GmscoreIpa: Starting mediastore instant index [CONTEXT service_id=255 ]
12-11 01:56:16.796  1249  2436 W MediaProvider: isAppCloneUserPair for user 0: false
12-11 01:56:16.852   198   198 I hwservicemanager: getTransport: Cannot find entry android.hardware.graphics.mapper@4.0::IMapper/default in either framework or device VINTF manifest.
12-11 01:56:16.852  6436  6438 I Gralloc4: mapper 4.x is not supported
12-11 01:56:17.222  1099  6393 I NetworkScheduler.Stats: (REDACTED) Task %s/%s started execution. cause:%s exec_start_elapsed_seconds: %s
12-11 01:56:17.273  1099  6393 I NetworkScheduler.Stats: (REDACTED) Task %s/%s finished executing. cause:%s result: %s elapsed_millis: %s uptime_millis: %s exec_start_elapsed_seconds: %s
12-11 01:56:17.358  1099  1108 I .gms.persisten: Background young concurrent copying GC freed 99114(5927KB) AllocSpace objects, 0(0B) LOS objects, 14% free, 29MB/35MB, paused 50.057ms,340us total 280.717ms
12-11 01:56:17.551   193   193 I servicemanager: Notifying apexservice they have clients: 1
12-11 01:56:18.567  1257  1727 I bake    : (REDACTED) getHotwordActive::active query: %s, watch: %s, devices connected: %s
12-11 01:56:19.439  1249  1718 I MediaProvider: Begin Intent { act=android.intent.action.MEDIA_SCANNER_SCAN_FILE dat=file:///sdcard/screen_2024-12-11_015636.png flg=0x1400010 cmp=com.google.android.providers.media.module/com.android.providers.media.MediaService }
12-11 01:56:19.532  1249  1269 I FuseDaemon: Background young concurrent copying GC freed 5589(451KB) AllocSpace objects, 15(3372KB) LOS objects, 35% free, 4595KB/7117KB, paused 15.428ms,375us total 46.455ms
12-11 01:56:19.601  1249  1718 I MediaProvider: End Intent { act=android.intent.action.MEDIA_SCANNER_SCAN_FILE dat=file:///sdcard/screen_2024-12-11_015636.png flg=0x1400010 cmp=com.google.android.providers.media.module/com.android.providers.media.MediaService }
12-11 01:56:20.029  1099  6364 I NetworkScheduler.Stats: (REDACTED) Task %s/%s started execution. cause:%s exec_start_elapsed_seconds: %s
12-11 01:56:20.095  1099  6393 I NetworkScheduler.Stats: (REDACTED) Task %s/%s finished executing. cause:%s result: %s elapsed_millis: %s uptime_millis: %s exec_start_elapsed_seconds: %s
12-11 01:56:21.227  1249  2436 I MediaProvider: Deleted 0 1 0 0 0 0 0 items on external_primary due to com.android.shell
12-11 01:56:22.185  1099  6393 I NetworkScheduler.Stats: (REDACTED) Task %s/%s started execution. cause:%s exec_start_elapsed_seconds: %s
12-11 01:56:22.234  1099  6290 I NetworkScheduler.Stats: (REDACTED) Task %s/%s finished executing. cause:%s result: %s elapsed_millis: %s uptime_millis: %s exec_start_elapsed_seconds: %s
12-11 01:56:29.288  1249  2436 W MediaProvider: isAppCloneUserPair for user 0: false
12-11 01:56:29.352   198   198 I hwservicemanager: getTransport: Cannot find entry android.hardware.graphics.mapper@4.0::IMapper/default in either framework or device VINTF manifest.
12-11 01:56:29.353  6505  6507 I Gralloc4: mapper 4.x is not supported
12-11 01:56:29.708  1099  6290 I NetworkScheduler.Stats: (REDACTED) Task %s/%s started execution. cause:%s exec_start_elapsed_seconds: %s
12-11 01:56:29.733  1099  6364 I NetworkScheduler.Stats: (REDACTED) Task %s/%s finished executing. cause:%s result: %s elapsed_millis: %s uptime_millis: %s exec_start_elapsed_seconds: %s
12-11 01:56:29.769  5627  6504 E MnshttpNetworkFetcher: MNS error: 
12-11 01:56:29.769  5627  6504 E MnshttpNetworkFetcher: java.io.IOException: [MNSQUICConnection] ERR_HANDSHAKE_TIMEOUT
12-11 01:56:29.769  5627  6504 E MnshttpNetworkFetcher: 	at com.facebook.mobilenetwork.HttpClient.runEVLoop(Native Method)
12-11 01:56:29.769  5627  6504 E MnshttpNetworkFetcher: 	at com.facebook.mobilenetwork.HttpClient.access$100(:0)
12-11 01:56:29.769  5627  6504 E MnshttpNetworkFetcher: 	at X.3q2.run(:7)
12-11 01:56:29.769  5627  6504 E MnshttpNetworkFetcher: 	at java.lang.Thread.run(Thread.java:920)
12-11 01:56:29.859  5627  6504 E MnshttpNetworkFetcher: MNS error: 
12-11 01:56:29.859  5627  6504 E MnshttpNetworkFetcher: java.io.IOException: [MNSQUICConnection] ERR_HANDSHAKE_TIMEOUT
12-11 01:56:29.859  5627  6504 E MnshttpNetworkFetcher: 	at com.facebook.mobilenetwork.HttpClient.runEVLoop(Native Method)
12-11 01:56:29.859  5627  6504 E MnshttpNetworkFetcher: 	at com.facebook.mobilenetwork.HttpClient.access$100(:0)
12-11 01:56:29.859  5627  6504 E MnshttpNetworkFetcher: 	at X.3q2.run(:7)
12-11 01:56:29.859  5627  6504 E MnshttpNetworkFetcher: 	at java.lang.Thread.run(Thread.java:920)
12-11 01:56:29.948  5627  6302 W DefaultDashChunkSource: BlockListTrack: blockListed=null, skipChunkedTrackBlockListUtil=true, chunk.trackFormat=Format(3428270383984673v, null, video/mp4, video/avc, avc1.4d001e, 299486, null, [360, 640, 24.03006], [-1, -1]), responseCode=N/A
12-11 01:56:32.141  1249  1718 I MediaProvider: Begin Intent { act=android.intent.action.MEDIA_SCANNER_SCAN_FILE dat=file:///sdcard/screen_2024-12-11_015648.png flg=0x1400010 cmp=com.google.android.providers.media.module/com.android.providers.media.MediaService }
12-11 01:56:32.352  1249  1718 I MediaProvider: End Intent { act=android.intent.action.MEDIA_SCANNER_SCAN_FILE dat=file:///sdcard/screen_2024-12-11_015648.png flg=0x1400010 cmp=com.google.android.providers.media.module/com.android.providers.media.MediaService }
12-11 01:56:32.433  1249  1269 I FuseDaemon: Background concurrent copying GC freed 38241(1620KB) AllocSpace objects, 12(3200KB) LOS objects, 49% free, 2478KB/4956KB, paused 1.514ms,2.023ms total 215.778ms
12-11 01:56:32.710  1099  1108 I .gms.persisten: Background young concurrent copying GC freed 78518(4416KB) AllocSpace objects, 0(0B) LOS objects, 12% free, 30MB/35MB, paused 2.324ms,259us total 173.999ms
12-11 01:56:32.857  1099  2380 I NetworkScheduler.Stats: (REDACTED) Task %s/%s started execution. cause:%s exec_start_elapsed_seconds: %s
12-11 01:56:32.891  1099  2380 I NetworkScheduler.Stats: (REDACTED) Task %s/%s finished executing. cause:%s result: %s elapsed_millis: %s uptime_millis: %s exec_start_elapsed_seconds: %s
12-11 01:56:33.069  4916  4951 I Dialer  : OmtpVvmCarrierCfgHlpr - OmtpEvent:CONFIG_STATUS_SMS_TIME_OUT
12-11 01:56:33.071  4916  4916 I Dialer  : RetryPolicy - discarding deferred status: configuration_state=4
12-11 01:56:33.073  4916  4916 I Dialer  : VvmTaskExecutor - no more tasks, stopping service if no task are added in 5000 millis
12-11 01:56:33.078  4916  4916 I Dialer  : VvmTaskReceiver - task received
12-11 01:56:33.079  4916  4916 I Dialer  : VvmTaskReceiver - TaskExecutor already running
12-11 01:56:33.079  4916  4916 I Dialer  : Task.createTask - create task:com.android.voicemail.impl.ActivationTask
12-11 01:56:33.080  4916  4916 I Dialer  : RetryPolicy - retry #3 for com.android.voicemail.impl.ActivationTask@359bf23 queued, executing in 5000
12-11 01:56:33.080  4916  4916 I Dialer  : VvmTaskExecutor - com.android.voicemail.impl.ActivationTask@359bf23 added
12-11 01:56:33.081  4916  4916 I Dialer  : VvmTaskExecutor - minimal wait time:5000
12-11 01:56:33.086  4916  4916 I Dialer  : VvmTaskExecutor - sleep for 5000 millis
12-11 01:56:33.241  1249  2436 I MediaProvider: Deleted 0 1 0 0 0 0 0 items on external_primary due to com.android.shell
12-11 01:56:33.586  1099  6364 I NetworkScheduler.Stats: (REDACTED) Task %s/%s started execution. cause:%s exec_start_elapsed_seconds: %s
12-11 01:56:33.604  1099  6290 I NetworkScheduler.Stats: (REDACTED) Task %s/%s finished executing. cause:%s result: %s elapsed_millis: %s uptime_millis: %s exec_start_elapsed_seconds: %s
12-11 01:56:38.140  4916  4951 I Dialer  : VvmTaskExecutor - executing task com.android.voicemail.impl.ActivationTask@359bf23
12-11 01:56:38.141  4916  4951 I Dialer  : PreOMigrationHandler - ComponentInfo{com.android.phone/com.android.services.telephony.TelephonyConnectionService}, ***, UserHandle{0} already migrated
12-11 01:56:38.262  3950  3962 I VoicemailNotifier: receivers for android.intent.action.PROVIDER_CHANGED :[]
12-11 01:56:38.274  4916  4951 I Dialer  : VvmActivationTask - VVM content provider configured - vvm_type_cvvm
12-11 01:56:38.282  4916  4951 I Dialer  : OmtpVvmCarrierCfgHlpr - OmtpEvent:CONFIG_ACTIVATING
12-11 01:56:38.336  3950  3962 I VoicemailNotifier: receivers for android.intent.action.PROVIDER_CHANGED :[]
12-11 01:56:41.653   549   558 I system_server: Background young concurrent copying GC freed 292312(20MB) AllocSpace objects, 38(940KB) LOS objects, 42% free, 26MB/46MB, paused 17.124ms,376us total 375.879ms
12-11 01:56:43.354  1463  1463 I byzo    : (REDACTED) Starting %s background task %s.
12-11 01:56:43.471   549  1447 W UriGrantsManagerService: No permission grants found for com.google.android.apps.photos
12-11 01:56:43.472   549  1447 W UriGrantsManagerService: No permission grants found for com.google.android.apps.photos
12-11 01:56:43.533  1463  6612 I bwww    : Using pair HTTP connection
12-11 01:56:43.556  1463  3814 I aoxr    : [Upload] Connected
12-11 01:56:43.640  1463  1636 W fdgh    : Upload request without a content type.
12-11 01:56:43.661  1463  1463 E vuw     : onError
12-11 01:56:43.661  1463  1463 E vuw     : avyw: errorCode: 65561, engine: 2
12-11 01:56:43.661  1463  1463 E vuw     : 	at bwwy.a(PG:3)
12-11 01:56:43.661  1463  1463 E vuw     : 	at aoxn.ho(PG:1)
12-11 01:56:43.661  1463  1463 E vuw     : 	at ioyb.e(PG:2)
12-11 01:56:43.661  1463  1463 E vuw     : 	at axzh.d(PG:21)
12-11 01:56:43.661  1463  1463 E vuw     : 	at axzh.ja(PG:6)
12-11 01:56:43.661  1463  1463 E vuw     : 	at aoxo.c(PG:14)
12-11 01:56:43.661  1463  1463 E vuw     : 	at aoxp.run(PG:1)
12-11 01:56:43.661  1463  1463 E vuw     : 	at java.util.concurrent.Executors$RunnableAdapter.call(Executors.java:462)
12-11 01:56:43.661  1463  1463 E vuw     : 	at java.util.concurrent.FutureTask.run(FutureTask.java:266)
12-11 01:56:43.661  1463  1463 E vuw     : 	at awly.run(PG:2)
12-11 01:56:43.661  1463  1463 E vuw     : 	at awoa.run(PG:1)
12-11 01:56:43.661  1463  1463 E vuw     : 	at awoa.run(PG:1)
12-11 01:56:43.661  1463  1463 E vuw     : 	at java.util.concurrent.ThreadPoolExecutor.runWorker(ThreadPoolExecutor.java:1167)
12-11 01:56:43.661  1463  1463 E vuw     : 	at java.util.concurrent.ThreadPoolExecutor$Worker.run(ThreadPoolExecutor.java:641)
12-11 01:56:43.661  1463  1463 E vuw     : 	at java.lang.Thread.run(Thread.java:920)
12-11 01:56:43.661  1463  1463 E vuw     : 	at awmf.run(PG:5)
12-11 01:56:43.661  1463  1463 E vuw     : Caused by: avyy: errorCode: 65586, engine: 2
12-11 01:56:43.661  1463  1463 E vuw     : 	... 15 more
12-11 01:56:43.661  1463  1463 E vuw     : Caused by: avyu: errorCode: 401, engine: 2
12-11 01:56:43.661  1463  1463 E vuw     : 	at vut.a(PG:5)
12-11 01:56:43.661  1463  1463 E vuw     : 	at aoyk.hu(PG:2)
12-11 01:56:43.661  1463  1463 E vuw     : 	at axzh.d(PG:15)
12-11 01:56:43.661  1463  1463 E vuw     : 	... 12 more
12-11 01:56:43.682  1463  3814 I bwww    : Using pair HTTP connection
12-11 01:56:43.773  1463  3825 I aoxr    : [Upload] Connected
12-11 01:56:43.821  1463  1463 W vdi     : Failed to sync device settings.
12-11 01:56:43.822  1463  1463 I vdi     : Retrying to sync device settings.
12-11 01:56:44.314   549   606 W UriGrantsManagerService: No permission grants found for com.google.android.apps.photos
12-11 01:56:44.324   549   606 W UriGrantsManagerService: No permission grants found for com.google.android.apps.photos
12-11 01:56:44.479   549  2014 W UriGrantsManagerService: No permission grants found for com.google.android.apps.photos
12-11 01:56:44.480   549  2014 W UriGrantsManagerService: No permission grants found for com.google.android.apps.photos
12-11 01:56:46.344  5219  5232 I mit.droidbotap: Background concurrent copying GC freed 25930(938KB) AllocSpace objects, 21(1444KB) LOS objects, 49% free, 2299KB/4599KB, paused 10.720ms,137us total 79.281ms
12-11 01:56:47.345  1415  6645 I GmscoreIpa: Starting mediastore instant index [CONTEXT service_id=255 ]
12-11 01:56:47.754  1463  4309 W aoxv    : (REDACTED) [%s] response code: %d
12-11 01:56:48.321  5219  5232 I mit.droidbotap: Background concurrent copying GC freed 30162(1125KB) AllocSpace objects, 20(1200KB) LOS objects, 49% free, 2778KB/5557KB, paused 14.656ms,156us total 120.545ms
12-11 01:56:49.238  5219  5232 I mit.droidbotap: Background concurrent copying GC freed 36610(1390KB) AllocSpace objects, 47(1980KB) LOS objects, 49% free, 2424KB/4849KB, paused 5.412ms,130us total 75.752ms
12-11 01:56:49.495  5219  5232 I mit.droidbotap: Background young concurrent copying GC freed 23264(916KB) AllocSpace objects, 27(1152KB) LOS objects, 37% free, 3029KB/4849KB, paused 965us,18.202ms total 92.686ms
12-11 01:56:49.744  5219  5232 I mit.droidbotap: Background concurrent copying GC freed 21559(838KB) AllocSpace objects, 27(1224KB) LOS objects, 49% free, 2767KB/5535KB, paused 6.818ms,235us total 82.490ms
12-11 01:56:50.666  5627  5890 W PlayedForThreeSecondsDetectingHandler: PlayedForThreeSeconds status shouldn't be unknown when attempting to send event
12-11 01:56:50.671  5627  5627 W PlayedForThreeSecondsDetectingHandler: PlayedForThreeSeconds status shouldn't be unknown when attempting to send event
12-11 01:56:50.924  5627  5945 I hw-BpHwBinder: onLastStrongRef automatically unlinking death recipients
12-11 01:56:50.926   356   429 I GoldfishComponentStore: in ~ComponentModule
12-11 01:56:50.926   356   429 I GoldfishComponentStore: unloading dll
12-11 01:56:50.960  5627  5926 E BufferQueueProducer: [SurfaceTexture-0-5627-1](id:15fb00000002,api:0,p:-1,c:5627) detachBuffer: BufferQueue has no connected producer
12-11 01:56:50.962  5627  6679 W DefaultTrackSelector: Audio channel count constraints cannot be applied without reference to Context. Build the track selector instance with one of the non-deprecated constructors that take a Context argument.
12-11 01:56:50.965  5627  6679 W DefaultTrackSelector: Audio channel count constraints cannot be applied without reference to Context. Build the track selector instance with one of the non-deprecated constructors that take a Context argument.
12-11 01:56:50.984  5627  5945 I CCodec  : setting up 'default' as default (vendor) store
12-11 01:56:50.985   356   429 I GoldfishComponentStore: in init
12-11 01:56:50.989   356   429 I GoldfishComponentStore: loading dll of path libcodec2_goldfish_avcdec.so
12-11 01:56:50.989   356   429 I GoldfishComponentStore: Create()
12-11 01:56:50.992   356   429 I GoldfishComponentStore: created interface
12-11 01:56:50.997   356   429 I GoldfishComponentStore: created component
12-11 01:56:51.004  5627  5945 I CCodec  : Created component [c2.goldfish.h264.decoder]
12-11 01:56:51.038  5627  5945 I CCodecConfig: query failed after returning 12 values (BAD_INDEX)
12-11 01:56:51.041  5627  5945 W ColorUtils: expected specified color aspects (2:0:0:0)
12-11 01:56:51.048  5627  6679 W DefaultTrackSelector: Audio channel count constraints cannot be applied without reference to Context. Build the track selector instance with one of the non-deprecated constructors that take a Context argument.
12-11 01:56:51.080  5627  5944 I MediaCodec: [c2.goldfish.h264.decoder] setting surface generation to 5762051
12-11 01:56:51.094  5627  5945 W Codec2Client: query -- param skipped: index = 1107298332.
12-11 01:56:51.099  5627  5945 W CCodec  : This behavior is subject to change. It is recommended that app developers double check whether the requested max input size is in reasonable range.
12-11 01:56:51.105  5627  5945 I CCodecConfig: query failed after returning 12 values (BAD_INDEX)
12-11 01:56:51.125  5627  5945 W Codec2Client: query -- param skipped: index = 1342179345.
12-11 01:56:51.126  5627  5945 W Codec2Client: query -- param skipped: index = 2415921170.
12-11 01:56:51.134  5627  5945 W Codec2Client: query -- param skipped: index = 1610614798.
12-11 01:56:51.140  5627  5945 W Codec2Client: query -- param skipped: index = 2684356609.
12-11 01:56:51.164  5627  5945 I CCodecBufferChannel: [c2.goldfish.h264.decoder#589] Created output block pool with allocatorID 18 => poolID 19 - OK
12-11 01:56:52.235  5627  5944 I CCodecConfig: query failed after returning 12 values (BAD_INDEX)
12-11 01:56:52.248  5627  5944 W Codec2Client: query -- param skipped: index = 1342179345.
12-11 01:56:52.248  5627  5944 W Codec2Client: query -- param skipped: index = 2415921170.
12-11 01:56:52.249  5627  5944 W Codec2Client: query -- param skipped: index = 1610614798.
12-11 01:56:52.912  5627  5944 W MediaCodec: mapFormat: no mediaType information
12-11 01:56:52.996  5219  5232 I mit.droidbotap: Background concurrent copying GC freed 38107(1518KB) AllocSpace objects, 46(1928KB) LOS objects, 49% free, 2478KB/4956KB, paused 7.201ms,121us total 50.885ms
12-11 01:56:53.379  5627  5645 I .instagram.lit: Background young concurrent copying GC freed 217830(13MB) AllocSpace objects, 81(4704KB) LOS objects, 39% free, 23MB/37MB, paused 2.866ms,416us total 337.557ms
12-11 01:56:53.528  5219  5232 I mit.droidbotap: Background young concurrent copying GC freed 26699(1038KB) AllocSpace objects, 34(1384KB) LOS objects, 51% free, 2392KB/4956KB, paused 11.516ms,305us total 54.624ms
12-11 01:56:53.921  5627  5673 W LastMsysLogins: Possible Relogin - handleMessagePersistentPropertiesTable  uid: null hash null
12-11 01:56:55.948  5219  5232 I mit.droidbotap: Background young concurrent copying GC freed 15542(631KB) AllocSpace objects, 19(1244KB) LOS objects, 34% free, 3069KB/4671KB, paused 3.136ms,5.681ms total 168.624ms
12-11 01:56:56.540  5219  5232 I mit.droidbotap: Background concurrent copying GC freed 29177(1067KB) AllocSpace objects, 21(1364KB) LOS objects, 49% free, 2365KB/4731KB, paused 13.248ms,872us total 230.805ms
12-11 01:56:57.254  1249  1409 W MediaProvider: isAppCloneUserPair for user 0: false
12-11 01:56:57.287   198   198 I hwservicemanager: getTransport: Cannot find entry android.hardware.graphics.mapper@4.0::IMapper/default in either framework or device VINTF manifest.
12-11 01:56:57.298  6733  6737 I Gralloc4: mapper 4.x is not supported
12-11 01:56:57.940  1099  6290 I NetworkScheduler.Stats: (REDACTED) Task %s/%s started execution. cause:%s exec_start_elapsed_seconds: %s
12-11 01:56:58.179  5219  5232 I mit.droidbotap: Background concurrent copying GC freed 28052(1033KB) AllocSpace objects, 21(1340KB) LOS objects, 49% free, 2472KB/4944KB, paused 33.010ms,3.992ms total 438.901ms
12-11 01:56:58.272  1099  6741 I NetworkScheduler.Stats: (REDACTED) Task %s/%s finished executing. cause:%s result: %s elapsed_millis: %s uptime_millis: %s exec_start_elapsed_seconds: %s
12-11 01:56:58.455  1415  1415 I GmsCoreXrpcWrapper: (REDACTED) Returning a channel provider with trafficStatsTag=%d trafficStatsUid=%d
12-11 01:56:58.557  1099  6741 I NetworkScheduler.Stats: (REDACTED) Task %s/%s started execution. cause:%s exec_start_elapsed_seconds: %s
12-11 01:56:58.811  1099  1114 W GLSUser : [DeviceKeyStore] Cannot load key: Device key file not found.
12-11 01:56:59.083  5219  5232 I mit.droidbotap: Background young concurrent copying GC freed 18797(741KB) AllocSpace objects, 21(1232KB) LOS objects, 32% free, 3328KB/4944KB, paused 7.443ms,15.566ms total 150.492ms
12-11 01:56:59.639  1249  1718 I MediaProvider: Begin Intent { act=android.intent.action.MEDIA_SCANNER_SCAN_FILE dat=file:///sdcard/screen_2024-12-11_015716.png flg=0x1400010 cmp=com.google.android.providers.media.module/com.android.providers.media.MediaService }
12-11 01:56:59.787  1249  1718 I MediaProvider: End Intent { act=android.intent.action.MEDIA_SCANNER_SCAN_FILE dat=file:///sdcard/screen_2024-12-11_015716.png flg=0x1400010 cmp=com.google.android.providers.media.module/com.android.providers.media.MediaService }
12-11 01:56:59.872  1249  1269 I FuseDaemon: Background young concurrent copying GC freed 9639(843KB) AllocSpace objects, 9(2224KB) LOS objects, 48% free, 2530KB/4956KB, paused 1.308ms,312us total 176.230ms
12-11 01:57:00.038  1099  1108 I .gms.persisten: WaitForGcToComplete blocked Background on None for 11.610ms
12-11 01:57:00.263  1099  1108 W .gms.persisten: Suspending all threads took: 23.575ms
12-11 01:57:00.291  5219  5232 I mit.droidbotap: Background concurrent copying GC freed 25610(972KB) AllocSpace objects, 19(1280KB) LOS objects, 49% free, 2544KB/5088KB, paused 1.898ms,268us total 161.543ms
12-11 01:57:00.297  1099  1108 I .gms.persisten: Background young concurrent copying GC freed 78362(4758KB) AllocSpace objects, 1(20KB) LOS objects, 11% free, 31MB/35MB, paused 53.272ms,31.689ms total 256.564ms
12-11 01:57:00.351  1099  1114 W GmsUrlRequestImpl: Content-Type header is overwritten.
12-11 01:57:00.465  1099  6290 I NetworkScheduler.Stats: (REDACTED) Task %s/%s started execution. cause:%s exec_start_elapsed_seconds: %s
12-11 01:57:00.504  1099  6290 I NetworkScheduler.Stats: (REDACTED) Task %s/%s finished executing. cause:%s result: %s elapsed_millis: %s uptime_millis: %s exec_start_elapsed_seconds: %s
12-11 01:57:01.428  1249  1409 I MediaProvider: Deleted 0 1 0 0 0 0 0 items on external_primary due to com.android.shell
12-11 01:57:02.334  1099  6741 I NetworkScheduler.Stats: (REDACTED) Task %s/%s started execution. cause:%s exec_start_elapsed_seconds: %s
12-11 01:57:02.402  1099  6742 I NetworkScheduler.Stats: (REDACTED) Task %s/%s finished executing. cause:%s result: %s elapsed_millis: %s uptime_millis: %s exec_start_elapsed_seconds: %s
12-11 01:57:07.831  5627  5944 W MediaCodec: mapFormat: no mediaType information
12-11 01:57:07.928  5627  5944 W MediaCodec: mapFormat: no mediaType information
12-11 01:57:07.990  1099  6290 I NetworkScheduler.Stats: (REDACTED) Task %s/%s started execution. cause:%s exec_start_elapsed_seconds: %s
12-11 01:57:08.036  1099  6742 W TapAndPay: NfcAdapter is null while obtaining CardEmulation instance. [CONTEXT service_id=79 ]
12-11 01:57:08.036  1099  6742 W TapAndPay: java.lang.NullPointerException: NfcAdapter is null
12-11 01:57:08.036  1099  6742 W TapAndPay: 	at android.nfc.cardemulation.CardEmulation.getInstance(CardEmulation.java:150)
12-11 01:57:08.036  1099  6742 W TapAndPay: 	at dkmu.<init>(:com.google.android.gms@243433041@24.34.33 (190800-666809342):15)
12-11 01:57:08.036  1099  6742 W TapAndPay: 	at com.google.android.gms.tapandpay.hce.task.TapAndPayAidRegistrationTaskOperation.a(:com.google.android.gms@243433041@24.34.33 (190800-666809342):50)
12-11 01:57:08.036  1099  6742 W TapAndPay: 	at com.google.android.gms.tapandpay.gcmtask.TapAndPayGcmTaskChimeraService.a(:com.google.android.gms@243433041@24.34.33 (190800-666809342):32)
12-11 01:57:08.036  1099  6742 W TapAndPay: 	at bqfr.call(:com.google.android.gms@243433041@24.34.33 (190800-666809342):32)
12-11 01:57:08.036  1099  6742 W TapAndPay: 	at java.util.concurrent.FutureTask.run(FutureTask.java:266)
12-11 01:57:08.036  1099  6742 W TapAndPay: 	at amze.c(:com.google.android.gms@243433041@24.34.33 (190800-666809342):50)
12-11 01:57:08.036  1099  6742 W TapAndPay: 	at amze.run(:com.google.android.gms@243433041@24.34.33 (190800-666809342):76)
12-11 01:57:08.036  1099  6742 W TapAndPay: 	at java.util.concurrent.ThreadPoolExecutor.runWorker(ThreadPoolExecutor.java:1167)
12-11 01:57:08.036  1099  6742 W TapAndPay: 	at java.util.concurrent.ThreadPoolExecutor$Worker.run(ThreadPoolExecutor.java:641)
12-11 01:57:08.036  1099  6742 W TapAndPay: 	at aneq.run(:com.google.android.gms@243433041@24.34.33 (190800-666809342):8)
12-11 01:57:08.036  1099  6742 W TapAndPay: 	at java.lang.Thread.run(Thread.java:920)
12-11 01:57:08.261  1099  6290 I NetworkScheduler.Stats: (REDACTED) Task %s/%s finished executing. cause:%s result: %s elapsed_millis: %s uptime_millis: %s exec_start_elapsed_seconds: %s
12-11 01:57:08.589   364   364 E android.hardware.power.stats@1.0-service-mock: Failed to getEnergyData
12-11 01:57:08.709  1249  1409 W MediaProvider: isAppCloneUserPair for user 0: false
12-11 01:57:08.753   198   198 I hwservicemanager: getTransport: Cannot find entry android.hardware.graphics.mapper@4.0::IMapper/default in either framework or device VINTF manifest.
12-11 01:57:08.754  6804  6810 I Gralloc4: mapper 4.x is not supported
12-11 01:57:08.987  1099  1108 I .gms.persisten: Background young concurrent copying GC freed 66538(4072KB) AllocSpace objects, 0(0B) LOS objects, 11% free, 31MB/35MB, paused 11.675ms,280us total 126.027ms
12-11 01:57:09.022  1099  6742 I NetworkScheduler.Stats: (REDACTED) Task %s/%s started execution. cause:%s exec_start_elapsed_seconds: %s
12-11 01:57:09.101  1099  2394 I NetworkScheduler.Stats: (REDACTED) Task %s/%s finished executing. cause:%s result: %s elapsed_millis: %s uptime_millis: %s exec_start_elapsed_seconds: %s
12-11 01:57:12.104  1249  1718 I MediaProvider: Begin Intent { act=android.intent.action.MEDIA_SCANNER_SCAN_FILE dat=file:///sdcard/screen_2024-12-11_015728.png flg=0x1400010 cmp=com.google.android.providers.media.module/com.android.providers.media.MediaService }
12-11 01:57:12.164   549   558 W system_server: Suspending all threads took: 5.598ms
12-11 01:57:12.189   549   558 I system_server: Background young concurrent copying GC freed 284582(20MB) AllocSpace objects, 20(472KB) LOS objects, 41% free, 27MB/46MB, paused 14.886ms,6.255ms total 505.432ms
12-11 01:57:12.301  1249  1718 I MediaProvider: End Intent { act=android.intent.action.MEDIA_SCANNER_SCAN_FILE dat=file:///sdcard/screen_2024-12-11_015728.png flg=0x1400010 cmp=com.google.android.providers.media.module/com.android.providers.media.MediaService }
12-11 01:57:12.320  1249  1269 I FuseDaemon: Background concurrent copying GC freed 5747(414KB) AllocSpace objects, 9(2096KB) LOS objects, 49% free, 2452KB/4905KB, paused 8.497ms,227us total 145.466ms
12-11 01:57:12.523  1099  4061 I NetworkScheduler.Stats: (REDACTED) Task %s/%s started execution. cause:%s exec_start_elapsed_seconds: %s
12-11 01:57:12.540  1099  6742 I NetworkScheduler.Stats: (REDACTED) Task %s/%s finished executing. cause:%s result: %s elapsed_millis: %s uptime_millis: %s exec_start_elapsed_seconds: %s
12-11 01:57:13.204  1249  1409 I MediaProvider: Deleted 0 1 0 0 0 0 0 items on external_primary due to com.android.shell
12-11 01:57:13.224  1099  1114 W GLSUser : [AppCertManager] Exception while requesting key: 
12-11 01:57:13.224  1099  1114 W GLSUser : java.util.concurrent.ExecutionException: bpyn: Parse Proto Exception with response code 400
12-11 01:57:13.224  1099  1114 W GLSUser : 	at exkm.s(:com.google.android.gms@243433041@24.34.33 (190800-666809342):21)
12-11 01:57:13.224  1099  1114 W GLSUser : 	at exkm.get(:com.google.android.gms@243433041@24.34.33 (190800-666809342):10)
12-11 01:57:13.224  1099  1114 W GLSUser : 	at xft.b(:com.google.android.gms@243433041@24.34.33 (190800-666809342):513)
12-11 01:57:13.224  1099  1114 W GLSUser : 	at xfr.a(:com.google.android.gms@243433041@24.34.33 (190800-666809342):70)
12-11 01:57:13.224  1099  1114 W GLSUser : 	at xfr.fr(:com.google.android.gms@243433041@24.34.33 (190800-666809342):16)
12-11 01:57:13.224  1099  1114 W GLSUser : 	at nqj.onTransact(:com.google.android.gms@243433041@24.34.33 (190800-666809342):97)
12-11 01:57:13.224  1099  1114 W GLSUser : 	at android.os.Binder.transact(Binder.java:1064)
12-11 01:57:13.224  1099  1114 W GLSUser : 	at bjtl.onTransact(:com.google.android.gms@243433041@24.34.33 (190800-666809342):10)
12-11 01:57:13.224  1099  1114 W GLSUser : 	at android.os.Binder.transact(Binder.java:1064)
12-11 01:57:13.224  1099  1114 W GLSUser : 	at bbdu.onTransact(:com.google.android.gms@243433041@24.34.33 (190800-666809342):148)
12-11 01:57:13.224  1099  1114 W GLSUser : 	at android.os.Binder.execTransactInternal(Binder.java:1179)
12-11 01:57:13.224  1099  1114 W GLSUser : 	at android.os.Binder.execTransact(Binder.java:1143)
12-11 01:57:13.224  1099  1114 W GLSUser : Caused by: bpyn: Parse Proto Exception with response code 400
12-11 01:57:13.224  1099  1114 W GLSUser : 	at bpzp.b(:com.google.android.gms@243433041@24.34.33 (190800-666809342):80)
12-11 01:57:13.224  1099  1114 W GLSUser : 	at bqch.d(:com.google.android.gms@243433041@24.34.33 (190800-666809342):18)
12-11 01:57:13.224  1099  1114 W GLSUser : 	at bqcv.onSucceeded(:com.google.android.gms@243433041@24.34.33 (190800-666809342):9)
12-11 01:57:13.224  1099  1114 W GLSUser : 	at m.mr.onSucceeded(:com.google.android.gms.dynamite_cronetdynamite@243433041@24.34.33 (190800-0):3)
12-11 01:57:13.224  1099  1114 W GLSUser : 	at m.lp.run(:com.google.android.gms.dynamite_cronetdynamite@243433041@24.34.33 (190800-0):25)
12-11 01:57:13.224  1099  1114 W GLSUser : 	at amze.c(:com.google.android.gms@243433041@24.34.33 (190800-666809342):50)
12-11 01:57:13.224  1099  1114 W GLSUser : 	at amze.run(:com.google.android.gms@243433041@24.34.33 (190800-666809342):97)
12-11 01:57:13.224  1099  1114 W GLSUser : 	at java.util.concurrent.ThreadPoolExecutor.runWorker(ThreadPoolExecutor.java:1167)
12-11 01:57:13.224  1099  1114 W GLSUser : 	at java.util.concurrent.ThreadPoolExecutor$Worker.run(ThreadPoolExecutor.java:641)
12-11 01:57:13.224  1099  1114 W GLSUser : 	at aneq.run(:com.google.android.gms@243433041@24.34.33 (190800-666809342):8)
12-11 01:57:13.224  1099  1114 W GLSUser : 	at java.lang.Thread.run(Thread.java:920)
12-11 01:57:13.224  1099  1114 W GLSUser : Caused by: fojs: Protocol message contained an invalid tag (zero).
12-11 01:57:13.224  1099  1114 W GLSUser : 	at fogo.k(:com.google.android.gms@243433041@24.34.33 (190800-666809342):43)
12-11 01:57:13.224  1099  1114 W GLSUser : 	at fokr.c(:com.google.android.gms@243433041@24.34.33 (190800-666809342):368)
12-11 01:57:13.224  1099  1114 W GLSUser : 	at fokr.i(:com.google.android.gms@243433041@24.34.33 (190800-666809342):8)
12-11 01:57:13.224  1099  1114 W GLSUser : 	at foiw.x(:com.google.android.gms@243433041@24.34.33 (190800-666809342):25)
12-11 01:57:13.224  1099  1114 W GLSUser : 	at foiq.g(:com.google.android.gms@243433041@24.34.33 (190800-666809342):3)
12-11 01:57:13.224  1099  1114 W GLSUser : 	at fogk.e(:com.google.android.gms@243433041@24.34.33 (190800-666809342):1)
12-11 01:57:13.224  1099  1114 W GLSUser : 	at fogk.d(:com.google.android.gms@243433041@24.34.33 (190800-666809342):3)
12-11 01:57:13.224  1099  1114 W GLSUser : 	at fogk.p(:com.google.android.gms@243433041@24.34.33 (190800-666809342):1)
12-11 01:57:13.224  1099  1114 W GLSUser : 	at bpzp.g(:com.google.android.gms@243433041@24.34.33 (190800-666809342):68)
12-11 01:57:13.224  1099  1114 W GLSUser : 	at bpzp.b(:com.google.android.gms@243433041@24.34.33 (190800-666809342):11)
12-11 01:57:13.224  1099  1114 W GLSUser : 	... 10 more
12-11 01:57:13.288  1099  1114 W GLSUser : [DeviceKeyStore] Cannot load key: Device key file not found.
12-11 01:57:13.389  1415  2870 E ggxu    : *~*~*~ Previous channel {0} was garbage collected without being shut down! ~*~*~*
12-11 01:57:13.389  1415  2870 E ggxu    :     Make sure to call shutdown()/shutdownNow()
12-11 01:57:13.389  1415  2870 E ggxu    : java.lang.RuntimeException: ManagedChannel allocation site
12-11 01:57:13.389  1415  2870 E ggxu    : 	at ggxt.<init>(:com.google.android.gms@243433041@24.34.33 (190800-666809342):21)
12-11 01:57:13.389  1415  2870 E ggxu    : 	at ggxu.<init>(:com.google.android.gms@243433041@24.34.33 (190800-666809342):10)
12-11 01:57:13.389  1415  2870 E ggxu    : 	at ggxs.a(:com.google.android.gms@243433041@24.34.33 (190800-666809342):249)
12-11 01:57:13.389  1415  2870 E ggxu    : 	at ggiy.a(:com.google.android.gms@243433041@24.34.33 (190800-666809342):5)
12-11 01:57:13.389  1415  2870 E ggxu    : 	at amtw.t(:com.google.android.gms@243433041@24.34.33 (190800-666809342):130)
12-11 01:57:13.389  1415  2870 E ggxu    : 	at amtw.e(:com.google.android.gms@243433041@24.34.33 (190800-666809342):5)
12-11 01:57:13.389  1415  2870 E ggxu    : 	at djwu.a(:com.google.android.gms@243433041@24.34.33 (190800-666809342):46)
12-11 01:57:13.389  1415  2870 E ggxu    : 	at djwa.c(:com.google.android.gms@243433041@24.34.33 (190800-666809342):8)
12-11 01:57:13.389  1415  2870 E ggxu    : 	at djwa.a(:com.google.android.gms@243433041@24.34.33 (190800-666809342):3)
12-11 01:57:13.389  1415  2870 E ggxu    : 	at aiti.run(:com.google.android.gms@243433041@24.34.33 (190800-666809342):5)
12-11 01:57:13.389  1415  2870 E ggxu    : 	at amze.c(:com.google.android.gms@243433041@24.34.33 (190800-666809342):50)
12-11 01:57:13.389  1415  2870 E ggxu    : 	at amze.run(:com.google.android.gms@243433041@24.34.33 (190800-666809342):76)
12-11 01:57:13.389  1415  2870 E ggxu    : 	at java.util.concurrent.ThreadPoolExecutor.runWorker(ThreadPoolExecutor.java:1167)
12-11 01:57:13.389  1415  2870 E ggxu    : 	at java.util.concurrent.ThreadPoolExecutor$Worker.run(ThreadPoolExecutor.java:641)
12-11 01:57:13.389  1415  2870 E ggxu    : 	at aneq.run(:com.google.android.gms@243433041@24.34.33 (190800-666809342):8)
12-11 01:57:13.389  1415  2870 E ggxu    : 	at java.lang.Thread.run(Thread.java:920)
12-11 01:57:13.389  1415  2870 E ggxu    : *~*~*~ Previous channel {0} was garbage collected without being shut down! ~*~*~*
12-11 01:57:13.389  1415  2870 E ggxu    :     Make sure to call shutdown()/shutdownNow()
12-11 01:57:13.389  1415  2870 E ggxu    : java.lang.RuntimeException: ManagedChannel allocation site
12-11 01:57:13.389  1415  2870 E ggxu    : 	at ggxt.<init>(:com.google.android.gms@243433041@24.34.33 (190800-666809342):21)
12-11 01:57:13.389  1415  2870 E ggxu    : 	at ggxu.<init>(:com.google.android.gms@243433041@24.34.33 (190800-666809342):10)
12-11 01:57:13.389  1415  2870 E ggxu    : 	at ggxs.a(:com.google.android.gms@243433041@24.34.33 (190800-666809342):249)
12-11 01:57:13.389  1415  2870 E ggxu    : 	at ggiy.a(:com.google.android.gms@243433041@24.34.33 (190800-666809342):5)
12-11 01:57:13.389  1415  2870 E ggxu    : 	at faij.a(:com.google.android.gms@243433041@24.34.33 (190800-666809342):173)
12-11 01:57:13.389  1415  2870 E ggxu    : 	at eqat.a(:com.google.android.gms@243433041@24.34.33 (190800-666809342):13)
12-11 01:57:13.389  1415  2870 E ggxu    : 	at exoo.a(:com.google.android.gms@243433041@24.34.33 (190800-666809342):3)
12-11 01:57:13.389  1415  2870 E ggxu    : 	at exnp.run(:com.google.android.gms@243433041@24.34.33 (190800-666809342):19)
12-11 01:57:13.389  1415  2870 E ggxu    : 	at exoq.run(:com.google.android.gms@243433041@24.34.33 (190800-666809342):5)
12-11 01:57:13.389  1415  2870 E ggxu    : 	at amze.c(:com.google.android.gms@243433041@24.34.33 (190800-666809342):50)
12-11 01:57:13.389  1415  2870 E ggxu    : 	at amze.run(:com.google.android.gms@243433041@24.34.33 (190800-666809342):76)
12-11 01:57:13.389  1415  2870 E ggxu    : 	at java.util.concurrent.ThreadPoolExecutor.runWorker(ThreadPoolExecutor.java:1167)
12-11 01:57:13.389  1415  2870 E ggxu    : 	at java.util.concurrent.ThreadPoolExecutor$Worker.run(ThreadPoolExecutor.java:641)
12-11 01:57:13.389  1415  2870 E ggxu    : 	at aneq.run(:com.google.android.gms@243433041@24.34.33 (190800-666809342):8)
12-11 01:57:13.389  1415  2870 E ggxu    : 	at java.lang.Thread.run(Thread.java:920)
12-11 01:57:13.541  1099  4061 I NetworkScheduler.Stats: (REDACTED) Task %s/%s started execution. cause:%s exec_start_elapsed_seconds: %s
12-11 01:57:13.636  1099  2394 I NetworkScheduler.Stats: (REDACTED) Task %s/%s finished executing. cause:%s result: %s elapsed_millis: %s uptime_millis: %s exec_start_elapsed_seconds: %s
12-11 01:57:14.338  1415  3769 I cr_CronetUrlRequestContext: destroyNativeStreamLocked org.chromium.net.impl.CronetBidirectionalStream@ee9a315
12-11 01:57:14.433  1415  2870 I NotificationsModuleTask: Registering accounts to Chime Failed & Rescheduled for later. [CONTEXT service_id=358 ]
12-11 01:57:14.492  1099  4061 I NetworkScheduler.Stats: (REDACTED) Task %s/%s finished executing. cause:%s result: %s elapsed_millis: %s uptime_millis: %s exec_start_elapsed_seconds: %s
12-11 01:57:17.892  5627  5944 W MediaCodec: mapFormat: no mediaType information
12-11 01:57:17.982  5627  5944 W MediaCodec: mapFormat: no mediaType information
12-11 01:57:18.568  1257  1714 I bake    : (REDACTED) getHotwordActive::active query: %s, watch: %s, devices connected: %s
12-11 01:57:22.737  1249  1409 W MediaProvider: isAppCloneUserPair for user 0: false
12-11 01:57:22.851   198   198 I hwservicemanager: getTransport: Cannot find entry android.hardware.graphics.mapper@4.0::IMapper/default in either framework or device VINTF manifest.
12-11 01:57:22.860  6873  6875 I Gralloc4: mapper 4.x is not supported
12-11 01:57:23.795  1099  1108 I .gms.persisten: Background young concurrent copying GC freed 59813(3629KB) AllocSpace objects, 0(0B) LOS objects, 9% free, 31MB/35MB, paused 31.693ms,6.283ms total 240.043ms
12-11 01:57:23.827  1099  2394 I NetworkScheduler.Stats: (REDACTED) Task %s/%s started execution. cause:%s exec_start_elapsed_seconds: %s
12-11 01:57:23.905  1099  2394 I NetworkScheduler.Stats: (REDACTED) Task %s/%s finished executing. cause:%s result: %s elapsed_millis: %s uptime_millis: %s exec_start_elapsed_seconds: %s
12-11 01:57:25.293  1249  1718 I MediaProvider: Begin Intent { act=android.intent.action.MEDIA_SCANNER_SCAN_FILE dat=file:///sdcard/screen_2024-12-11_015742.png flg=0x1400010 cmp=com.google.android.providers.media.module/com.android.providers.media.MediaService }
12-11 01:57:25.441  1249  1269 I FuseDaemon: Background young concurrent copying GC freed 2787(267KB) AllocSpace objects, 8(2056KB) LOS objects, 49% free, 2477KB/4905KB, paused 9.572ms,412us total 126.010ms
12-11 01:57:25.454  1249  1718 I MediaProvider: End Intent { act=android.intent.action.MEDIA_SCANNER_SCAN_FILE dat=file:///sdcard/screen_2024-12-11_015742.png flg=0x1400010 cmp=com.google.android.providers.media.module/com.android.providers.media.MediaService }
12-11 01:57:26.064  1099  6877 I NetworkScheduler.Stats: (REDACTED) Task %s/%s started execution. cause:%s exec_start_elapsed_seconds: %s
12-11 01:57:26.138  1099  4061 I NetworkScheduler.Stats: (REDACTED) Task %s/%s finished executing. cause:%s result: %s elapsed_millis: %s uptime_millis: %s exec_start_elapsed_seconds: %s
12-11 01:57:27.432  1249  1409 I MediaProvider: Deleted 0 1 0 0 0 0 0 items on external_primary due to com.android.shell
12-11 01:57:27.731  1099  6877 I NetworkScheduler.Stats: (REDACTED) Task %s/%s started execution. cause:%s exec_start_elapsed_seconds: %s
12-11 01:57:27.759  1099  2394 I NetworkScheduler.Stats: (REDACTED) Task %s/%s finished executing. cause:%s result: %s elapsed_millis: %s uptime_millis: %s exec_start_elapsed_seconds: %s
12-11 01:57:27.946  1415  6892 I GmscoreIpa: Starting mediastore instant index [CONTEXT service_id=255 ]
12-11 01:57:37.593   549  1456 W UriGrantsManagerService: No permission grants found for com.google.android.apps.photos
12-11 01:57:37.599   549  1456 W UriGrantsManagerService: No permission grants found for com.google.android.apps.photos
12-11 01:57:37.928   549  1456 W UriGrantsManagerService: No permission grants found for com.google.android.apps.photos
12-11 01:57:37.933   549  1456 W UriGrantsManagerService: No permission grants found for com.google.android.apps.photos
12-11 01:57:38.238   549  1633 W UriGrantsManagerService: No permission grants found for com.google.android.apps.photos
12-11 01:57:38.246   549  1633 W UriGrantsManagerService: No permission grants found for com.google.android.apps.photos
12-11 01:57:38.533  4916  4951 I Dialer  : OmtpVvmCarrierCfgHlpr - OmtpEvent:CONFIG_STATUS_SMS_TIME_OUT
12-11 01:57:38.553  4916  4916 I Dialer  : RetryPolicy - discarding deferred status: configuration_state=4
12-11 01:57:38.557  4916  4916 I Dialer  : VvmTaskExecutor - no more tasks, stopping service if no task are added in 5000 millis
12-11 01:57:38.566  4916  4916 I Dialer  : VvmTaskReceiver - task received
12-11 01:57:38.574  4916  4916 I Dialer  : VvmTaskReceiver - TaskExecutor already running
12-11 01:57:38.599  4916  4916 I Dialer  : Task.createTask - create task:com.android.voicemail.impl.ActivationTask
12-11 01:57:38.607  4916  4916 I Dialer  : RetryPolicy - retry #4 for com.android.voicemail.impl.ActivationTask@dd1fa4c queued, executing in 5000
12-11 01:57:38.620  4916  4916 I Dialer  : VvmTaskExecutor - com.android.voicemail.impl.ActivationTask@dd1fa4c added
12-11 01:57:38.620  4916  4916 I Dialer  : VvmTaskExecutor - minimal wait time:4987
12-11 01:57:38.621  4916  4916 I Dialer  : VvmTaskExecutor - sleep for 4987 millis
12-11 01:57:39.071  5219  5232 I mit.droidbotap: Background young concurrent copying GC freed 22719(887KB) AllocSpace objects, 30(1232KB) LOS objects, 47% free, 2690KB/5088KB, paused 6.572ms,159us total 51.684ms
12-11 01:57:39.388  5627  6978 W DefaultTrackSelector: Audio channel count constraints cannot be applied without reference to Context. Build the track selector instance with one of the non-deprecated constructors that take a Context argument.
12-11 01:57:39.391  5627  6978 W DefaultTrackSelector: Audio channel count constraints cannot be applied without reference to Context. Build the track selector instance with one of the non-deprecated constructors that take a Context argument.
12-11 01:57:39.432  5627  6978 W DefaultTrackSelector: Audio channel count constraints cannot be applied without reference to Context. Build the track selector instance with one of the non-deprecated constructors that take a Context argument.
12-11 01:57:39.990  5627  5645 I .instagram.lit: Background young concurrent copying GC freed 155485(10MB) AllocSpace objects, 50(2084KB) LOS objects, 31% free, 26MB/37MB, paused 2.532ms,302us total 607.673ms
12-11 01:57:40.561  5627  6985 W DefaultTrackSelector: Audio channel count constraints cannot be applied without reference to Context. Build the track selector instance with one of the non-deprecated constructors that take a Context argument.
12-11 01:57:40.566  5627  6985 W DefaultTrackSelector: Audio channel count constraints cannot be applied without reference to Context. Build the track selector instance with one of the non-deprecated constructors that take a Context argument.
12-11 01:57:40.618  5627  6988 I CCodec  : setting up 'default' as default (vendor) store
12-11 01:57:40.642   356   766 I GoldfishComponentStore: created component
12-11 01:57:40.658  5627  6988 I CCodec  : Created component [c2.goldfish.h264.decoder]
12-11 01:57:40.706  5627  6988 I CCodecConfig: query failed after returning 12 values (BAD_INDEX)
12-11 01:57:40.708  5627  6988 W ColorUtils: expected specified color aspects (2:0:0:0)
12-11 01:57:40.714  5627  6987 I MediaCodec: [c2.goldfish.h264.decoder] setting surface generation to 5762052
12-11 01:57:40.724  5627  6988 W Codec2Client: query -- param skipped: index = 1107298332.
12-11 01:57:40.724  5627  6988 W CCodec  : This behavior is subject to change. It is recommended that app developers double check whether the requested max input size is in reasonable range.
12-11 01:57:40.725  5627  6988 I CCodecConfig: query failed after returning 12 values (BAD_INDEX)
12-11 01:57:40.737  5627  6988 W Codec2Client: query -- param skipped: index = 1342179345.
12-11 01:57:40.737  5627  6988 W Codec2Client: query -- param skipped: index = 2415921170.
12-11 01:57:40.738  5627  6988 W Codec2Client: query -- param skipped: index = 1610614798.
12-11 01:57:40.742  5627  6988 W Codec2Client: query -- param skipped: index = 2684356609.
12-11 01:57:40.750  5627  6988 I CCodecBufferChannel: [c2.goldfish.h264.decoder#277] Created output block pool with allocatorID 18 => poolID 20 - OK
12-11 01:57:40.768   477  2030 W ResourceManagerService: Ignoring request to add new resource entry with value <= 0
12-11 01:57:41.017  5219  5232 I mit.droidbotap: Background concurrent copying GC freed 29052(1170KB) AllocSpace objects, 25(1436KB) LOS objects, 49% free, 2823KB/5647KB, paused 3.076ms,166us total 313.375ms
12-11 01:57:42.777  5627  6987 W MediaCodec: mapFormat: no mediaType information
12-11 01:57:43.647  4916  4951 I Dialer  : VvmTaskExecutor - executing task com.android.voicemail.impl.ActivationTask@dd1fa4c
12-11 01:57:43.648  4916  4951 I Dialer  : PreOMigrationHandler - ComponentInfo{com.android.phone/com.android.services.telephony.TelephonyConnectionService}, ***, UserHandle{0} already migrated
12-11 01:57:43.784  3950  3962 I VoicemailNotifier: receivers for android.intent.action.PROVIDER_CHANGED :[]
12-11 01:57:43.792  4916  4951 I Dialer  : VvmActivationTask - VVM content provider configured - vvm_type_cvvm
12-11 01:57:43.792  4916  4951 I Dialer  : OmtpVvmCarrierCfgHlpr - OmtpEvent:CONFIG_ACTIVATING
12-11 01:57:43.806  3950  3962 I VoicemailNotifier: receivers for android.intent.action.PROVIDER_CHANGED :[]
12-11 01:57:44.334  5219  5232 I mit.droidbotap: Background concurrent copying GC freed 40353(1412KB) AllocSpace objects, 21(1772KB) LOS objects, 49% free, 2348KB/4697KB, paused 11.582ms,187us total 114.433ms
