12-11 01:55:42.964  1249  1718 I MediaProvider: End Intent { act=android.intent.action.MEDIA_SCANNER_SCAN_FILE dat=file:///sdcard/screen_2024-12-11_015600.png flg=0x1400010 cmp=com.google.android.providers.media.module/com.android.providers.media.MediaService }
12-11 01:55:43.451  1099  6076 I NetworkScheduler.Stats: (REDACTED) Task %s/%s started execution. cause:%s exec_start_elapsed_seconds: %s
12-11 01:55:43.524  1099  6076 I NetworkScheduler.Stats: (REDACTED) Task %s/%s finished executing. cause:%s result: %s elapsed_millis: %s uptime_millis: %s exec_start_elapsed_seconds: %s
12-11 01:55:44.288  1249  1412 I MediaProvider: Deleted 0 1 0 0 0 0 0 items on external_primary due to com.android.shell
12-11 01:55:44.719  1099  6026 I NetworkScheduler.Stats: (REDACTED) Task %s/%s started execution. cause:%s exec_start_elapsed_seconds: %s
12-11 01:55:44.751  1099  5428 I NetworkScheduler.Stats: (REDACTED) Task %s/%s finished executing. cause:%s result: %s elapsed_millis: %s uptime_millis: %s exec_start_elapsed_seconds: %s
12-11 01:55:45.009   549  1447 I RescueParty: Starting to observe: [com.google.android.providers.media.module, android], updated namespace: storage_native_boot
12-11 01:55:45.044   549   576 I PackageWatchdog: Syncing state, reason: observing new packages
12-11 01:55:45.096   549   576 I PackageWatchdog: Syncing state, reason: updated observers
12-11 01:55:45.109   549   549 I PackageWatchdog: Syncing health check requests for packages: {}
12-11 01:55:45.109   549   549 I ExplicitHealthCheckController: Service not ready to get health check supported packages. Binding...
12-11 01:55:45.123   549   576 I PackageWatchdog: Saving observer state to file
12-11 01:55:45.143  1249  1343 I TranscodeHelper: Empty transcode compat stale
12-11 01:55:45.155   549   549 I ExplicitHealthCheckController: Explicit health check service is bound
12-11 01:55:45.167  1249  1343 I TranscodeHelper: Parsed 8 packages from resource
12-11 01:55:45.171  1249  1343 I TranscodeHelper: Parsed 8 packages from device config
12-11 01:55:45.176   549  1184 E SettingsToPropertiesMapper: com.yelp.android,0,com.yy.biu,0,com.groupme.android,0,air.tv.douyu.android,0,com.baidu.mbaby,0,com.vlocker.locker,0,com.znxh.hyhuo,0,com.yixia.xiaokaxiu,0 exceeds system property max length.
12-11 01:55:45.204   549   549 I ExplicitHealthCheckController: Explicit health check service is connected ComponentInfo{com.google.android.ext.services/android.ext.services.watchdog.ExplicitHealthCheckServiceImpl}
12-11 01:55:45.205   549   549 I ExplicitHealthCheckController: Service initialized, syncing requests
12-11 01:55:45.205   549   549 I PackageWatchdog: Syncing health check requests for packages: {}
12-11 01:55:45.230   549  1447 I ExplicitHealthCheckController: Explicit health check supported packages [PackageConfig{com.google.android.networkstack, 86400000}]
12-11 01:55:45.243   549  1447 I ExplicitHealthCheckController: Explicit health check requested packages []
12-11 01:55:45.244   549  1447 I ExplicitHealthCheckController: No more health check requests, unbinding...
12-11 01:55:45.261   549  1447 I ExplicitHealthCheckController: Explicit health check service is unbound
12-11 01:55:45.448  1099  6151 I PlatformConfigurator: updateFromConfigurations using legacy put method [CONTEXT service_id=204 ]
12-11 01:55:46.803   549  1447 I RescueParty: Starting to observe: [com.google.android.networkstack], updated namespace: connectivity
12-11 01:55:46.808   549   576 I PackageWatchdog: Syncing state, reason: observing new packages
12-11 01:55:46.808   549   576 I PackageWatchdog: Syncing state, reason: updated observers
12-11 01:55:46.808   549   576 I PackageWatchdog: Not pruning observers, elapsed time: 0ms
12-11 01:55:46.809   549   576 I PackageWatchdog: Saving observer state to file
12-11 01:55:46.809   549   549 I PackageWatchdog: Syncing health check requests for packages: {}
12-11 01:55:46.809   549   549 I ExplicitHealthCheckController: Service not ready to get health check supported packages. Binding...
12-11 01:55:46.817   549   549 I ExplicitHealthCheckController: Explicit health check service is bound
12-11 01:55:46.857   549   549 I PackageWatchdog: Syncing health check requests for packages: {}
12-11 01:55:46.857   549   549 I ExplicitHealthCheckController: Service not ready to get health check supported packages. Binding...
12-11 01:55:46.857   549   549 I ExplicitHealthCheckController: Not binding to service, service already connecting
12-11 01:55:46.882   549   549 I ExplicitHealthCheckController: Explicit health check service is connected ComponentInfo{com.google.android.ext.services/android.ext.services.watchdog.ExplicitHealthCheckServiceImpl}
12-11 01:55:46.882   549   549 I ExplicitHealthCheckController: Service initialized, syncing requests
12-11 01:55:46.884   549   549 I PackageWatchdog: Syncing health check requests for packages: {}
12-11 01:55:46.922   549  1447 I ExplicitHealthCheckController: Explicit health check supported packages [PackageConfig{com.google.android.networkstack, 86400000}]
12-11 01:55:46.954   549  1447 I ExplicitHealthCheckController: Explicit health check requested packages []
12-11 01:55:46.954   549  1447 I ExplicitHealthCheckController: No more health check requests, unbinding...
12-11 01:55:46.965   549  1624 I RescueParty: Starting to observe: [com.google.android.permissioncontroller], updated namespace: permissions
12-11 01:55:46.967   549   576 I PackageWatchdog: Syncing state, reason: observing new packages
12-11 01:55:46.967   549   576 I PackageWatchdog: Syncing state, reason: updated observers
12-11 01:55:46.967   549   576 I PackageWatchdog: Not pruning observers, elapsed time: 0ms
12-11 01:55:46.968   549   549 I PackageWatchdog: Syncing health check requests for packages: {}
12-11 01:55:46.968   549   576 I PackageWatchdog: Saving observer state to file
12-11 01:55:46.985   549  1447 I ExplicitHealthCheckController: Explicit health check service is unbound
12-11 01:55:46.991   549   549 I ExplicitHealthCheckController: Service not ready to get health check supported packages. Binding...
12-11 01:55:47.001   549   549 I ExplicitHealthCheckController: Explicit health check service is bound
12-11 01:55:47.008   549   549 I ExplicitHealthCheckController: Explicit health check service is connected ComponentInfo{com.google.android.ext.services/android.ext.services.watchdog.ExplicitHealthCheckServiceImpl}
12-11 01:55:47.012   549   549 I ExplicitHealthCheckController: Service initialized, syncing requests
12-11 01:55:47.053   549   549 I PackageWatchdog: Syncing health check requests for packages: {}
12-11 01:55:47.062   549  2018 I ExplicitHealthCheckController: Explicit health check supported packages [PackageConfig{com.google.android.networkstack, 86400000}]
12-11 01:55:47.071   549  2018 I ExplicitHealthCheckController: Explicit health check requested packages []
12-11 01:55:47.071   549  2018 I ExplicitHealthCheckController: No more health check requests, unbinding...
12-11 01:55:47.079   549  2018 I ExplicitHealthCheckController: Explicit health check service is unbound
12-11 01:55:47.490   549  2018 I RescueParty: Starting to observe: [android], updated namespace: wifi
12-11 01:55:47.505   549   576 I PackageWatchdog: Syncing state, reason: observing new packages
12-11 01:55:47.506   549   576 I PackageWatchdog: Syncing state, reason: updated observers
12-11 01:55:47.506   549   576 I PackageWatchdog: Not pruning observers, elapsed time: 0ms
12-11 01:55:47.506   549   576 I PackageWatchdog: Saving observer state to file
12-11 01:55:47.507   549   549 I PackageWatchdog: Syncing health check requests for packages: {}
12-11 01:55:47.507   549   549 I ExplicitHealthCheckController: Service not ready to get health check supported packages. Binding...
12-11 01:55:47.514   549   549 I ExplicitHealthCheckController: Explicit health check service is bound
12-11 01:55:47.669   549   549 I PackageWatchdog: Syncing health check requests for packages: {}
12-11 01:55:47.669   549   549 I ExplicitHealthCheckController: Service not ready to get health check supported packages. Binding...
12-11 01:55:47.669   549   549 I ExplicitHealthCheckController: Not binding to service, service already connecting
12-11 01:55:47.669   549   549 W Looper  : Slow dispatch took 154ms main h=android.os.Handler c=com.android.server.PackageWatchdog$$ExternalSyntheticLambda8@a4b51e7 m=0
12-11 01:55:47.669   549   549 I ExplicitHealthCheckController: Explicit health check service is connected ComponentInfo{com.google.android.ext.services/android.ext.services.watchdog.ExplicitHealthCheckServiceImpl}
12-11 01:55:47.669   549   549 I ExplicitHealthCheckController: Service initialized, syncing requests
12-11 01:55:47.670   549   549 I PackageWatchdog: Syncing health check requests for packages: {}
12-11 01:55:47.677   549  1447 I ExplicitHealthCheckController: Explicit health check supported packages [PackageConfig{com.google.android.networkstack, 86400000}]
12-11 01:55:47.723   549  1447 I ExplicitHealthCheckController: Explicit health check requested packages []
12-11 01:55:47.723   549  1447 I ExplicitHealthCheckController: No more health check requests, unbinding...
12-11 01:55:47.743   549  1447 I ExplicitHealthCheckController: Explicit health check service is unbound
12-11 01:55:48.373   549  1624 I RescueParty: Starting to observe: [com.google.android.apps.nexuslauncher], updated namespace: interaction_jank_monitor
12-11 01:55:48.374   549   576 I PackageWatchdog: Syncing state, reason: observing new packages
12-11 01:55:48.375   549   576 I PackageWatchdog: Syncing state, reason: updated observers
12-11 01:55:48.376   549   549 I PackageWatchdog: Syncing health check requests for packages: {}
12-11 01:55:48.377   549   549 I ExplicitHealthCheckController: Service not ready to get health check supported packages. Binding...
12-11 01:55:48.378   549   576 I PackageWatchdog: Saving observer state to file
12-11 01:55:48.389   549   549 I ExplicitHealthCheckController: Explicit health check service is bound
12-11 01:55:48.402   549   549 I PackageWatchdog: Syncing health check requests for packages: {}
12-11 01:55:48.402   549   549 I ExplicitHealthCheckController: Service not ready to get health check supported packages. Binding...
12-11 01:55:48.402   549   549 I ExplicitHealthCheckController: Not binding to service, service already connecting
12-11 01:55:48.405   549   549 I ExplicitHealthCheckController: Explicit health check service is connected ComponentInfo{com.google.android.ext.services/android.ext.services.watchdog.ExplicitHealthCheckServiceImpl}
12-11 01:55:48.407   549   549 I ExplicitHealthCheckController: Service initialized, syncing requests
12-11 01:55:48.412   549   549 I PackageWatchdog: Syncing health check requests for packages: {}
12-11 01:55:48.451   549  1447 I ExplicitHealthCheckController: Explicit health check supported packages [PackageConfig{com.google.android.networkstack, 86400000}]
12-11 01:55:48.453   549  1447 I ExplicitHealthCheckController: Explicit health check requested packages []
12-11 01:55:48.453   549  1447 I ExplicitHealthCheckController: No more health check requests, unbinding...
12-11 01:55:48.463   549  1447 I ExplicitHealthCheckController: Explicit health check service is unbound
12-11 01:55:51.464   549   549 W Looper  : Slow dispatch took 204ms main h=com.android.providers.settings.SettingsProvider$SettingsRegistry$MyHandler c=null m=1
12-11 01:55:51.465   549   549 W Looper  : Slow delivery took 217ms main h=com.android.providers.settings.SettingsProvider$SettingsRegistry$MyHandler c=null m=2
12-11 01:55:51.682   549   549 W Looper  : Drained
12-11 01:55:51.747   549  1624 I RescueParty: Starting to observe: [android], updated namespace: autofill
12-11 01:55:51.752   549   576 I PackageWatchdog: Syncing state, reason: observing new packages
12-11 01:55:51.753   549   576 I PackageWatchdog: Syncing state, reason: updated observers
12-11 01:55:51.753   549   576 I PackageWatchdog: Saving observer state to file
12-11 01:55:51.773   549   549 I PackageWatchdog: Syncing health check requests for packages: {}
12-11 01:55:51.773   549   549 I ExplicitHealthCheckController: Service not ready to get health check supported packages. Binding...
12-11 01:55:51.784   549   549 I ExplicitHealthCheckController: Explicit health check service is bound
12-11 01:55:51.809   549   549 I AutofillManagerService: Ignoring change on augmented_autofill_mode
12-11 01:55:51.813   549   549 I ExplicitHealthCheckController: Explicit health check service is connected ComponentInfo{com.google.android.ext.services/android.ext.services.watchdog.ExplicitHealthCheckServiceImpl}
12-11 01:55:51.814   549   549 I ExplicitHealthCheckController: Service initialized, syncing requests
12-11 01:55:51.819   549   549 I PackageWatchdog: Syncing health check requests for packages: {}
12-11 01:55:51.832   549  1447 I ExplicitHealthCheckController: Explicit health check supported packages [PackageConfig{com.google.android.networkstack, 86400000}]
12-11 01:55:51.839   549  1624 I ExplicitHealthCheckController: Explicit health check requested packages []
12-11 01:55:51.848   549  1624 I ExplicitHealthCheckController: No more health check requests, unbinding...
12-11 01:55:51.861   549  1624 I ExplicitHealthCheckController: Explicit health check service is unbound
12-11 01:55:52.433   332   332 W Zygote  : forkRepeatedly terminated due to non-simple command
12-11 01:55:52.516   549  1624 I RescueParty: Starting to observe: [android], updated namespace: content_capture
12-11 01:55:52.516   549   576 I PackageWatchdog: Syncing state, reason: observing new packages
12-11 01:55:52.517   549   576 I PackageWatchdog: Syncing state, reason: updated observers
12-11 01:55:52.517   549   576 I PackageWatchdog: Not pruning observers, elapsed time: 0ms
12-11 01:55:52.517   549   576 I PackageWatchdog: Saving observer state to file
12-11 01:55:52.539   549   549 I PackageWatchdog: Syncing health check requests for packages: {}
12-11 01:55:52.539   549   549 I ExplicitHealthCheckController: Service not ready to get health check supported packages. Binding...
12-11 01:55:52.554   549   549 I ExplicitHealthCheckController: Explicit health check service is bound
12-11 01:55:52.571   549   549 I ExplicitHealthCheckController: Explicit health check service is connected ComponentInfo{com.google.android.ext.services/android.ext.services.watchdog.ExplicitHealthCheckServiceImpl}
12-11 01:55:52.572   549   549 I ExplicitHealthCheckController: Service initialized, syncing requests
12-11 01:55:52.572   549   549 I PackageWatchdog: Syncing health check requests for packages: {}
12-11 01:55:52.584   549  1633 I ExplicitHealthCheckController: Explicit health check supported packages [PackageConfig{com.google.android.networkstack, 86400000}]
12-11 01:55:52.587   549  1633 I ExplicitHealthCheckController: Explicit health check requested packages []
12-11 01:55:52.587   549  1633 I ExplicitHealthCheckController: No more health check requests, unbinding...
12-11 01:55:52.593   549  1633 I ExplicitHealthCheckController: Explicit health check service is unbound
12-11 01:55:53.337  1099  2404 I NearbyDiscovery: FastPair: isDestroyable: Scanner is alive. [CONTEXT service_id=265 ]
12-11 01:55:53.337  1099  2404 I NearbyDiscovery: DiscoveryService: Skip stopSelf(), fast pair controller is not destroyable. [CONTEXT service_id=265 ]
12-11 01:55:54.238   549  1633 I RescueParty: Starting to observe: [android], updated namespace: telephony
12-11 01:55:54.240   549   576 I PackageWatchdog: Syncing state, reason: observing new packages
12-11 01:55:54.241   549   576 I PackageWatchdog: Syncing state, reason: updated observers
12-11 01:55:54.242   549   576 I PackageWatchdog: Saving observer state to file
12-11 01:55:54.468   549   549 I PackageWatchdog: Syncing health check requests for packages: {}
12-11 01:55:54.468   549   549 I ExplicitHealthCheckController: Service not ready to get health check supported packages. Binding...
12-11 01:55:54.483   549   549 I ExplicitHealthCheckController: Explicit health check service is bound
12-11 01:55:54.501  5627  5649 I OpenGLRenderer: Davey! duration=1043ms; Flags=0, FrameTimelineVsyncId=6829, IntendedVsync=330585670474, Vsync=331069003788, InputEventId=0, HandleInputStart=331077872000, AnimationStart=331077979500, PerformTraversalsStart=331078985500, DrawStart=331079158200, FrameDeadline=330619003806, FrameInterval=331077813200, FrameStartTime=16666666, SyncQueued=331117022300, SyncStart=331149969500, IssueDrawCommandsStart=331594341000, SwapBuffers=331628220200, FrameCompleted=331662550600, DequeueBufferDuration=900700, QueueBufferDuration=2892000, GpuCompleted=331661268100, SwapBuffersCompleted=331662550600, DisplayPresentTime=0, 
12-11 01:55:54.503   549   549 W Looper  : Slow dispatch took 257ms main h=android.os.Handler c=com.android.server.PackageWatchdog$$ExternalSyntheticLambda8@a4b51e7 m=0
12-11 01:55:54.504   549   549 W Looper  : Slow delivery took 250ms main h=com.android.providers.settings.SettingsProvider$SettingsRegistry$MyHandler c=null m=1
12-11 01:55:54.556   549   549 W Looper  : Drained
12-11 01:55:54.557   549   549 I ExplicitHealthCheckController: Explicit health check service is connected ComponentInfo{com.google.android.ext.services/android.ext.services.watchdog.ExplicitHealthCheckServiceImpl}
12-11 01:55:54.564   549   549 I ExplicitHealthCheckController: Service initialized, syncing requests
12-11 01:55:54.581   549   549 I PackageWatchdog: Syncing health check requests for packages: {}
12-11 01:55:54.601   549  2017 I ExplicitHealthCheckController: Explicit health check supported packages [PackageConfig{com.google.android.networkstack, 86400000}]
12-11 01:55:54.612   549  2017 I ExplicitHealthCheckController: Explicit health check requested packages []
12-11 01:55:54.612   549  2017 I ExplicitHealthCheckController: No more health check requests, unbinding...
12-11 01:55:54.621   549  2017 I ExplicitHealthCheckController: Explicit health check service is unbound
12-11 01:55:54.648  5627  5627 I Choreographer: Skipped 47 frames!  The application may be doing too much work on its main thread.
12-11 01:55:54.723  5627  5649 I OpenGLRenderer: Davey! duration=854ms; Flags=0, FrameTimelineVsyncId=6832, IntendedVsync=331052337122, Vsync=331835670424, InputEventId=-338099575, HandleInputStart=331847659100, AnimationStart=331847774700, PerformTraversalsStart=331864994500, DrawStart=331865164000, FrameDeadline=331085670454, FrameInterval=331842097500, FrameStartTime=16666666, SyncQueued=331870198300, SyncStart=331873784300, IssueDrawCommandsStart=331882069900, SwapBuffers=331886689500, FrameCompleted=331910691600, DequeueBufferDuration=80700, QueueBufferDuration=10129900, GpuCompleted=331899797400, SwapBuffersCompleted=331910691600, DisplayPresentTime=0, 
12-11 01:55:54.745   549  1447 W UriGrantsManagerService: No permission grants found for com.google.android.apps.photos
12-11 01:55:54.754   549  1447 W UriGrantsManagerService: No permission grants found for com.google.android.apps.photos
12-11 01:55:55.019   549  2017 I RescueParty: Starting to observe: [com.google.android.apps.nexuslauncher], updated namespace: launcher
12-11 01:55:55.021   549   576 I PackageWatchdog: Syncing state, reason: observing new packages
12-11 01:55:55.022   549   576 I PackageWatchdog: Syncing state, reason: updated observers
12-11 01:55:55.022   549   576 I PackageWatchdog: Saving observer state to file
12-11 01:55:55.056   549   549 I PackageWatchdog: Syncing health check requests for packages: {}
12-11 01:55:55.056   549   549 I ExplicitHealthCheckController: Service not ready to get health check supported packages. Binding...
12-11 01:55:55.064   549   549 I ExplicitHealthCheckController: Explicit health check service is bound
12-11 01:55:55.068   549   549 I ExplicitHealthCheckController: Explicit health check service is connected ComponentInfo{com.google.android.ext.services/android.ext.services.watchdog.ExplicitHealthCheckServiceImpl}
12-11 01:55:55.071   549   549 I ExplicitHealthCheckController: Service initialized, syncing requests
12-11 01:55:55.072   549   549 I PackageWatchdog: Syncing health check requests for packages: {}
12-11 01:55:55.075   549  2017 W UriGrantsManagerService: No permission grants found for com.google.android.apps.photos
12-11 01:55:55.077   549  2017 W UriGrantsManagerService: No permission grants found for com.google.android.apps.photos
12-11 01:55:55.079   549  1633 I ExplicitHealthCheckController: Explicit health check supported packages [PackageConfig{com.google.android.networkstack, 86400000}]
12-11 01:55:55.093   549  1633 I ExplicitHealthCheckController: Explicit health check requested packages []
12-11 01:55:55.093   549  1633 I ExplicitHealthCheckController: No more health check requests, unbinding...
12-11 01:55:55.098   549  1633 I ExplicitHealthCheckController: Explicit health check service is unbound
12-11 01:55:55.159   549  1184 E SettingsToPropertiesMapper: adservices/disable_sdk_sandbox,adservices/enforce_broadcast_receiver_restrictions,adservices/fledge_ad_selection_enforce_foreground_status_custom_audience,adservices/fledge_custom_audience_max_count,adservices/fledge_custom_audience_max_num_ads,adservices/fledge_custom_audience_max_owner_count,adservices/fledge_custom_audience_per_app_max_count,adservices/fledge_js_isolate_enforce_max_heap_size,adservices/fledge_js_isolate_max_heap_size_bytes,adservices/sdk_request_permits_per_second,adservices/sdksandbox_customized_sdk_context_enabled,configuration/namespace_to_package_mapping,constrain_display_apis/always_constrain_display_apis,constrain_display_apis/never_constrain_display_apis,constrain_display_apis/never_constrain_display_apis_all_packages,device_policy_manager/disable_resources_updatability,flipendo/default_savings_mode_launch,flipendo/essential_apps,flipendo/flipendo_enabled_launch,flipendo/grayscale_enabled_launch,flipendo/lever_ble_scanning_enabled_launch,flipendo/lever_hotspot_enabled_launch,flipendo/lever_work_profile_enabled_launch,flipendo/resuspend_delay_minutes,namespace/key,namespace1/key1,namespace1/key2,namespace2/key1,namespace2/key2,package_manager_service/incfs_default_timeouts,package_manager_service/known_digesters_list,privacy/location_access_check_periodic_interval_millis,rollback/enable_rollback_timeout,rollback/watchdog_explicit_health_check_enabled,rollback/watchdog_request_timeout_millis,rollback/watchdog_trigger_failure_count,rollback/watchdog_trigger_failure_duration_millis,rollback_boot/rollback_lifetime_in_millis,systemui/nas_generate_actions,systemui/nas_generate_replies,systemui/nas_max_messages_to_extract,systemui/nas_max_suggestions,testspace/another,testspace/flagname,textclassifier/config_updater_model_enabled,textclassifier/key,textclassifier/key2,textclassifier/manifest_url_annotator_en,textclassifier/manifest_url_annotator_ru,textclassifier/model_download_backoff_delay_in_millis,textclassifier/model_download_manager_enabled,textclassifier/multi_language_support_enabled,textclassifier/testing_locale_list_override,textclassifier/textclassifier_service_package_override,window_manager/enable_default_rescind_bal_privileges_from_pending_intent_sender,wrong/nas_generate_replies, exceeds system property max length.
12-11 01:55:55.273   549  2017 W UriGrantsManagerService: No permission grants found for com.google.android.apps.photos
12-11 01:55:55.275   549  2017 W UriGrantsManagerService: No permission grants found for com.google.android.apps.photos
12-11 01:55:55.402   549  2017 I RescueParty: Starting to observe: [com.google.android.providers.media.module, android, com.google.android.permissioncontroller, com.google.android.setupwizard, com.google.android.gms, com.android.phone, com.android.systemui, com.android.bluetooth, com.android.providers.contacts], updated namespace: privacy
12-11 01:55:55.403   549   576 I PackageWatchdog: Syncing state, reason: observing new packages
12-11 01:55:55.404   549   576 I PackageWatchdog: Syncing state, reason: updated observers
12-11 01:55:55.404   549   576 I PackageWatchdog: Saving observer state to file
12-11 01:55:55.521   549   549 I PackageWatchdog: Syncing health check requests for packages: {}
12-11 01:55:55.523   549   549 I ExplicitHealthCheckController: Service not ready to get health check supported packages. Binding...
12-11 01:55:55.541   549   549 I ExplicitHealthCheckController: Explicit health check service is bound
12-11 01:55:55.545   549   549 W Looper  : Slow dispatch took 113ms main h=android.os.Handler c=com.android.server.PackageWatchdog$$ExternalSyntheticLambda8@a4b51e7 m=0
12-11 01:55:55.562   549   549 I ExplicitHealthCheckController: Explicit health check service is connected ComponentInfo{com.google.android.ext.services/android.ext.services.watchdog.ExplicitHealthCheckServiceImpl}
12-11 01:55:55.563   549   549 I ExplicitHealthCheckController: Service initialized, syncing requests
12-11 01:55:55.566   549   549 I PackageWatchdog: Syncing health check requests for packages: {}
12-11 01:55:55.588   549  1447 I ExplicitHealthCheckController: Explicit health check supported packages [PackageConfig{com.google.android.networkstack, 86400000}]
12-11 01:55:55.598   549  1447 I ExplicitHealthCheckController: Explicit health check requested packages []
12-11 01:55:55.601   549  1447 I ExplicitHealthCheckController: No more health check requests, unbinding...
12-11 01:55:55.618   549  1447 I ExplicitHealthCheckController: Explicit health check service is unbound
12-11 01:55:55.816   549  1633 I RescueParty: Starting to observe: [android, com.android.systemui], updated namespace: systemui
12-11 01:55:55.817   549   576 I PackageWatchdog: Syncing state, reason: observing new packages
12-11 01:55:55.828   549   576 I PackageWatchdog: Syncing state, reason: updated observers
12-11 01:55:55.828   549   576 I PackageWatchdog: Not pruning observers, elapsed time: 0ms
12-11 01:55:55.829   549   576 I PackageWatchdog: Saving observer state to file
12-11 01:55:55.865   549   549 I PackageWatchdog: Syncing health check requests for packages: {}
12-11 01:55:55.866   549   549 I ExplicitHealthCheckController: Service not ready to get health check supported packages. Binding...
12-11 01:55:55.882   549   549 I ExplicitHealthCheckController: Explicit health check service is bound
12-11 01:55:55.891   549   549 I ExplicitHealthCheckController: Explicit health check service is connected ComponentInfo{com.google.android.ext.services/android.ext.services.watchdog.ExplicitHealthCheckServiceImpl}
12-11 01:55:55.892   549   549 I ExplicitHealthCheckController: Service initialized, syncing requests
12-11 01:55:55.893   549   549 I PackageWatchdog: Syncing health check requests for packages: {}
12-11 01:55:55.899   549  2018 I ExplicitHealthCheckController: Explicit health check supported packages [PackageConfig{com.google.android.networkstack, 86400000}]
12-11 01:55:55.907   549  1633 I ExplicitHealthCheckController: Explicit health check requested packages []
12-11 01:55:55.908   549  1633 I ExplicitHealthCheckController: No more health check requests, unbinding...
12-11 01:55:55.918   549  1633 I ExplicitHealthCheckController: Explicit health check service is unbound
12-11 01:55:55.963   549  1633 I RescueParty: Starting to observe: [android], updated namespace: media
12-11 01:55:55.963   549   576 I PackageWatchdog: Syncing state, reason: observing new packages
12-11 01:55:55.964   549   576 I PackageWatchdog: Syncing state, reason: updated observers
12-11 01:55:55.964   549   576 I PackageWatchdog: Not pruning observers, elapsed time: 0ms
12-11 01:55:55.964   549   576 I PackageWatchdog: Saving observer state to file
12-11 01:55:56.004   549   549 I PackageWatchdog: Syncing health check requests for packages: {}
12-11 01:55:56.004   549   549 I ExplicitHealthCheckController: Service not ready to get health check supported packages. Binding...
12-11 01:55:56.014   549   549 I ExplicitHealthCheckController: Explicit health check service is bound
12-11 01:55:56.074   549   549 I ExplicitHealthCheckController: Explicit health check service is connected ComponentInfo{com.google.android.ext.services/android.ext.services.watchdog.ExplicitHealthCheckServiceImpl}
12-11 01:55:56.078   549   549 I ExplicitHealthCheckController: Service initialized, syncing requests
12-11 01:55:56.078   549   549 I PackageWatchdog: Syncing health check requests for packages: {}
12-11 01:55:56.099   549  1633 I ExplicitHealthCheckController: Explicit health check supported packages [PackageConfig{com.google.android.networkstack, 86400000}]
12-11 01:55:56.103   549  1633 I ExplicitHealthCheckController: Explicit health check requested packages []
12-11 01:55:56.103   549  1633 I ExplicitHealthCheckController: No more health check requests, unbinding...
12-11 01:55:56.112   549  1633 I ExplicitHealthCheckController: Explicit health check service is unbound
12-11 01:55:56.129  1099  6151 I PlatformConfigurator: updateFromConfigurations using legacy put method [CONTEXT service_id=204 ]
12-11 01:55:56.163  1249  1269 I FuseDaemon: Background concurrent copying GC freed 186940(12MB) AllocSpace objects, 86(10008KB) LOS objects, 49% free, 3558KB/7117KB, paused 2.002ms,4.953ms total 346.840ms
12-11 01:55:56.379  5627  5944 I CCodecConfig: query failed after returning 12 values (BAD_INDEX)
12-11 01:55:56.385  5627  5944 W Codec2Client: query -- param skipped: index = 1342179345.
12-11 01:55:56.386  5627  5944 W Codec2Client: query -- param skipped: index = 2415921170.
12-11 01:55:56.386  5627  5944 W Codec2Client: query -- param skipped: index = 1610614798.
12-11 01:55:56.495   356  5946 W SimpleC2Component: unknown frame index: 656
12-11 01:55:56.947   549  2018 I RescueParty: Starting to observe: [android, com.google.android.permissioncontroller], updated namespace: app_hibernation
12-11 01:55:56.948   549   576 I PackageWatchdog: Syncing state, reason: observing new packages
12-11 01:55:56.948   549   576 I PackageWatchdog: Syncing state, reason: updated observers
12-11 01:55:56.949   549   576 I PackageWatchdog: Saving observer state to file
12-11 01:55:56.968   549   549 I PackageWatchdog: Syncing health check requests for packages: {}
12-11 01:55:56.970   549   549 I ExplicitHealthCheckController: Service not ready to get health check supported packages. Binding...
12-11 01:55:56.983   549   549 I ExplicitHealthCheckController: Explicit health check service is bound
12-11 01:55:56.994   549   549 I ExplicitHealthCheckController: Explicit health check service is connected ComponentInfo{com.google.android.ext.services/android.ext.services.watchdog.ExplicitHealthCheckServiceImpl}
12-11 01:55:56.999   549   549 I ExplicitHealthCheckController: Service initialized, syncing requests
12-11 01:55:57.003   549   549 I PackageWatchdog: Syncing health check requests for packages: {}
12-11 01:55:57.019   549  1624 I ExplicitHealthCheckController: Explicit health check supported packages [PackageConfig{com.google.android.networkstack, 86400000}]
12-11 01:55:57.035   549  1624 I ExplicitHealthCheckController: Explicit health check requested packages []
12-11 01:55:57.043   549  1624 I ExplicitHealthCheckController: No more health check requests, unbinding...
12-11 01:55:57.080   549  1624 I ExplicitHealthCheckController: Explicit health check service is unbound
12-11 01:55:57.219  1099  6026 I AlarmManager: setExactAndAllowWhileIdle [name: GCM_HB_ALARM type: 2 triggerAtMillis: 624413]
12-11 01:55:57.291  1099  6026 I AlarmManager: setExactAndAllowWhileIdle [name: GCM_HB_ALARM type: 2 triggerAtMillis: 624485]
12-11 01:55:57.681   549  1624 I RescueParty: Starting to observe: [android, com.android.systemui], updated namespace: window_manager
12-11 01:55:57.683   549   576 I PackageWatchdog: Syncing state, reason: observing new packages
12-11 01:55:57.691   549   576 I PackageWatchdog: Syncing state, reason: updated observers
12-11 01:55:57.691   549   576 I PackageWatchdog: Not pruning observers, elapsed time: 0ms
12-11 01:55:57.692   549   576 I PackageWatchdog: Saving observer state to file
12-11 01:55:57.711   549   549 I PackageWatchdog: Syncing health check requests for packages: {}
12-11 01:55:57.711   549   549 I ExplicitHealthCheckController: Service not ready to get health check supported packages. Binding...
12-11 01:55:57.718   549   549 I ExplicitHealthCheckController: Explicit health check service is bound
12-11 01:55:57.750   549   549 I ExplicitHealthCheckController: Explicit health check service is connected ComponentInfo{com.google.android.ext.services/android.ext.services.watchdog.ExplicitHealthCheckServiceImpl}
12-11 01:55:57.750   549   549 I ExplicitHealthCheckController: Service initialized, syncing requests
12-11 01:55:57.754   549   549 I PackageWatchdog: Syncing health check requests for packages: {}
12-11 01:55:57.768   549  2014 I ExplicitHealthCheckController: Explicit health check supported packages [PackageConfig{com.google.android.networkstack, 86400000}]
12-11 01:55:57.775   549  1624 I ExplicitHealthCheckController: Explicit health check requested packages []
12-11 01:55:57.776   549  1624 I ExplicitHealthCheckController: No more health check requests, unbinding...
12-11 01:55:57.784   549  1624 I ExplicitHealthCheckController: Explicit health check service is unbound
12-11 01:55:58.544   549  1624 I RescueParty: Starting to observe: [com.android.bluetooth], updated namespace: bluetooth
12-11 01:55:58.545   549   576 I PackageWatchdog: Syncing state, reason: observing new packages
12-11 01:55:58.545   549   576 I PackageWatchdog: Syncing state, reason: updated observers
12-11 01:55:58.545   549   576 I PackageWatchdog: Not pruning observers, elapsed time: 0ms
12-11 01:55:58.546   549   576 I PackageWatchdog: Saving observer state to file
12-11 01:55:58.580   549   549 I PackageWatchdog: Syncing health check requests for packages: {}
12-11 01:55:58.580   549   549 I ExplicitHealthCheckController: Service not ready to get health check supported packages. Binding...
12-11 01:55:58.608   549   549 I ExplicitHealthCheckController: Explicit health check service is bound
12-11 01:55:58.609   549   549 I ExplicitHealthCheckController: Explicit health check service is connected ComponentInfo{com.google.android.ext.services/android.ext.services.watchdog.ExplicitHealthCheckServiceImpl}
12-11 01:55:58.620   549   549 I ExplicitHealthCheckController: Service initialized, syncing requests
12-11 01:55:58.621   549   549 I PackageWatchdog: Syncing health check requests for packages: {}
12-11 01:55:58.669   549  2018 I ExplicitHealthCheckController: Explicit health check supported packages [PackageConfig{com.google.android.networkstack, 86400000}]
12-11 01:55:58.839   549  2014 I ExplicitHealthCheckController: Explicit health check requested packages []
12-11 01:55:58.839   549  2014 I ExplicitHealthCheckController: No more health check requests, unbinding...
12-11 01:55:58.849   549  2014 I ExplicitHealthCheckController: Explicit health check service is unbound
12-11 01:55:59.070   549  1624 I RescueParty: Starting to observe: [android, com.android.systemui], updated namespace: latency_tracker
12-11 01:55:59.074   549   576 I PackageWatchdog: Syncing state, reason: observing new packages
12-11 01:55:59.075   549   576 I PackageWatchdog: Syncing state, reason: updated observers
12-11 01:55:59.075   549   576 I PackageWatchdog: Not pruning observers, elapsed time: 0ms
12-11 01:55:59.075   549   576 I PackageWatchdog: Saving observer state to file
12-11 01:55:59.107   549   549 I PackageWatchdog: Syncing health check requests for packages: {}
12-11 01:55:59.111   549   549 I ExplicitHealthCheckController: Service not ready to get health check supported packages. Binding...
12-11 01:55:59.139   549   549 I ExplicitHealthCheckController: Explicit health check service is bound
12-11 01:55:59.151   549   549 I ExplicitHealthCheckController: Explicit health check service is connected ComponentInfo{com.google.android.ext.services/android.ext.services.watchdog.ExplicitHealthCheckServiceImpl}
12-11 01:55:59.151   549   549 I ExplicitHealthCheckController: Service initialized, syncing requests
12-11 01:55:59.152   549   549 I PackageWatchdog: Syncing health check requests for packages: {}
12-11 01:55:59.172   549  2014 I ExplicitHealthCheckController: Explicit health check supported packages [PackageConfig{com.google.android.networkstack, 86400000}]
12-11 01:55:59.201   549  2014 I ExplicitHealthCheckController: Explicit health check requested packages []
12-11 01:55:59.201   549  2014 I ExplicitHealthCheckController: No more health check requests, unbinding...
12-11 01:55:59.243   549  2014 I ExplicitHealthCheckController: Explicit health check service is unbound
12-11 01:55:59.293   549  2014 I RescueParty: Starting to observe: [android], updated namespace: battery_saver
12-11 01:55:59.293   549   576 I PackageWatchdog: Syncing state, reason: observing new packages
12-11 01:55:59.293   549   576 I PackageWatchdog: Syncing state, reason: updated observers
12-11 01:55:59.294   549   576 I PackageWatchdog: Saving observer state to file
12-11 01:55:59.337   549   549 I PackageWatchdog: Syncing health check requests for packages: {}
12-11 01:55:59.337   549   549 I ExplicitHealthCheckController: Service not ready to get health check supported packages. Binding...
12-11 01:55:59.370   549   549 I ExplicitHealthCheckController: Explicit health check service is bound
12-11 01:55:59.386   549   549 E DeviceConfig: Parsing int failed for location_mode
12-11 01:55:59.390   549   549 I ExplicitHealthCheckController: Explicit health check service is connected ComponentInfo{com.google.android.ext.services/android.ext.services.watchdog.ExplicitHealthCheckServiceImpl}
12-11 01:55:59.393   549   549 I ExplicitHealthCheckController: Service initialized, syncing requests
12-11 01:55:59.393   549   549 I PackageWatchdog: Syncing health check requests for packages: {}
12-11 01:55:59.403   549  1624 I ExplicitHealthCheckController: Explicit health check supported packages [PackageConfig{com.google.android.networkstack, 86400000}]
12-11 01:55:59.419   549  1624 I ExplicitHealthCheckController: Explicit health check requested packages []
12-11 01:55:59.419   549  1624 I ExplicitHealthCheckController: No more health check requests, unbinding...
12-11 01:55:59.428   549  1624 I ExplicitHealthCheckController: Explicit health check service is unbound
12-11 01:55:59.512   549  2018 I RescueParty: Starting to observe: [android], updated namespace: constrain_display_apis
12-11 01:55:59.513   549   576 I PackageWatchdog: Syncing state, reason: observing new packages
12-11 01:55:59.513   549   576 I PackageWatchdog: Syncing state, reason: updated observers
12-11 01:55:59.514   549   549 I PackageWatchdog: Syncing health check requests for packages: {}
12-11 01:55:59.514   549   549 I ExplicitHealthCheckController: Service not ready to get health check supported packages. Binding...
12-11 01:55:59.514   549   576 I PackageWatchdog: Saving observer state to file
12-11 01:55:59.520   549   549 I ExplicitHealthCheckController: Explicit health check service is bound
12-11 01:55:59.571   549   549 I PackageWatchdog: Syncing health check requests for packages: {}
12-11 01:55:59.571   549   549 I ExplicitHealthCheckController: Service not ready to get health check supported packages. Binding...
12-11 01:55:59.571   549   549 I ExplicitHealthCheckController: Not binding to service, service already connecting
12-11 01:55:59.573   549   549 I ExplicitHealthCheckController: Explicit health check service is connected ComponentInfo{com.google.android.ext.services/android.ext.services.watchdog.ExplicitHealthCheckServiceImpl}
12-11 01:55:59.574   549   549 I ExplicitHealthCheckController: Service initialized, syncing requests
12-11 01:55:59.575   549   549 I PackageWatchdog: Syncing health check requests for packages: {}
12-11 01:55:59.592   549  2018 I ExplicitHealthCheckController: Explicit health check supported packages [PackageConfig{com.google.android.networkstack, 86400000}]
12-11 01:55:59.594   549  2018 I ExplicitHealthCheckController: Explicit health check requested packages []
12-11 01:55:59.594   549  2018 I ExplicitHealthCheckController: No more health check requests, unbinding...
12-11 01:55:59.615   549  2018 I ExplicitHealthCheckController: Explicit health check service is unbound
12-11 01:56:00.437  5219  5232 I mit.droidbotap: Background concurrent copying GC freed 260686(10MB) AllocSpace objects, 326(13MB) LOS objects, 49% free, 2685KB/5371KB, paused 8.872ms,286us total 246.055ms
12-11 01:56:00.466  5627  5890 W PlayedForThreeSecondsDetectingHandler: PlayedForThreeSeconds status shouldn't be unknown when attempting to send event
12-11 01:56:00.539  5627  5627 W PlayedForThreeSecondsDetectingHandler: PlayedForThreeSeconds status shouldn't be unknown when attempting to send event
12-11 01:56:00.630   356   429 I GoldfishComponentStore: in ~ComponentModule
12-11 01:56:00.630   356   429 I GoldfishComponentStore: unloading dll
12-11 01:56:00.631  5627  5945 I hw-BpHwBinder: onLastStrongRef automatically unlinking death recipients
12-11 01:56:00.637  5627  5920 W .instagram.lit: Verification of void X.3pz.onResponseHeaders(int, java.util.Map) took 102.247ms (1701.76 bytecodes/s) (7312B approximate peak alloc)
12-11 01:56:00.645  5627  5926 E BufferQueueProducer: [SurfaceTexture-0-5627-0](id:15fb00000001,api:0,p:-1,c:5627) detachBuffer: BufferQueue has no connected producer
12-11 01:56:00.789  5627  5945 I CCodec  : setting up 'default' as default (vendor) store
12-11 01:56:00.790   356   429 I GoldfishComponentStore: in init
12-11 01:56:00.790   356   429 I GoldfishComponentStore: loading dll of path libcodec2_goldfish_avcdec.so
12-11 01:56:00.791   356   429 I GoldfishComponentStore: Create()
12-11 01:56:00.792   356   429 I GoldfishComponentStore: created interface
12-11 01:56:00.793   356   429 I GoldfishComponentStore: created component
12-11 01:56:00.802  5627  5945 I CCodec  : Created component [c2.goldfish.h264.decoder]
12-11 01:56:00.823  1099  1108 I .gms.persisten: Background young concurrent copying GC freed 150158(5632KB) AllocSpace objects, 0(0B) LOS objects, 16% free, 29MB/35MB, paused 10.227ms,482us total 334.594ms
12-11 01:56:00.852  5627  5945 I CCodecConfig: query failed after returning 12 values (BAD_INDEX)
12-11 01:56:00.854  5627  5945 W ColorUtils: expected specified color aspects (2:0:0:0)
12-11 01:56:00.866  5627  6300 W DefaultTrackSelector: Audio channel count constraints cannot be applied without reference to Context. Build the track selector instance with one of the non-deprecated constructors that take a Context argument.
12-11 01:56:00.872  5627  6300 W DefaultTrackSelector: Audio channel count constraints cannot be applied without reference to Context. Build the track selector instance with one of the non-deprecated constructors that take a Context argument.
12-11 01:56:00.905  5627  6300 W DefaultTrackSelector: Audio channel count constraints cannot be applied without reference to Context. Build the track selector instance with one of the non-deprecated constructors that take a Context argument.
12-11 01:56:00.978  5627  5944 I MediaCodec: [c2.goldfish.h264.decoder] setting surface generation to 5762050
12-11 01:56:00.991  5627  5945 W Codec2Client: query -- param skipped: index = 1107298332.
12-11 01:56:00.992  5627  5945 W CCodec  : This behavior is subject to change. It is recommended that app developers double check whether the requested max input size is in reasonable range.
12-11 01:56:00.999  5627  5945 I CCodecConfig: query failed after returning 12 values (BAD_INDEX)
12-11 01:56:01.006  5627  5945 W Codec2Client: query -- param skipped: index = 1342179345.
12-11 01:56:01.007  5627  5945 W Codec2Client: query -- param skipped: index = 2415921170.
12-11 01:56:01.007  5627  5945 W Codec2Client: query -- param skipped: index = 1610614798.
12-11 01:56:01.009  5627  5945 W Codec2Client: query -- param skipped: index = 2684356609.
12-11 01:56:01.019  5627  5945 I CCodecBufferChannel: [c2.goldfish.h264.decoder#354] Created output block pool with allocatorID 18 => poolID 18 - OK
12-11 01:56:01.632  5627  5944 W MediaCodec: mapFormat: no mediaType information
12-11 01:56:01.869  5627  5651 I OpenGLRenderer: Davey! duration=721ms; Flags=0, FrameTimelineVsyncId=7082, IntendedVsync=338319003498, Vsync=338769003480, InputEventId=0, HandleInputStart=338778282900, AnimationStart=338778497200, PerformTraversalsStart=338860975000, DrawStart=338885833100, FrameDeadline=338335670164, FrameInterval=338778164500, FrameStartTime=16666666, SyncQueued=338889319500, SyncStart=338890889900, IssueDrawCommandsStart=339023228900, SwapBuffers=339034069000, FrameCompleted=339041862200, DequeueBufferDuration=455800, QueueBufferDuration=4749500, GpuCompleted=339039737700, SwapBuffersCompleted=339041862200, DisplayPresentTime=0, 
12-11 01:56:02.271   549   558 I system_server: Background young concurrent copying GC freed 275940(19MB) AllocSpace objects, 72(2332KB) LOS objects, 47% free, 24MB/46MB, paused 2.385ms,687us total 167.985ms
12-11 01:56:02.552   193   193 I servicemanager: Notifying apexservice they have clients: 0
12-11 01:56:02.562   193   193 I BpBinder: onLastStrongRef automatically unlinking death recipients: <uncached descriptor>
12-11 01:56:03.909  5219  5232 I mit.droidbotap: Background young concurrent copying GC freed 21776(867KB) AllocSpace objects, 35(1384KB) LOS objects, 50% free, 2432KB/4917KB, paused 5.267ms,171us total 27.321ms
12-11 01:56:04.721  5219  5232 I mit.droidbotap: Background concurrent copying GC freed 30872(1144KB) AllocSpace objects, 39(1552KB) LOS objects, 49% free, 2896KB/5792KB, paused 1.835ms,228us total 178.298ms
12-11 01:56:05.222  5627  5644 I .instagram.lit: Compiler allocated 5025KB to compile void X.0s6.<init>(java.lang.String)
12-11 01:56:05.909  5219  5232 I mit.droidbotap: Background concurrent copying GC freed 37396(1392KB) AllocSpace objects, 46(1856KB) LOS objects, 49% free, 2343KB/4687KB, paused 1.675ms,245us total 112.456ms
12-11 01:56:06.557  5219  5232 I mit.droidbotap: Background young concurrent copying GC freed 21971(868KB) AllocSpace objects, 35(1384KB) LOS objects, 44% free, 2587KB/4687KB, paused 7.185ms,282us total 39.621ms
12-11 01:56:07.544  1249  2436 W MediaProvider: isAppCloneUserPair for user 0: false
12-11 01:56:07.678   198   198 I hwservicemanager: getTransport: Cannot find entry android.hardware.graphics.mapper@4.0::IMapper/default in either framework or device VINTF manifest.
12-11 01:56:07.680  6357  6359 I Gralloc4: mapper 4.x is not supported
12-11 01:56:08.169  1099  5428 I NetworkScheduler.Stats: (REDACTED) Task %s/%s started execution. cause:%s exec_start_elapsed_seconds: %s
12-11 01:56:08.218  1099  6290 I NetworkScheduler.Stats: (REDACTED) Task %s/%s finished executing. cause:%s result: %s elapsed_millis: %s uptime_millis: %s exec_start_elapsed_seconds: %s
12-11 01:56:08.651  1099  6364 I NetworkScheduler.Stats: (REDACTED) Task %s/%s started execution. cause:%s exec_start_elapsed_seconds: %s
12-11 01:56:08.917  5627  5645 I .instagram.lit: Background concurrent copying GC freed 231768(10MB) AllocSpace objects, 154(10MB) LOS objects, 49% free, 18MB/37MB, paused 40.696ms,424us total 7.165s
12-11 01:56:08.972  5219  5232 I mit.droidbotap: Background concurrent copying GC freed 29812(1112KB) AllocSpace objects, 23(1452KB) LOS objects, 49% free, 2279KB/4559KB, paused 26.640ms,264us total 143.653ms
12-11 01:56:08.985  1099  5428 I TapAndPay: Sending QUICK_ACCESS_WALLET_STATE_CHANGED broadcast to wallet app. [CONTEXT service_id=79 ]
12-11 01:56:09.017  1099  6290 I NetworkScheduler.Stats: (REDACTED) Task %s/%s finished executing. cause:%s result: %s elapsed_millis: %s uptime_millis: %s exec_start_elapsed_seconds: %s
12-11 01:56:09.851  5627  5948 E fbandroid/java/com/facebook/lite/fizz/wrapper/jni/LiteFizzClient.cpp: [#5] 0rtt: NotAttempted
12-11 01:56:09.853  5627  5931 I fbandroid/java/com/facebook/lite/fizz/wrapper/jni/FizzSocket.cpp: [#5] Fizz-client connected.
12-11 01:56:09.895  5627  6044 E fbandroid/java/com/facebook/lite/fizz/wrapper/jni/LiteFizzClient.cpp: [#7] 0rtt: NotAttempted
12-11 01:56:09.957  5219  5232 I mit.droidbotap: Background young concurrent copying GC freed 15215(633KB) AllocSpace objects, 19(1172KB) LOS objects, 38% free, 2791KB/4559KB, paused 10.772ms,207us total 105.745ms
12-11 01:56:10.085  5627  6047 E fbandroid/java/com/facebook/lite/fizz/wrapper/jni/LiteFizzClient.cpp: [#8] 0rtt: NotAttempted
12-11 01:56:10.090  5627  6017 I fbandroid/java/com/facebook/lite/fizz/wrapper/jni/FizzSocket.cpp: [#8] Fizz-client connected.
12-11 01:56:10.125  5627  5932 I fbandroid/java/com/facebook/lite/fizz/wrapper/jni/FizzSocket.cpp: [#7] Fizz-client connected.
12-11 01:56:10.360  1249  1718 I MediaProvider: Begin Intent { act=android.intent.action.MEDIA_SCANNER_SCAN_FILE dat=file:///sdcard/screen_2024-12-11_015627.png flg=0x1400010 cmp=com.google.android.providers.media.module/com.android.providers.media.MediaService }
12-11 01:56:10.521  5627  5947 E fbandroid/java/com/facebook/lite/fizz/wrapper/jni/LiteFizzClient.cpp: [#4] 0rtt: NotAttempted
12-11 01:56:10.526  5627  5823 I fbandroid/java/com/facebook/lite/fizz/wrapper/jni/FizzSocket.cpp: [#4] Fizz-client connected.
