--------- beginning of main
12-11 01:54:27.630  1205  1205 I GoogleInputMethodService: GoogleInputMethodService.onFinishInput():3095 
12-11 01:54:27.671  1205  1205 I GoogleInputMethodService: GoogleInputMethodService.updateDeviceLockedStatus():2167 repeatCheckTimes = 0, locked = false
12-11 01:54:27.671  1205  1205 I GoogleInputMethodService: GoogleInputMethodService.onDestroy():1426 
12-11 01:54:27.724  1205  1205 I HardKeyTracker: HardKeyTracker.unregisterKeySequence():183 Unregister key sequence lii{labelResId=2132019900, callback=btp@1c741d8, lastModifier=2, keyCodes=[47], actions=[0]}
--------- beginning of system
12-11 01:54:27.747   549   567 W Looper  : Slow dispatch took 157ms android.ui h=com.android.server.policy.PhoneWindowManager$PolicyHandler c=android.database.ContentObserver$$ExternalSyntheticLambda0@e65ec7d m=0
12-11 01:54:27.753  1205  1205 I ModuleManager: ModuleManager$ModuleInitListener.maybeUnloadModuleOnUnavailable():1396 module jcn is unavailable
12-11 01:54:27.755  1205  1205 W NotificationCenter: NotificationCenter$NotificationQueue.notifyOnExecutor():883 Heavy notify work detected on UI thread: [jzp->kxd] takes 28ms
12-11 01:54:27.755  1205  1205 I ModuleManager: ModuleManager$ModuleInitListener.maybeUnloadModuleOnUnavailable():1396 module ddl is unavailable
12-11 01:54:27.756  1205  1205 I ModuleManager: ModuleManager$ModuleInitListener.maybeUnloadModuleOnUnavailable():1396 module kjy is unavailable
12-11 01:54:27.757  1205  1205 I HardKeyTracker: HardKeyTracker.unregisterKeySequence():183 Unregister key sequence lii{labelResId=0, callback=jju@19c3443, lastModifier=0, keyCodes=[204], actions=[0]}
12-11 01:54:27.759  1205  1205 I HardKeyTracker: HardKeyTracker.unregisterKeySequence():183 Unregister key sequence lii{labelResId=2132019898, callback=jju@58d4f3e, lastModifier=1, keyCodes=[62, 59], actions=[0, 0]}
12-11 01:54:27.759  1205  1205 I HardKeyTracker: HardKeyTracker.unregisterKeySequence():183 Unregister key sequence lii{labelResId=0, callback=jju@58d4f3e, lastModifier=1, keyCodes=[62, 60], actions=[0, 0]}
12-11 01:54:27.761  1205  1205 I ModuleManager: ModuleManager$ModuleInitListener.maybeUnloadModuleOnUnavailable():1396 module kkb is unavailable
12-11 01:54:27.761  1205  1205 I ModuleManager: ModuleManager$ModuleInitListener.maybeUnloadModuleOnUnavailable():1396 module kyf is unavailable
12-11 01:54:27.762  1205  1205 I ModuleManager: ModuleManager$ModuleInitListener.maybeUnloadModuleOnUnavailable():1396 module llx is unavailable
12-11 01:54:27.794  1205  1205 W NotificationCenter: NotificationCenter$NotificationQueue.notifyOnExecutor():883 Heavy notify work detected on UI thread: [jzp->kxd] takes 86ms
12-11 01:54:27.795   549   549 W Looper  : Slow dispatch took 175ms main h=android.os.Handler c=android.database.ContentObserver$$ExternalSyntheticLambda0@c69d379 m=0
12-11 01:54:27.868  1205  1205 I EmojifyExtensionImpl: EmojifyExtensionImpl.onDestroy():603 Destroying Emojify extension dyh@4f40e96.
12-11 01:54:27.879  1205  1222 W SP      : File ref is being finalized but wasn't closed, file: main_en_840_2024120100_1[2]
12-11 01:54:27.926  1205  1205 I AccessPointsListHolderController: AccessPointsListHolderController.removeAccessPoint():409 The access point share is not added
12-11 01:54:27.927  1205  1205 I ModuleManager: ModuleManager$ModuleInitListener.maybeUnloadModuleOnUnavailable():1396 module dji is unavailable
12-11 01:54:27.928  1205  1205 I ModuleManager: ModuleManager$ModuleInitListener.maybeUnloadModuleOnUnavailable():1396 module gdv is unavailable
12-11 01:54:27.929  1205  1205 I ModuleManager: ModuleManager$ModuleInitListener.maybeUnloadModuleOnUnavailable():1396 module ecp is unavailable
12-11 01:54:27.929  1205  1205 I ModuleManager: ModuleManager$ModuleInitListener.maybeUnloadModuleOnUnavailable():1396 module fsz is unavailable
12-11 01:54:27.931  1205  1205 I ModuleManager: ModuleManager$ModuleInitListener.maybeUnloadModuleOnUnavailable():1396 module efv is unavailable
12-11 01:54:27.932  1205  1205 I ModuleManager: ModuleManager$ModuleInitListener.maybeUnloadModuleOnUnavailable():1396 module eov is unavailable
12-11 01:54:27.933  1205  1205 W NotificationCenter: NotificationCenter$NotificationQueue.notifyOnExecutor():883 Heavy notify work detected on UI thread: [jzs->kxd] takes 23ms
12-11 01:54:27.940  1205  1205 I ModuleManager: ModuleManager$ModuleInitListener.maybeUnloadModuleOnUnavailable():1396 module geb is unavailable
12-11 01:54:27.942  1205  1205 W NotificationCenter: NotificationCenter$NotificationQueue.notifyOnExecutor():883 Heavy notify work detected on UI thread: [jzs->kxd] takes 32ms
12-11 01:54:27.943  1205  1205 I ModuleManager: ModuleManager$ModuleInitListener.maybeUnloadModuleOnUnavailable():1396 module dvf is unavailable
12-11 01:54:27.943  1205  1205 I ModuleManager: ModuleManager$ModuleInitListener.maybeUnloadModuleOnUnavailable():1396 module dwy is unavailable
12-11 01:54:27.944  1205  1205 I ModuleManager: ModuleManager$ModuleInitListener.maybeUnloadModuleOnUnavailable():1396 module ekz is unavailable
12-11 01:54:27.955  1205  1205 I ModuleManager: ModuleManager$ModuleInitListener.maybeUnloadModuleOnUnavailable():1396 module eph is unavailable
12-11 01:54:27.955  1205  1205 I ModuleManager: ModuleManager$ModuleInitListener.maybeUnloadModuleOnUnavailable():1396 module exg is unavailable
12-11 01:54:27.956  1205  1205 I ModuleManager: ModuleManager$ModuleInitListener.maybeUnloadModuleOnUnavailable():1396 module eyu is unavailable
12-11 01:54:27.959  1205  1205 I ModuleManager: ModuleManager$ModuleInitListener.maybeUnloadModuleOnUnavailable():1396 module fbh is unavailable
12-11 01:54:27.965  1205  1205 I JapaneseMozcExtension: JapaneseMozcExtension.onDestroy():52 
12-11 01:54:27.966  1205  1205 I ModuleManager: ModuleManager$ModuleInitListener.maybeUnloadModuleOnUnavailable():1396 module fbu is unavailable
12-11 01:54:27.969  1205  1769 I InputActionMetricsProcessor: InputActionMetricsProcessor.onDetached():107 Detached from metrics manager.
12-11 01:54:27.970  1205  1205 I ModuleManager: ModuleManager$ModuleInitListener.maybeUnloadModuleOnUnavailable():1396 module fjr is unavailable
12-11 01:54:27.972  1205  1205 I ModuleManager: ModuleManager$ModuleInitListener.maybeUnloadModuleOnUnavailable():1396 module fmy is unavailable
12-11 01:54:27.973  1205  1205 I ModuleManager: ModuleManager$ModuleInitListener.maybeUnloadModuleOnUnavailable():1396 module IEmojiOrGifExtension is unavailable
12-11 01:54:27.975  1205  1205 I ModuleManager: ModuleManager$ModuleInitListener.maybeUnloadModuleOnUnavailable():1396 module IEmoticonExtension is unavailable
12-11 01:54:27.979  1205  1205 I ModuleManager: ModuleManager$ModuleInitListener.maybeUnloadModuleOnUnavailable():1396 module frg is unavailable
12-11 01:54:27.979  1205  1205 I ModuleManager: ModuleManager$ModuleInitListener.maybeUnloadModuleOnUnavailable():1396 module fum is unavailable
12-11 01:54:27.989  1205  1205 I ModuleManager: ModuleManager$ModuleInitListener.maybeUnloadModuleOnUnavailable():1396 module gnu is unavailable
12-11 01:54:27.990  1205  1205 I UniversalDictationExtension: UniversalDictationExtension.onDestroyExtension():87 onDestroy [UD]
12-11 01:54:27.991  1205  1205 I ModuleManager: ModuleManager$ModuleInitListener.maybeUnloadModuleOnUnavailable():1396 module gnv is unavailable
12-11 01:54:27.997  1205  1205 I InputContextSharingModule: InputContextSharingModule.onDestroy():54 onDestroy()
12-11 01:54:27.999  1205  1205 I ModuleManager: ModuleManager$ModuleInitListener.maybeUnloadModuleOnUnavailable():1396 module gsf is unavailable
12-11 01:54:28.001  1205  1205 I OnDevicePackDownloadModule: OnDevicePackDownloadModule.onDestroy():95 onDestroy()
12-11 01:54:28.001  1205  1205 I ModuleManager: ModuleManager$ModuleInitListener.maybeUnloadModuleOnUnavailable():1396 module gsq is unavailable
12-11 01:54:28.002  1205  1205 I NewS3RecognizerModule: NewS3RecognizerModule.onDestroy():21 onDestroy [news3]
12-11 01:54:28.011  1205  1205 I ModuleManager: ModuleManager$ModuleInitListener.maybeUnloadModuleOnUnavailable():1396 module gun is unavailable
12-11 01:54:28.012  1205  1205 I ModuleManager: ModuleManager$ModuleInitListener.maybeUnloadModuleOnUnavailable():1396 module ido is unavailable
12-11 01:54:28.014  1205  1205 I HardKeyTracker: HardKeyTracker.unregisterKeySequence():183 Unregister key sequence lii{labelResId=2132019895, callback=cab@c57f71a, lastModifier=2, keyCodes=[48], actions=[0]}
12-11 01:54:28.016  1205  1205 I HardKeyTracker: HardKeyTracker.unregisterKeySequence():183 Unregister key sequence lii{labelResId=2132019894, callback=cab@4f85a8d, lastModifier=65536, keyCodes=[76], actions=[0]}
12-11 01:54:28.018  1205  1205 I HardKeyTracker: HardKeyTracker.unregisterKeySequence():183 Unregister key sequence lii{labelResId=2132019890, callback=cab@1004ad4, lastModifier=2, keyCodes=[50], actions=[0]}
12-11 01:54:28.019  1205  1205 I HardKeyTracker: HardKeyTracker.unregisterKeySequence():183 Unregister key sequence lii{labelResId=2132018462, callback=cab@fa106e1, lastModifier=2, keyCodes=[39], actions=[0]}
12-11 01:54:28.019  1205  1205 I HardKeyTracker: HardKeyTracker.unregisterKeySequence():183 Unregister key sequence lii{labelResId=2132019893, callback=cab@7c0dcdb, lastModifier=2, keyCodes=[37], actions=[0]}
12-11 01:54:28.025  1205  1205 I ModuleManager: ModuleManager$ModuleInitListener.maybeUnloadModuleOnUnavailable():1396 module dhi is unavailable
12-11 01:54:28.026  1205  1205 I ModuleManager: ModuleManager$ModuleInitListener.maybeUnloadModuleOnUnavailable():1396 module foo is unavailable
12-11 01:54:28.028  1205  1205 I ModuleManager: ModuleManager$ModuleInitListener.maybeUnloadModuleOnUnavailable():1396 module for is unavailable
12-11 01:54:28.029  1205  1205 I ModuleManager: ModuleManager$ModuleInitListener.maybeUnloadModuleOnUnavailable():1396 module gna is unavailable
12-11 01:54:28.030  1205  1205 I ModuleManager: ModuleManager$ModuleInitListener.maybeUnloadModuleOnUnavailable():1396 module kju is unavailable
12-11 01:54:28.033  1205  1205 I ModuleManager: ModuleManager$ModuleInitListener.maybeUnloadModuleOnUnavailable():1396 module ifo is unavailable
12-11 01:54:28.034  1205  1205 I ModuleManager: ModuleManager$ModuleInitListener.maybeUnloadModuleOnUnavailable():1396 module IBannerExtension is unavailable
12-11 01:54:28.035  1205  1205 I ModuleManager: ModuleManager$ModuleInitListener.maybeUnloadModuleOnUnavailable():1396 module luq is unavailable
12-11 01:54:28.037  1205  1205 W NotificationCenter: NotificationCenter$NotificationQueue.notifyOnExecutor():883 Heavy notify work detected on UI thread: [jzs->kxd] takes 126ms
12-11 01:54:28.038  1205  1205 I ModuleManager: ModuleManager$ModuleInitListener.maybeUnloadModuleOnUnavailable():1396 module lwi is unavailable
12-11 01:54:28.038  1205  1205 W NotificationCenter: NotificationCenter$NotificationQueue.notifyOnExecutor():883 Heavy notify work detected on UI thread: [jzs->kxd] takes 143ms
12-11 01:54:28.039  1205  1205 I ModuleManager: ModuleManager$ModuleInitListener.maybeUnloadModuleOnUnavailable():1396 module eyt is unavailable
12-11 01:54:28.040  1205  1205 W NotificationCenter: NotificationCenter$NotificationQueue.notifyOnExecutor():883 Heavy notify work detected on UI thread: [jzs->kxd] takes 170ms
12-11 01:54:28.040  1205  1205 I ModuleManager: ModuleManager$ModuleInitListener.maybeUnloadModuleOnUnavailable():1396 module dud is unavailable
12-11 01:54:28.042  1205  1205 W NotificationCenter: NotificationCenter$NotificationQueue.notifyOnExecutor():883 Heavy notify work detected on UI thread: [jzs->kxd, jzs->kxd, jzs->kxd, jzs->kxd] takes 171ms
12-11 01:54:28.043  1205  1205 I ModuleManager: ModuleManager$ModuleInitListener.maybeUnloadModuleOnUnavailable():1396 module dxu is unavailable
12-11 01:54:28.043  1205  1205 I AbstractOpenableExtension: AbstractOpenableExtension.maybeDestroyExistingKeyboardGroupManager():535 Destroy existing keyboard group manager in dzh
12-11 01:54:28.046  1205  1205 I ModuleManager: ModuleManager$ModuleInitListener.maybeUnloadModuleOnUnavailable():1396 module IExpressionMomentExtension is unavailable
12-11 01:54:28.049  1205  1205 I AbstractOpenableExtension: AbstractOpenableExtension.maybeDestroyExistingKeyboardGroupManager():535 Destroy existing keyboard group manager in fsj
12-11 01:54:28.053  1205  1205 I ModuleManager: ModuleManager$ModuleInitListener.maybeUnloadModuleOnUnavailable():1396 module FastAccessBarExtension is unavailable
12-11 01:54:28.053  1205  1205 I ModuleManager: ModuleManager$ModuleInitListener.maybeUnloadModuleOnUnavailable():1396 module IBitmojiExtension is unavailable
12-11 01:54:28.054  1205  1205 W NotificationCenter: NotificationCenter$NotificationQueue.notifyOnExecutor():883 Heavy notify work detected on UI thread: [jzs->kxd] takes 190ms
12-11 01:54:28.057  1205  1205 I ModuleManager: ModuleManager$ModuleInitListener.maybeUnloadModuleOnUnavailable():1396 module dqf is unavailable
12-11 01:54:28.057  1205  1205 W NotificationCenter: NotificationCenter$NotificationQueue.notifyOnExecutor():883 Heavy notify work detected on UI thread: [jzs->kxd] takes 221ms
12-11 01:54:28.057  1205  1205 I ModuleManager: ModuleManager$ModuleInitListener.maybeUnloadModuleOnUnavailable():1396 module fnz is unavailable
12-11 01:54:28.058  1205  1205 I ModuleManager: ModuleManager$ModuleInitListener.maybeUnloadModuleOnUnavailable():1396 module IUniversalMediaExtension is unavailable
12-11 01:54:28.058  1205  1205 W NotificationCenter: NotificationCenter$NotificationQueue.notifyOnExecutor():883 Heavy notify work detected on UI thread: [jzs->kxd, jzs->kxd] takes 253ms
12-11 01:54:28.059  1205  1205 I ModuleManager: ModuleManager$ModuleInitListener.maybeUnloadModuleOnUnavailable():1396 module dfu is unavailable
12-11 01:54:28.062  1205  1205 I ModuleManager: ModuleManager$ModuleInitListener.maybeUnloadModuleOnUnavailable():1396 module gme is unavailable
12-11 01:54:28.062  1205  1205 W NotificationCenter: NotificationCenter$NotificationQueue.notifyOnExecutor():883 Heavy notify work detected on UI thread: [jzs->kxd] takes 267ms
12-11 01:54:28.063  1205  1205 I ModuleManager: ModuleManager$ModuleInitListener.maybeUnloadModuleOnUnavailable():1396 module ddp is unavailable
12-11 01:54:28.064  1205  1205 I ModuleManager: ModuleManager$ModuleInitListener.maybeUnloadModuleOnUnavailable():1396 module gia is unavailable
12-11 01:54:28.064  1205  1205 W NotificationCenter: NotificationCenter.unregisterListener():469 Listener ipg@c7d7401 was not registered for notification class jwe
12-11 01:54:28.065  1205  1205 W NotificationCenter: NotificationCenter.unregisterListener():469 Listener ipf@62c55e8 was not registered for notification class jvx
12-11 01:54:28.066  1205  1205 W NotificationCenter: NotificationCenter.unregisterListener():469 Listener kxd@9134491 was not registered for notification class igb
12-11 01:54:28.067  1205  1205 W NotificationCenter: NotificationCenter.unregisterListener():469 Listener iow@5bb44e7 was not registered for notification class jay
12-11 01:54:28.079  1205  1205 W NotificationCenter: NotificationCenter.unregisterListener():469 Listener idi@8260823 was not registered for notification class iez
12-11 01:54:28.080  1205  1205 W NotificationCenter: NotificationCenter.unregisterListener():469 Listener idh@8807ad9 was not registered for notification class ifb
12-11 01:54:28.080  1205  1205 I HardKeyTracker: HardKeyTracker.unregisterKeySequence():183 Unregister key sequence lii{labelResId=2132019899, callback=fgv@bd40d9f, lastModifier=2, keyCodes=[62], actions=[0]}
12-11 01:54:28.083  1205  1205 I HardKeyTracker: HardKeyTracker.unregisterKeySequence():183 Unregister key sequence lii{labelResId=2132019897, callback=null, lastModifier=2, keyCodes=[8], actions=[0]}
12-11 01:54:28.085  1205  1205 I ModuleManager: ModuleManager$ModuleInitListener.maybeUnloadModuleOnUnavailable():1396 module idm is unavailable
12-11 01:54:28.087  1205  1205 I ModuleManager: ModuleManager$ModuleInitListener.maybeUnloadModuleOnUnavailable():1396 module lhv is unavailable
12-11 01:54:28.089  1205  1205 I ModuleManager: ModuleManager$ModuleInitListener.maybeUnloadModuleOnUnavailable():1396 module loi is unavailable
12-11 01:54:28.091  1205  1205 I ModuleManager: ModuleManager$ModuleInitListener.maybeUnloadModuleOnUnavailable():1396 module ghz is unavailable
12-11 01:54:28.098  1205  1205 I ModuleManager: ModuleManager$ModuleInitListener.maybeUnloadModuleOnUnavailable():1396 module eoz is unavailable
12-11 01:54:28.116  1205  1205 I ModuleManager: ModuleManager$ModuleInitListener.maybeUnloadModuleOnUnavailable():1396 module dty is unavailable
12-11 01:54:28.117  1205  1205 I HardKeyTracker: HardKeyTracker.unregisterKeySequence():183 Unregister key sequence lii{labelResId=0, callback=fgv@aa70577, lastModifier=0, keyCodes=[57, 57], actions=[1, 0]}
12-11 01:54:28.117  1205  1205 I HardKeyTracker: HardKeyTracker.unregisterKeySequence():183 Unregister key sequence lii{labelResId=0, callback=fgv@2396902, lastModifier=0, keyCodes=[58, 58], actions=[1, 0]}
12-11 01:54:28.118  1205  1205 I AbstractOpenableExtension: AbstractOpenableExtension.maybeDestroyExistingKeyboardGroupManager():535 Destroy existing keyboard group manager in fpu
12-11 01:54:28.120  1205  1205 I ModuleManager: ModuleManager$ModuleInitListener.maybeUnloadModuleOnUnavailable():1396 module IEmojiSearchExtension is unavailable
12-11 01:54:28.121  1205  1205 I ModuleManager: ModuleManager$ModuleInitListener.maybeUnloadModuleOnUnavailable():1396 module lua is unavailable
12-11 01:54:28.145  1205  1205 I ModuleManager: ModuleManager$ModuleInitListener.maybeUnloadModuleOnUnavailable():1396 module dgx is unavailable
12-11 01:54:28.147  1205  1205 W NotificationCenter: NotificationCenter$NotificationQueue.notifyOnExecutor():883 Heavy notify work detected on UI thread: [ktn->kui] takes 25ms
12-11 01:54:28.148  1205  1205 I ModuleManager: ModuleManager$ModuleInitListener.maybeUnloadModuleOnUnavailable():1396 module ITranslateUIExtension is unavailable
12-11 01:54:28.149  1205  1205 I ModuleManager: ModuleManager$ModuleInitListener.maybeUnloadModuleOnUnavailable():1396 module IGifKeyboardExtension is unavailable
12-11 01:54:28.150  1205  1205 I ModuleManager: ModuleManager$ModuleInitListener.maybeUnloadModuleOnUnavailable():1396 module IStickerExtension is unavailable
12-11 01:54:28.163  1205  1205 W NotificationCenter: NotificationCenter$NotificationQueue.notifyOnExecutor():883 Heavy notify work detected on UI thread: [jzs->kxd] takes 367ms
12-11 01:54:28.169  1205  1205 I GoogleInputMethodService: GoogleInputMethodService.onDestroy():1462 Maybe update OEM display config because of service destruction
12-11 01:54:28.189  1205  1205 I DeviceModeModule: DeviceModeModule.calculateAndNotify():198 Window metrics is not available, fallback to app context.
12-11 01:54:28.190  1205  1205 I DeviceModeModule: DeviceModeModule.calculateAndNotify():225 Device mode 'phone' from display metrics 'DisplayMetrics{density=0.0, width=1080, height=2280, scaledDensity=0.0, xdpi=440.0, ydpi=440.0}' or smallestScreenWidthDp: 392
12-11 01:54:28.194  1205  1205 I GoogleInputMethodService: GoogleInputMethodService.clearInputMethodServiceData():1546 clearInputMethodServiceData for onDestroy
12-11 01:54:28.209  1205  1205 I GoogleInputMethodService: GoogleInputMethodService.discardAllKeyboardViewAndInputView():1750 discardAllKeyboardViewAndInputView()
12-11 01:54:28.215  1205  1205 I InputMethodEntryManager: InputMethodEntryManager.notifyCurrentInputMethodEntryOnContextChanged():555 notifyCurrentInputMethodEntryOnContextChanged()
12-11 01:54:28.215  1205  1205 I InputMethodEntryManager: InputMethodEntryManager.notifyCurrentInputMethodEntryOnContextChanged():576 Notify current input method entry changed on context change
12-11 01:54:28.224  1205  1205 I KeyboardThemeProvider: KeyboardThemeProvider.reset():40 Reset keyboard theme
12-11 01:54:28.225  1205  1205 I KeyboardContextProvider: KeyboardContextProvider.setBaseContextAndInvalidKeyboardContextCache():88 setBaseContextAndInvalidKeyboardContextCache(): null
12-11 01:54:28.263   549  1231 W InputManager-JNI: Input channel object '4633650 InputMethod (client)' was disposed without first being removed with the input manager!
12-11 01:54:28.288  1205  1205 I AbstractOpenableExtension: AbstractOpenableExtension$3.onSuccess():549 KeyboardGroupManager destroyed in dzh.
12-11 01:54:28.288  1205  1205 I AbstractOpenableExtension: AbstractOpenableExtension$3.onSuccess():549 KeyboardGroupManager destroyed in fsj.
12-11 01:54:28.289  1205  1205 I AbstractOpenableExtension: AbstractOpenableExtension$3.onSuccess():549 KeyboardGroupManager destroyed in fpu.
12-11 01:54:30.511  1463  1463 I byzo    : (REDACTED) Starting %s background task %s.
12-11 01:54:30.664  1463  1811 I bwww    : Using pair HTTP connection
12-11 01:54:30.737  1463  3825 I aoxr    : [Upload] Connected
12-11 01:54:30.773   549   567 E RemoteAugmentedAutofillService: Bad service name for flags 1048704: com.google.android.as/com.google.android.apps.miphone.aiai.app.AiAiAugmentedAutofillService
12-11 01:54:30.851  1463  3825 I bwww    : Using pair HTTP connection
12-11 01:54:30.862  1463  3814 I aoxr    : [Upload] Connected
12-11 01:54:30.871  1463  1463 E vuw     : onError
12-11 01:54:30.871  1463  1463 E vuw     : avyw: errorCode: 65561, engine: 2
12-11 01:54:30.871  1463  1463 E vuw     : 	at bwwy.a(PG:3)
12-11 01:54:30.871  1463  1463 E vuw     : 	at aoxn.ho(PG:1)
12-11 01:54:30.871  1463  1463 E vuw     : 	at ioyb.e(PG:2)
12-11 01:54:30.871  1463  1463 E vuw     : 	at axzh.d(PG:21)
12-11 01:54:30.871  1463  1463 E vuw     : 	at axzh.ja(PG:6)
12-11 01:54:30.871  1463  1463 E vuw     : 	at aoxo.c(PG:14)
12-11 01:54:30.871  1463  1463 E vuw     : 	at aoxp.run(PG:1)
12-11 01:54:30.871  1463  1463 E vuw     : 	at java.util.concurrent.Executors$RunnableAdapter.call(Executors.java:462)
12-11 01:54:30.871  1463  1463 E vuw     : 	at java.util.concurrent.FutureTask.run(FutureTask.java:266)
12-11 01:54:30.871  1463  1463 E vuw     : 	at awly.run(PG:2)
12-11 01:54:30.871  1463  1463 E vuw     : 	at awoa.run(PG:1)
12-11 01:54:30.871  1463  1463 E vuw     : 	at awoa.run(PG:1)
12-11 01:54:30.871  1463  1463 E vuw     : 	at java.util.concurrent.ThreadPoolExecutor.runWorker(ThreadPoolExecutor.java:1167)
12-11 01:54:30.871  1463  1463 E vuw     : 	at java.util.concurrent.ThreadPoolExecutor$Worker.run(ThreadPoolExecutor.java:641)
12-11 01:54:30.871  1463  1463 E vuw     : 	at java.lang.Thread.run(Thread.java:920)
12-11 01:54:30.871  1463  1463 E vuw     : 	at awmf.run(PG:5)
12-11 01:54:30.871  1463  1463 E vuw     : Caused by: avyy: errorCode: 65586, engine: 2
12-11 01:54:30.871  1463  1463 E vuw     : 	... 15 more
12-11 01:54:30.871  1463  1463 E vuw     : Caused by: avyu: errorCode: 401, engine: 2
12-11 01:54:30.871  1463  1463 E vuw     : 	at vut.a(PG:5)
12-11 01:54:30.871  1463  1463 E vuw     : 	at aoyk.hu(PG:2)
12-11 01:54:30.871  1463  1463 E vuw     : 	at axzh.d(PG:15)
12-11 01:54:30.871  1463  1463 E vuw     : 	... 12 more
12-11 01:54:30.883  1463  1463 W vdi     : Failed to sync device settings.
12-11 01:54:30.883  1463  1463 I vdi     : Retrying to sync device settings.
12-11 01:54:34.577  1249  1412 W MediaProvider: isAppCloneUserPair for user 0: false
12-11 01:54:34.711   396   436 W ServiceManager: Permission failure: android.permission.CAPTURE_BLACKOUT_CONTENT from uid=2000 pid=5417
12-11 01:54:34.807   198   198 I hwservicemanager: getTransport: Cannot find entry android.hardware.graphics.mapper@4.0::IMapper/default in either framework or device VINTF manifest.
12-11 01:54:34.813  5417  5421 I Gralloc4: mapper 4.x is not supported
12-11 01:54:34.966  1099  5422 I NetworkScheduler.Stats: (REDACTED) Task %s/%s started execution. cause:%s exec_start_elapsed_seconds: %s
12-11 01:54:34.997  1099  5244 I NetworkScheduler.Stats: (REDACTED) Task %s/%s finished executing. cause:%s result: %s elapsed_millis: %s uptime_millis: %s exec_start_elapsed_seconds: %s
12-11 01:54:35.076  1463  4309 W aoxv    : (REDACTED) [%s] response code: %d
12-11 01:54:35.937  1249  1718 I MediaProvider: Begin Intent { act=android.intent.action.MEDIA_SCANNER_SCAN_FILE dat=file:///sdcard/screen_2024-12-11_015453.png flg=0x1400010 cmp=com.google.android.providers.media.module/com.android.providers.media.MediaService }
12-11 01:54:36.061  1249  1718 I MediaProvider: End Intent { act=android.intent.action.MEDIA_SCANNER_SCAN_FILE dat=file:///sdcard/screen_2024-12-11_015453.png flg=0x1400010 cmp=com.google.android.providers.media.module/com.android.providers.media.MediaService }
12-11 01:54:36.173  1099  5422 I NetworkScheduler.Stats: (REDACTED) Task %s/%s started execution. cause:%s exec_start_elapsed_seconds: %s
12-11 01:54:36.191  1099  5423 I NetworkScheduler.Stats: (REDACTED) Task %s/%s finished executing. cause:%s result: %s elapsed_millis: %s uptime_millis: %s exec_start_elapsed_seconds: %s
12-11 01:54:36.662  1249  1409 I MediaProvider: Deleted 0 1 0 0 0 0 0 items on external_primary due to com.android.shell
12-11 01:54:36.776  1099  5422 I NetworkScheduler.Stats: (REDACTED) Task %s/%s started execution. cause:%s exec_start_elapsed_seconds: %s
12-11 01:54:36.786  1099  5428 I NetworkScheduler.Stats: (REDACTED) Task %s/%s finished executing. cause:%s result: %s elapsed_millis: %s uptime_millis: %s exec_start_elapsed_seconds: %s
12-11 01:54:38.046   549  2017 I ActivityManager: Force stopping com.instagram.lite appid=10175 user=0: from pid 5453
12-11 01:54:38.051   549  2017 I ActivityManager: Killing 4196:com.instagram.lite:fbns/u0a175 (adj 905): stop com.instagram.lite due to from pid 5453
12-11 01:54:38.066   549  2017 I ActivityManager: Killing 4586:com.instagram.lite/u0a175 (adj 945): stop com.instagram.lite due to from pid 5453
12-11 01:54:38.101   549   579 I libprocessgroup: Successfully killed process cgroup uid 10175 pid 4196 in 45ms
12-11 01:54:38.144   332   332 I Zygote  : Process 4196 exited due to signal 9 (Killed)
12-11 01:54:38.152   332   332 I Zygote  : Process 4586 exited due to signal 9 (Killed)
12-11 01:54:38.152   549   579 I libprocessgroup: Successfully killed process cgroup uid 10175 pid 4586 in 0ms
12-11 01:54:38.340   549   567 I ActivityTaskManager: START u0 {act=android.intent.action.MAIN cat=[android.intent.category.HOME] flg=0x10000100 cmp=com.google.android.apps.nexuslauncher/.NexusLauncherActivity (has extras)} from uid 0
12-11 01:54:38.431   549  1337 W ActivityManager: Unable to start service Intent { act=android.service.smartspace.SmartspaceService cmp=com.google.android.as/com.google.android.apps.miphone.aiai.app.AiAiSmartspaceService } U=0: not found
12-11 01:54:38.432   549  1337 W RemoteSmartspaceService: could not bind to Intent { act=android.service.smartspace.SmartspaceService cmp=com.google.android.as/com.google.android.apps.miphone.aiai.app.AiAiSmartspaceService } using flags 67112961
12-11 01:54:38.436   549   549 W ActivityManager: Unbind failed: could not find connection for android.app.LoadedApk$ServiceDispatcher$InnerConnection@e9345d
12-11 01:54:41.214   549   558 I system_server: Background young concurrent copying GC freed 319899(20MB) AllocSpace objects, 71(3020KB) LOS objects, 47% free, 24MB/46MB, paused 13.221ms,339us total 127.481ms
12-11 01:54:43.226  1415  1415 I GmsCoreXrpcWrapper: (REDACTED) Returning a channel provider with trafficStatsTag=%d trafficStatsUid=%d
12-11 01:54:43.249  1099  5423 I NetworkScheduler.Stats: (REDACTED) Task %s/%s started execution. cause:%s exec_start_elapsed_seconds: %s
12-11 01:54:43.322  1099  1352 W GLSUser : [DeviceKeyStore] Cannot load key: Device key file not found.
12-11 01:54:43.482  1099  1352 W GmsUrlRequestImpl: Content-Type header is overwritten.
12-11 01:54:43.784  1099  1352 W GLSUser : [AppCertManager] Exception while requesting key: 
12-11 01:54:43.784  1099  1352 W GLSUser : java.util.concurrent.ExecutionException: bpyn: Parse Proto Exception with response code 400
12-11 01:54:43.784  1099  1352 W GLSUser : 	at exkm.s(:com.google.android.gms@243433041@24.34.33 (190800-666809342):21)
12-11 01:54:43.784  1099  1352 W GLSUser : 	at exkm.get(:com.google.android.gms@243433041@24.34.33 (190800-666809342):10)
12-11 01:54:43.784  1099  1352 W GLSUser : 	at xft.b(:com.google.android.gms@243433041@24.34.33 (190800-666809342):513)
12-11 01:54:43.784  1099  1352 W GLSUser : 	at xfr.a(:com.google.android.gms@243433041@24.34.33 (190800-666809342):70)
12-11 01:54:43.784  1099  1352 W GLSUser : 	at xfr.fr(:com.google.android.gms@243433041@24.34.33 (190800-666809342):16)
12-11 01:54:43.784  1099  1352 W GLSUser : 	at nqj.onTransact(:com.google.android.gms@243433041@24.34.33 (190800-666809342):97)
12-11 01:54:43.784  1099  1352 W GLSUser : 	at android.os.Binder.transact(Binder.java:1064)
12-11 01:54:43.784  1099  1352 W GLSUser : 	at bjtl.onTransact(:com.google.android.gms@243433041@24.34.33 (190800-666809342):10)
12-11 01:54:43.784  1099  1352 W GLSUser : 	at android.os.Binder.transact(Binder.java:1064)
12-11 01:54:43.784  1099  1352 W GLSUser : 	at bbdu.onTransact(:com.google.android.gms@243433041@24.34.33 (190800-666809342):148)
12-11 01:54:43.784  1099  1352 W GLSUser : 	at android.os.Binder.execTransactInternal(Binder.java:1179)
12-11 01:54:43.784  1099  1352 W GLSUser : 	at android.os.Binder.execTransact(Binder.java:1143)
12-11 01:54:43.784  1099  1352 W GLSUser : Caused by: bpyn: Parse Proto Exception with response code 400
12-11 01:54:43.784  1099  1352 W GLSUser : 	at bpzp.b(:com.google.android.gms@243433041@24.34.33 (190800-666809342):80)
12-11 01:54:43.784  1099  1352 W GLSUser : 	at bqch.d(:com.google.android.gms@243433041@24.34.33 (190800-666809342):18)
12-11 01:54:43.784  1099  1352 W GLSUser : 	at bqcv.onSucceeded(:com.google.android.gms@243433041@24.34.33 (190800-666809342):9)
12-11 01:54:43.784  1099  1352 W GLSUser : 	at m.mr.onSucceeded(:com.google.android.gms.dynamite_cronetdynamite@243433041@24.34.33 (190800-0):3)
12-11 01:54:43.784  1099  1352 W GLSUser : 	at m.lp.run(:com.google.android.gms.dynamite_cronetdynamite@243433041@24.34.33 (190800-0):25)
12-11 01:54:43.784  1099  1352 W GLSUser : 	at amze.c(:com.google.android.gms@243433041@24.34.33 (190800-666809342):50)
12-11 01:54:43.784  1099  1352 W GLSUser : 	at amze.run(:com.google.android.gms@243433041@24.34.33 (190800-666809342):76)
12-11 01:54:43.784  1099  1352 W GLSUser : 	at java.util.concurrent.ThreadPoolExecutor.runWorker(ThreadPoolExecutor.java:1167)
12-11 01:54:43.784  1099  1352 W GLSUser : 	at java.util.concurrent.ThreadPoolExecutor$Worker.run(ThreadPoolExecutor.java:641)
12-11 01:54:43.784  1099  1352 W GLSUser : 	at aneq.run(:com.google.android.gms@243433041@24.34.33 (190800-666809342):8)
12-11 01:54:43.784  1099  1352 W GLSUser : 	at java.lang.Thread.run(Thread.java:920)
12-11 01:54:43.784  1099  1352 W GLSUser : Caused by: fojs: Protocol message contained an invalid tag (zero).
12-11 01:54:43.784  1099  1352 W GLSUser : 	at fogo.k(:com.google.android.gms@243433041@24.34.33 (190800-666809342):43)
12-11 01:54:43.784  1099  1352 W GLSUser : 	at fokr.c(:com.google.android.gms@243433041@24.34.33 (190800-666809342):368)
12-11 01:54:43.784  1099  1352 W GLSUser : 	at fokr.i(:com.google.android.gms@243433041@24.34.33 (190800-666809342):8)
12-11 01:54:43.784  1099  1352 W GLSUser : 	at foiw.x(:com.google.android.gms@243433041@24.34.33 (190800-666809342):25)
12-11 01:54:43.784  1099  1352 W GLSUser : 	at foiq.g(:com.google.android.gms@243433041@24.34.33 (190800-666809342):3)
12-11 01:54:43.784  1099  1352 W GLSUser : 	at fogk.e(:com.google.android.gms@243433041@24.34.33 (190800-666809342):1)
12-11 01:54:43.784  1099  1352 W GLSUser : 	at fogk.d(:com.google.android.gms@243433041@24.34.33 (190800-666809342):3)
12-11 01:54:43.784  1099  1352 W GLSUser : 	at fogk.p(:com.google.android.gms@243433041@24.34.33 (190800-666809342):1)
12-11 01:54:43.784  1099  1352 W GLSUser : 	at bpzp.g(:com.google.android.gms@243433041@24.34.33 (190800-666809342):68)
12-11 01:54:43.784  1099  1352 W GLSUser : 	at bpzp.b(:com.google.android.gms@243433041@24.34.33 (190800-666809342):11)
12-11 01:54:43.784  1099  1352 W GLSUser : 	... 10 more
12-11 01:54:43.788  1099  1352 W GLSUser : [DeviceKeyStore] Cannot load key: Device key file not found.
12-11 01:54:43.804  1415  2870 E ggxu    : *~*~*~ Previous channel {0} was garbage collected without being shut down! ~*~*~*
12-11 01:54:43.804  1415  2870 E ggxu    :     Make sure to call shutdown()/shutdownNow()
12-11 01:54:43.804  1415  2870 E ggxu    : java.lang.RuntimeException: ManagedChannel allocation site
12-11 01:54:43.804  1415  2870 E ggxu    : 	at ggxt.<init>(:com.google.android.gms@243433041@24.34.33 (190800-666809342):21)
12-11 01:54:43.804  1415  2870 E ggxu    : 	at ggxu.<init>(:com.google.android.gms@243433041@24.34.33 (190800-666809342):10)
12-11 01:54:43.804  1415  2870 E ggxu    : 	at ggxs.a(:com.google.android.gms@243433041@24.34.33 (190800-666809342):249)
12-11 01:54:43.804  1415  2870 E ggxu    : 	at ggiy.a(:com.google.android.gms@243433041@24.34.33 (190800-666809342):5)
12-11 01:54:43.804  1415  2870 E ggxu    : 	at faij.a(:com.google.android.gms@243433041@24.34.33 (190800-666809342):173)
12-11 01:54:43.804  1415  2870 E ggxu    : 	at eqat.a(:com.google.android.gms@243433041@24.34.33 (190800-666809342):13)
12-11 01:54:43.804  1415  2870 E ggxu    : 	at exoo.a(:com.google.android.gms@243433041@24.34.33 (190800-666809342):3)
12-11 01:54:43.804  1415  2870 E ggxu    : 	at exnp.run(:com.google.android.gms@243433041@24.34.33 (190800-666809342):19)
12-11 01:54:43.804  1415  2870 E ggxu    : 	at exoq.run(:com.google.android.gms@243433041@24.34.33 (190800-666809342):5)
12-11 01:54:43.804  1415  2870 E ggxu    : 	at amze.c(:com.google.android.gms@243433041@24.34.33 (190800-666809342):50)
12-11 01:54:43.804  1415  2870 E ggxu    : 	at amze.run(:com.google.android.gms@243433041@24.34.33 (190800-666809342):76)
12-11 01:54:43.804  1415  2870 E ggxu    : 	at java.util.concurrent.ThreadPoolExecutor.runWorker(ThreadPoolExecutor.java:1167)
12-11 01:54:43.804  1415  2870 E ggxu    : 	at java.util.concurrent.ThreadPoolExecutor$Worker.run(ThreadPoolExecutor.java:641)
12-11 01:54:43.804  1415  2870 E ggxu    : 	at aneq.run(:com.google.android.gms@243433041@24.34.33 (190800-666809342):8)
12-11 01:54:43.804  1415  2870 E ggxu    : 	at java.lang.Thread.run(Thread.java:920)
12-11 01:54:44.392  1415  3769 I cr_CronetUrlRequestContext: destroyNativeStreamLocked org.chromium.net.impl.CronetBidirectionalStream@164e894
12-11 01:54:44.398  1415  4729 I NotificationsModuleTask: Registering accounts to Chime Failed & Rescheduled for later. [CONTEXT service_id=358 ]
12-11 01:54:44.404  1099  5428 I NetworkScheduler.Stats: (REDACTED) Task %s/%s finished executing. cause:%s result: %s elapsed_millis: %s uptime_millis: %s exec_start_elapsed_seconds: %s
12-11 01:54:47.043   549   839 W UriGrantsManagerService: No permission grants found for com.google.android.apps.photos
12-11 01:54:47.045   549   839 W UriGrantsManagerService: No permission grants found for com.google.android.apps.photos
12-11 01:54:47.254   549   839 W UriGrantsManagerService: No permission grants found for com.google.android.apps.photos
12-11 01:54:47.254   549   839 W UriGrantsManagerService: No permission grants found for com.google.android.apps.photos
12-11 01:54:47.312   549   839 W UriGrantsManagerService: No permission grants found for com.google.android.apps.photos
12-11 01:54:47.314   549   839 W UriGrantsManagerService: No permission grants found for com.google.android.apps.photos
12-11 01:54:49.717  1249  2436 W MediaProvider: isAppCloneUserPair for user 0: false
12-11 01:54:49.763   198   198 I hwservicemanager: getTransport: Cannot find entry android.hardware.graphics.mapper@4.0::IMapper/default in either framework or device VINTF manifest.
12-11 01:54:49.764  5504  5506 I Gralloc4: mapper 4.x is not supported
12-11 01:54:49.854  1099  5423 I NetworkScheduler.Stats: (REDACTED) Task %s/%s started execution. cause:%s exec_start_elapsed_seconds: %s
12-11 01:54:49.864  1099  5428 I NetworkScheduler.Stats: (REDACTED) Task %s/%s finished executing. cause:%s result: %s elapsed_millis: %s uptime_millis: %s exec_start_elapsed_seconds: %s
12-11 01:54:50.553  1249  1718 I MediaProvider: Begin Intent { act=android.intent.action.MEDIA_SCANNER_SCAN_FILE dat=file:///sdcard/screen_2024-12-11_015509.png flg=0x1400010 cmp=com.google.android.providers.media.module/com.android.providers.media.MediaService }
12-11 01:54:50.636  1249  1718 I MediaProvider: End Intent { act=android.intent.action.MEDIA_SCANNER_SCAN_FILE dat=file:///sdcard/screen_2024-12-11_015509.png flg=0x1400010 cmp=com.google.android.providers.media.module/com.android.providers.media.MediaService }
12-11 01:54:50.736  1099  5507 I NetworkScheduler.Stats: (REDACTED) Task %s/%s started execution. cause:%s exec_start_elapsed_seconds: %s
12-11 01:54:50.755  1099  5508 I NetworkScheduler.Stats: (REDACTED) Task %s/%s finished executing. cause:%s result: %s elapsed_millis: %s uptime_millis: %s exec_start_elapsed_seconds: %s
12-11 01:54:51.063  1249  1412 I MediaProvider: Deleted 0 1 0 0 0 0 0 items on external_primary due to com.android.shell
12-11 01:54:51.392  1099  5507 I NetworkScheduler.Stats: (REDACTED) Task %s/%s started execution. cause:%s exec_start_elapsed_seconds: %s
12-11 01:54:51.401  1099  5428 I NetworkScheduler.Stats: (REDACTED) Task %s/%s finished executing. cause:%s result: %s elapsed_millis: %s uptime_millis: %s exec_start_elapsed_seconds: %s
12-11 01:54:53.236  1249  1412 W MediaProvider: isAppCloneUserPair for user 0: false
12-11 01:54:53.255   198   198 I hwservicemanager: getTransport: Cannot find entry android.hardware.graphics.mapper@4.0::IMapper/default in either framework or device VINTF manifest.
12-11 01:54:53.255  5550  5554 I Gralloc4: mapper 4.x is not supported
12-11 01:54:53.330  1099  5423 I NetworkScheduler.Stats: (REDACTED) Task %s/%s started execution. cause:%s exec_start_elapsed_seconds: %s
12-11 01:54:53.344  1099  5507 I NetworkScheduler.Stats: (REDACTED) Task %s/%s finished executing. cause:%s result: %s elapsed_millis: %s uptime_millis: %s exec_start_elapsed_seconds: %s
12-11 01:54:53.865  1249  1718 I MediaProvider: Begin Intent { act=android.intent.action.MEDIA_SCANNER_SCAN_FILE dat=file:///sdcard/screen_2024-12-11_015513.png flg=0x1400010 cmp=com.google.android.providers.media.module/com.android.providers.media.MediaService }
12-11 01:54:53.892  1249  1718 I MediaProvider: End Intent { act=android.intent.action.MEDIA_SCANNER_SCAN_FILE dat=file:///sdcard/screen_2024-12-11_015513.png flg=0x1400010 cmp=com.google.android.providers.media.module/com.android.providers.media.MediaService }
12-11 01:54:53.980  1099  5423 I NetworkScheduler.Stats: (REDACTED) Task %s/%s started execution. cause:%s exec_start_elapsed_seconds: %s
12-11 01:54:53.993  1099  5508 I NetworkScheduler.Stats: (REDACTED) Task %s/%s finished executing. cause:%s result: %s elapsed_millis: %s uptime_millis: %s exec_start_elapsed_seconds: %s
12-11 01:54:54.267  1249  1412 I MediaProvider: Deleted 0 1 0 0 0 0 0 items on external_primary due to com.android.shell
12-11 01:54:54.373  1099  5423 I NetworkScheduler.Stats: (REDACTED) Task %s/%s started execution. cause:%s exec_start_elapsed_seconds: %s
12-11 01:54:54.384  1099  5428 I NetworkScheduler.Stats: (REDACTED) Task %s/%s finished executing. cause:%s result: %s elapsed_millis: %s uptime_millis: %s exec_start_elapsed_seconds: %s
12-11 01:54:56.672  1249  1412 W MediaProvider: isAppCloneUserPair for user 0: false
12-11 01:54:56.692   198   198 I hwservicemanager: getTransport: Cannot find entry android.hardware.graphics.mapper@4.0::IMapper/default in either framework or device VINTF manifest.
12-11 01:54:56.694  5593  5595 I Gralloc4: mapper 4.x is not supported
12-11 01:54:56.822  1099  5508 I NetworkScheduler.Stats: (REDACTED) Task %s/%s started execution. cause:%s exec_start_elapsed_seconds: %s
12-11 01:54:56.841  1099  5423 I NetworkScheduler.Stats: (REDACTED) Task %s/%s finished executing. cause:%s result: %s elapsed_millis: %s uptime_millis: %s exec_start_elapsed_seconds: %s
12-11 01:54:57.473  1249  1718 I MediaProvider: Begin Intent { act=android.intent.action.MEDIA_SCANNER_SCAN_FILE dat=file:///sdcard/screen_2024-12-11_015516.png flg=0x1400010 cmp=com.google.android.providers.media.module/com.android.providers.media.MediaService }
12-11 01:54:57.537  1249  1718 I MediaProvider: End Intent { act=android.intent.action.MEDIA_SCANNER_SCAN_FILE dat=file:///sdcard/screen_2024-12-11_015516.png flg=0x1400010 cmp=com.google.android.providers.media.module/com.android.providers.media.MediaService }
12-11 01:54:57.648  1099  5508 I NetworkScheduler.Stats: (REDACTED) Task %s/%s started execution. cause:%s exec_start_elapsed_seconds: %s
12-11 01:54:57.661  1099  5507 I NetworkScheduler.Stats: (REDACTED) Task %s/%s finished executing. cause:%s result: %s elapsed_millis: %s uptime_millis: %s exec_start_elapsed_seconds: %s
12-11 01:54:58.006  1249  1412 I MediaProvider: Deleted 0 1 0 0 0 0 0 items on external_primary due to com.android.shell
12-11 01:54:58.132  1099  5508 I NetworkScheduler.Stats: (REDACTED) Task %s/%s started execution. cause:%s exec_start_elapsed_seconds: %s
12-11 01:54:58.146  1099  5428 I NetworkScheduler.Stats: (REDACTED) Task %s/%s finished executing. cause:%s result: %s elapsed_millis: %s uptime_millis: %s exec_start_elapsed_seconds: %s
12-11 01:54:59.695   549   606 I ActivityTaskManager: START u0 {act=android.intent.action.MAIN cat=[android.intent.category.LAUNCHER] flg=0x10000000 cmp=com.instagram.lite/com.facebook.lite.MainActivity} from uid 2000
12-11 01:54:59.716   549   606 W ActivityTaskManager: Can't find TaskDisplayArea to determine support for multi window. Task id=86 attached=false
12-11 01:54:59.905   549   578 W ActivityManager: Slow operation: 56ms so far, now at startProcess: returned from zygote!
12-11 01:54:59.906   549   578 W ActivityManager: Slow operation: 57ms so far, now at startProcess: done updating battery stats
12-11 01:54:59.908   549   578 W ActivityManager: Slow operation: 59ms so far, now at startProcess: building log message
12-11 01:54:59.909   549   578 I ActivityManager: Start proc 5627:com.instagram.lite/u0a175 for pre-top-activity {com.instagram.lite/com.facebook.lite.MainActivity}
12-11 01:54:59.908  5627  5627 W .instagram.lit: Unexpected CPU variant for X86 using defaults: x86_64
12-11 01:54:59.909   549   578 W ActivityManager: Slow operation: 60ms so far, now at startProcess: starting to update pids map
12-11 01:54:59.909   549   578 W ActivityManager: Slow operation: 60ms so far, now at startProcess: done updating pids map
12-11 01:54:59.919  1463  1463 I dolh    : onPause
12-11 01:55:00.038  5627  5627 I ndk_translation: Initialized NDK translation (aarch64), version 0.2.3
12-11 01:55:00.398   549   811 W ActivityManager: Unable to start service Intent { act=android.service.smartspace.SmartspaceService cmp=com.google.android.as/com.google.android.apps.miphone.aiai.app.AiAiSmartspaceService } U=0: not found
12-11 01:55:00.398   549   811 W RemoteSmartspaceService: could not bind to Intent { act=android.service.smartspace.SmartspaceService cmp=com.google.android.as/com.google.android.apps.miphone.aiai.app.AiAiSmartspaceService } using flags 67112961
12-11 01:55:00.433   549   549 W ActivityManager: Unbind failed: could not find connection for android.app.LoadedApk$ServiceDispatcher$InnerConnection@2e12c60
12-11 01:55:00.545  1463  1463 I dodk    : (REDACTED) onApplyWindowInsets: systemWindowInsets=%s
12-11 01:55:00.576  1463  1463 I dodk    : (REDACTED) onApplyWindowInsets: systemWindowInsets=%s
12-11 01:55:01.471  5627  5627 E .instagram.lit: Not starting debugger since process cannot load the jdwp agent.
12-11 01:55:01.670  5627  5627 W EarlyExceptionHandler: Early UncaughtException handler initialized
12-11 01:55:01.696  5627  5627 W EarlyErrorReporting: Lacrima init done in EarlyErrorReporting for: com.instagram.lite
12-11 01:55:01.696  5627  5657 W lacrima : LacrimaConfigBuilder.setUserIdActorId not called, using 0
12-11 01:55:01.697  5627  5657 W lacrima : LacrimaConfigBuilder.setUserIdActingAccountId not called, using 0
12-11 01:55:01.717  5627  5627 W SoLoader: Initializing SoLoader: 2
12-11 01:55:01.719  5627  5627 W SoLoader: context.getApplicationContext returned null, holding reference to original context.ApplicationSoSource fallbacks to: /data/app/~~8NvV3avhb4jT97H9Z5hnXQ==/com.instagram.lite-8K0QBIO8AM_Zpk6OXCKgDg==/lib/arm64
12-11 01:55:01.721  5627  5627 W SoLoader: Recording new base apk path: /data/app/~~8NvV3avhb4jT97H9Z5hnXQ==/com.instagram.lite-8K0QBIO8AM_Zpk6OXCKgDg==/base.apk
12-11 01:55:01.721  5627  5627 W SoLoader: Previously recorded 0 base apk paths.
12-11 01:55:01.728  5627  5627 W SoLoader: SoLoader initialized: 2
12-11 01:55:01.763  5627  5627 W FbSoLoader: Initialized FBSoLoader
12-11 01:55:01.897  5627  5657 W lacrima : Sending pending reports
12-11 01:55:01.909  5627  5657 W EarlyErrorReporting: Lacrima init executor done in EarlyErrorReporting for: com.instagram.lite
12-11 01:55:02.539  5627  5627 W v9p     : Failed AADLO
12-11 01:55:02.596  5627  5627 W Verifier: Could not disable RTV
12-11 01:55:02.607  5627  5627 W DexStoreUtils: Ignoring dex metadata pragma: .superpack_files 1
12-11 01:55:02.677  5627  5666 W lacrima : Start AnrAppDeathDetector... X.02c
12-11 01:55:02.685  5627  5666 W lacrima : Cannot find registered detector
12-11 01:55:02.828  5627  5627 W .instagram.lit: Opening an oat file without a class loader. Are you using the deprecated DexFile APIs?
12-11 01:55:02.849  5627  5627 W .instagram.lit: DexFile /data/app/~~8NvV3avhb4jT97H9Z5hnXQ==/com.instagram.lite-8K0QBIO8AM_Zpk6OXCKgDg==/base.apk is in boot class path but is not in a known location
12-11 01:55:03.162  5627  5627 W BackgroundStartupDetector: Attempted to check for a background start before initialization
12-11 01:55:03.344  5627  5627 W ErrorReportingUtils: Lacrima init done in ErrorReportingUtils for: com.instagram.lite
12-11 01:55:03.398  5627  5676 W PackageUtil: No appinfo found for com.facebook.orca
12-11 01:55:03.400  5627  5676 W PackageUtil: No appinfo found for com.facebook.mlite
12-11 01:55:03.401  5627  5676 W PackageUtil: No appinfo found for com.facebook.katana
12-11 01:55:03.420  5627  5666 W lacrima : The minidump file is empty!
12-11 01:55:03.423  5627  5666 W lacrima : Start AnrDetector... X.018
12-11 01:55:03.423  5627  5666 W ProcessAnrErrorMonitor: startMonitoring with delay: 4000
12-11 01:55:03.436  5627  5666 W ErrorReportingUtils: Lacrima later init done in ErrorReportingUtils for: com.instagram.lite
12-11 01:55:03.465  5627  5668 W lacrima : FixedLengthFiles.init() called twice.
12-11 01:55:03.465  5627  5668 W lacrima : FixedLengthFiles.init() called twice.
12-11 01:55:03.521  5627  5675 W AppEventHub: font-cache-ready-but-not-connected
12-11 01:55:03.585  5627  5627 W 0Jp     : Ignoring dex metadata pragma: .superpack_files 1
12-11 01:55:03.587  5627  5627 W 0Jp     : Ignoring dex metadata pragma: .locator_id 8
12-11 01:55:03.634  5627  5627 W 0Jp     : Ignoring dex metadata pragma: .superpack_files 1
12-11 01:55:03.636  5627  5627 W 0Jp     : Ignoring dex metadata pragma: .locator_id 20
12-11 01:55:03.639  5627  5627 W FbSoLoader: FBSoLoader already initialiazed
12-11 01:55:03.662  5627  5627 W .instagram.lit: Opening an oat file without a class loader. Are you using the deprecated DexFile APIs?
12-11 01:55:03.671  5627  5627 W FbSoLoader: FBSoLoader already initialiazed
12-11 01:55:03.684  5627  5627 W .instagram.lit: Opening an oat file without a class loader. Are you using the deprecated DexFile APIs?
12-11 01:55:03.685  5627  5627 W FbSoLoader: FBSoLoader already initialiazed
12-11 01:55:03.892  5627  5627 W X.0Fe   : Creating default notification channel, id=other, name=Other
12-11 01:55:04.328  5627  5687 W .instagram.lit: Verification of boolean X.0LW.A19(X.0Dw, java.lang.Integer, java.lang.String, int, int, boolean) took 342.443ms (75288.42 bytecodes/s) (725512B approximate peak alloc)
12-11 01:55:04.440  5627  5687 W .instagram.lit: Verification of void X.0LW.ARO(X.0f3) took 103.642ms (78500.99 bytecodes/s) (201160B approximate peak alloc)
12-11 01:55:05.015  1415  5702 I GmscoreIpa: Starting mediastore instant index [CONTEXT service_id=255 ]
12-11 01:55:05.707   549   606 W ServiceManager: Permission failure: android.permission.HIGH_SAMPLING_RATE_SENSORS from uid=10175 pid=5627
12-11 01:55:05.856  5627  5673 E AppModuleFallbackLoader: Same class failed twice X.4i3
12-11 01:55:06.165  5627  5644 I .instagram.lit: Compiler allocated 8062KB to compile void com.facebook.lite.heroplayer.impl.LiteHeroServiceClient.bindHeroPlayerService(android.content.Context, X.1R7)
12-11 01:55:06.267  2360  2360 I Finsky  : [2] afjz.onStartJob(127): SCH: job service start with id 9455.
12-11 01:55:06.321  2360  5713 I Finsky  : [156] miz.a(213): SCH: Satisfied jobs for 9455 are: 12-1
12-11 01:55:06.368  2360  5714 I Finsky  : [157] acdb.accept(98): SCH: Job 12-1 starting
12-11 01:55:06.375  2360  2360 I Finsky  : [2] ContentSyncJob.h(9): [ContentSync] job started
12-11 01:55:06.378  5627  5627 I Choreographer: Skipped 31 frames!  The application may be doing too much work on its main thread.
12-11 01:55:06.393  1099  5423 W TapAndPay: NfcAdapter is null while obtaining CardEmulation instance. [CONTEXT service_id=79 ]
12-11 01:55:06.393  1099  5423 W TapAndPay: java.lang.NullPointerException: NfcAdapter is null
