12-11 01:55:06.393  1099  5423 W TapAndPay: 	at android.nfc.cardemulation.CardEmulation.getInstance(CardEmulation.java:150)
12-11 01:55:06.393  1099  5423 W TapAndPay: 	at dkmu.<init>(:com.google.android.gms@243433041@24.34.33 (190800-666809342):15)
12-11 01:55:06.393  1099  5423 W TapAndPay: 	at com.google.android.gms.tapandpay.hce.task.TapAndPayAidRegistrationTaskOperation.a(:com.google.android.gms@243433041@24.34.33 (190800-666809342):50)
12-11 01:55:06.393  1099  5423 W TapAndPay: 	at com.google.android.gms.tapandpay.gcmtask.TapAndPayGcmTaskChimeraService.a(:com.google.android.gms@243433041@24.34.33 (190800-666809342):32)
12-11 01:55:06.393  1099  5423 W TapAndPay: 	at bqfr.call(:com.google.android.gms@243433041@24.34.33 (190800-666809342):32)
12-11 01:55:06.393  1099  5423 W TapAndPay: 	at java.util.concurrent.FutureTask.run(FutureTask.java:266)
12-11 01:55:06.393  1099  5423 W TapAndPay: 	at amze.c(:com.google.android.gms@243433041@24.34.33 (190800-666809342):50)
12-11 01:55:06.393  1099  5423 W TapAndPay: 	at amze.run(:com.google.android.gms@243433041@24.34.33 (190800-666809342):76)
12-11 01:55:06.393  1099  5423 W TapAndPay: 	at java.util.concurrent.ThreadPoolExecutor.runWorker(ThreadPoolExecutor.java:1167)
12-11 01:55:06.393  1099  5423 W TapAndPay: 	at java.util.concurrent.ThreadPoolExecutor$Worker.run(ThreadPoolExecutor.java:641)
12-11 01:55:06.393  1099  5423 W TapAndPay: 	at aneq.run(:com.google.android.gms@243433041@24.34.33 (190800-666809342):8)
12-11 01:55:06.393  1099  5423 W TapAndPay: 	at java.lang.Thread.run(Thread.java:920)
12-11 01:55:06.416  1099  5428 I NetworkScheduler.Stats: (REDACTED) Task %s/%s started execution. cause:%s exec_start_elapsed_seconds: %s
12-11 01:55:06.428  1099  1108 I .gms.persisten: Background young concurrent copying GC freed 148350(8640KB) AllocSpace objects, 0(0B) LOS objects, 22% free, 27MB/35MB, paused 6.186ms,415us total 114.143ms
12-11 01:55:06.461  1099  5423 I NetworkScheduler.Stats: (REDACTED) Task %s/%s finished executing. cause:%s result: %s elapsed_millis: %s uptime_millis: %s exec_start_elapsed_seconds: %s
12-11 01:55:06.477   396   529 W ServiceManager: Permission failure: android.permission.ACCESS_SURFACE_FLINGER from uid=10175 pid=5627
12-11 01:55:06.479   396   529 W ServiceManager: Permission failure: android.permission.ROTATE_SURFACE_FLINGER from uid=10175 pid=5627
12-11 01:55:06.670   198   198 I hwservicemanager: getTransport: Cannot find entry android.hardware.configstore@1.0::ISurfaceFlingerConfigs/default in either framework or device VINTF manifest.
12-11 01:55:06.675  5627  5692 W OpenGLRenderer: Failed to choose config with EGL_SWAP_BEHAVIOR_PRESERVED, retrying without...
12-11 01:55:06.678  5627  5692 W OpenGLRenderer: Failed to initialize 101010-2 format, error = EGL_SUCCESS
12-11 01:55:07.020  2360  5715 I Finsky  : [158] mqv.f(36): Completed 0 account content syncs with 0 successful.
12-11 01:55:07.032   396   529 E HWComposer: getSupportedContentTypes: getSupportedContentTypes failed for display 4619827259835644672: Unsupported (8)
12-11 01:55:07.037  2360  2360 I Finsky  : [2] ContentSyncJob.a(12): [ContentSync] Installation state replication succeeded.
12-11 01:55:07.040  2360  2360 I Finsky  : [2] afih.q(56): SCH: jobFinished: 12-1. TimeElapsed: 666ms.
12-11 01:55:07.052   198   198 I hwservicemanager: getTransport: Cannot find entry android.hardware.graphics.mapper@4.0::IMapper/default in either framework or device VINTF manifest.
12-11 01:55:07.053  5627  5692 I Gralloc4: mapper 4.x is not supported
12-11 01:55:07.095  5627  5645 I .instagram.lit: Background concurrent copying GC freed 64711(4868KB) AllocSpace objects, 18(484KB) LOS objects, 49% free, 5816KB/11MB, paused 16.276ms,2.734ms total 678.575ms
12-11 01:55:07.106  5627  5647 W System  : A resource failed to call close. 
12-11 01:55:07.112  5627  5647 W System  : A resource failed to call close. 
12-11 01:55:07.116  5627  5647 W System  : A resource failed to call close. 
12-11 01:55:07.125   198   198 I hwservicemanager: getTransport: Cannot find entry android.hardware.graphics.allocator@4.0::IAllocator/default in either framework or device VINTF manifest.
12-11 01:55:07.126  5627  5692 W Gralloc4: allocator 4.x is not supported
12-11 01:55:07.139  2360  2707 I Finsky  : [59] qwh.accept(58): SCH: Scheduling phonesky job Id: 1-1337, CT: 1733836240977, Constraints: [{ L: 43138062, D: 86338062, C: CHARGING_NONE, I: IDLE_NONE, N: NET_ANY }]
12-11 01:55:07.168  2360  2672 I Finsky  : [53] mja.apply(252): SCH: Scheduling 1 system job(s)
12-11 01:55:07.169  2360  2672 I Finsky  : [53] afie.b(244): SCH: Scheduling system job Id: 9461, L: 17071871, D: 60271871, C: false, I: false, N: 1
12-11 01:55:07.205  2360  5714 I Finsky  : [157] afjz.a(24): SCH: job service finished with id 9455.
12-11 01:55:07.250  5627  5650 I OpenGLRenderer: Davey! duration=1383ms; Flags=1, FrameTimelineVsyncId=5609, IntendedVsync=283052339042, Vsync=283569005688, InputEventId=0, HandleInputStart=283575060800, AnimationStart=283575126600, PerformTraversalsStart=283575222300, DrawStart=284347385600, FrameDeadline=283069005708, FrameInterval=283572287500, FrameStartTime=16666666, SyncQueued=284347965000, SyncStart=284351134200, IssueDrawCommandsStart=284379532100, SwapBuffers=284425582600, FrameCompleted=284438610200, DequeueBufferDuration=102800, QueueBufferDuration=3942100, GpuCompleted=284435412500, SwapBuffersCompleted=284438610200, DisplayPresentTime=0, 
12-11 01:55:07.310   549   566 W system_server: Failed to determine oat file name for dex location /data/app/~~8NvV3avhb4jT97H9Z5hnXQ==/com.instagram.lite-8K0QBIO8AM_Zpk6OXCKgDg==/base.apk: Dalvik cache directory does not exist
12-11 01:55:07.333   549   566 I ActivityTaskManager: Displayed com.instagram.lite/com.facebook.lite.MainActivity: +7s587ms
12-11 01:55:07.508  5627  5677 W ProcessAnrErrorMonitor: Starting process monitor checks for process 'com.instagram.lite'
12-11 01:55:07.673  5627  5724 W .instagram.lit: Verification of java.lang.Object X.0l8.A00() took 132.743ms (9959.04 bytecodes/s) (32600B approximate peak alloc)
12-11 01:55:07.741   549  2018 W InputManager-JNI: Input channel object '119556 Splash Screen com.instagram.lite (client)' was disposed without first being removed with the input manager!
12-11 01:55:07.852  1463  1463 I dolh    : onStop
12-11 01:55:07.979   396   396 W SurfaceFlinger: couldn't log to binary event log: overflow.
12-11 01:55:07.994   396   396 W SurfaceFlinger: couldn't log to binary event log: overflow.
12-11 01:55:07.999   549   549 W Looper  : Slow dispatch took 120ms main h=com.android.server.job.controllers.QuotaController$QcHandler c=null m=3
12-11 01:55:08.203   549  2018 W UriGrantsManagerService: No permission grants found for com.google.android.apps.photos
12-11 01:55:08.208   549  2018 W UriGrantsManagerService: No permission grants found for com.google.android.apps.photos
12-11 01:55:08.661   364   364 E android.hardware.power.stats@1.0-service-mock: Failed to getEnergyData
12-11 01:55:08.827   549  1624 W UriGrantsManagerService: No permission grants found for com.google.android.apps.photos
12-11 01:55:08.829   549  1624 W UriGrantsManagerService: No permission grants found for com.google.android.apps.photos
12-11 01:55:08.927   549  2018 W UriGrantsManagerService: No permission grants found for com.google.android.apps.photos
12-11 01:55:08.932   549  2018 W UriGrantsManagerService: No permission grants found for com.google.android.apps.photos
12-11 01:55:11.335   549   558 I system_server: Background young concurrent copying GC freed 304396(21MB) AllocSpace objects, 44(1196KB) LOS objects, 45% free, 25MB/46MB, paused 3.795ms,300us total 251.199ms
12-11 01:55:11.447   549   560 W System  : A resource failed to call release. 
12-11 01:55:11.691  1099  5428 I NetworkScheduler.Stats: (REDACTED) Task %s/%s started execution. cause:%s exec_start_elapsed_seconds: %s
12-11 01:55:11.694  1415  4729 I TelephonySpamChimeraSer: Running Telephony Spam Chimera Service [CONTEXT service_id=150 ]
12-11 01:55:11.711  1415  4729 I TelephonySpamChimeraSer: Cleaning SIP Header local table of old entries [CONTEXT service_id=150 ]
12-11 01:55:11.711  1415  4729 I SpamListSync: Call spam module disabled. Skipping cleaning cache sip header table. [CONTEXT service_id=150 ]
12-11 01:55:11.712  1415  4729 I TelephonySpamChimeraSer: Syncing Call Spam List [CONTEXT service_id=150 ]
12-11 01:55:11.712  1415  4729 I SpamListSync: (REDACTED) SpamListSyncChimeraService.syncSpamList called with tag: %s, extras: %s
12-11 01:55:11.712  1415  4729 I SpamListSync: Call spam module disabled. Skipping spam list syncing. [CONTEXT service_id=150 ]
12-11 01:55:11.735  1099  5423 I NetworkScheduler.Stats: (REDACTED) Task %s/%s finished executing. cause:%s result: %s elapsed_millis: %s uptime_millis: %s exec_start_elapsed_seconds: %s
12-11 01:55:11.761  1249  1412 W MediaProvider: isAppCloneUserPair for user 0: false
12-11 01:55:11.805   198   198 I hwservicemanager: getTransport: Cannot find entry android.hardware.graphics.mapper@4.0::IMapper/default in either framework or device VINTF manifest.
12-11 01:55:11.806  5762  5766 I Gralloc4: mapper 4.x is not supported
12-11 01:55:12.211  1099  5428 I NetworkScheduler.Stats: (REDACTED) Task %s/%s started execution. cause:%s exec_start_elapsed_seconds: %s
12-11 01:55:12.236  1099  5423 I NetworkScheduler.Stats: (REDACTED) Task %s/%s finished executing. cause:%s result: %s elapsed_millis: %s uptime_millis: %s exec_start_elapsed_seconds: %s
12-11 01:55:12.311  5627  5688 I fbandroid/java/com/facebook/lite/fizz/wrapper/jni/LiteFizzClient.cpp: [#1] Early data: on
12-11 01:55:12.311  5627  5689 I fbandroid/java/com/facebook/lite/fizz/wrapper/jni/LiteFizzClient.cpp: [#0] Early data: on
12-11 01:55:12.500  5627  5688 I fbandroid/java/com/facebook/lite/fizz/wrapper/jni/FizzSocket.cpp: [#1] Fizz-client connecting...
12-11 01:55:12.504  5627  5689 I fbandroid/java/com/facebook/lite/fizz/wrapper/jni/FizzSocket.cpp: [#0] Fizz-client connecting...
12-11 01:55:12.534  1249  1718 I MediaProvider: Begin Intent { act=android.intent.action.MEDIA_SCANNER_SCAN_FILE dat=file:///sdcard/screen_2024-12-11_015531.png flg=0x1400010 cmp=com.google.android.providers.media.module/com.android.providers.media.MediaService }
12-11 01:55:12.566  1249  1718 I MediaProvider: End Intent { act=android.intent.action.MEDIA_SCANNER_SCAN_FILE dat=file:///sdcard/screen_2024-12-11_015531.png flg=0x1400010 cmp=com.google.android.providers.media.module/com.android.providers.media.MediaService }
12-11 01:55:12.715  1099  5428 I NetworkScheduler.Stats: (REDACTED) Task %s/%s started execution. cause:%s exec_start_elapsed_seconds: %s
12-11 01:55:12.742  1099  5767 I NetworkScheduler.Stats: (REDACTED) Task %s/%s finished executing. cause:%s result: %s elapsed_millis: %s uptime_millis: %s exec_start_elapsed_seconds: %s
12-11 01:55:13.180  1249  1412 I MediaProvider: Deleted 0 1 0 0 0 0 0 items on external_primary due to com.android.shell
12-11 01:55:13.374  1099  5423 I NetworkScheduler.Stats: (REDACTED) Task %s/%s started execution. cause:%s exec_start_elapsed_seconds: %s
12-11 01:55:13.415  1099  5428 I NetworkScheduler.Stats: (REDACTED) Task %s/%s finished executing. cause:%s result: %s elapsed_millis: %s uptime_millis: %s exec_start_elapsed_seconds: %s
12-11 01:55:15.620  5627  5689 I fbandroid/java/com/facebook/lite/fizz/wrapper/jni/FizzSocket.cpp: [#0] Fizz-client connected.
12-11 01:55:15.620  5627  5688 I fbandroid/java/com/facebook/lite/fizz/wrapper/jni/FizzSocket.cpp: [#1] Fizz-client connected.
12-11 01:55:16.131  5627  5743 I fbandroid/java/com/facebook/lite/fizz/wrapper/jni/FizzReadCallback.cpp: [#1] EOF - no more data available (fizz-socket closed).
12-11 01:55:16.659  1249  2436 W MediaProvider: isAppCloneUserPair for user 0: false
12-11 01:55:16.677   198   198 I hwservicemanager: getTransport: Cannot find entry android.hardware.graphics.mapper@4.0::IMapper/default in either framework or device VINTF manifest.
12-11 01:55:16.681  5809  5811 I Gralloc4: mapper 4.x is not supported
12-11 01:55:17.114  1099  5508 I NetworkScheduler.Stats: (REDACTED) Task %s/%s started execution. cause:%s exec_start_elapsed_seconds: %s
12-11 01:55:17.166  1099  5423 I NetworkScheduler.Stats: (REDACTED) Task %s/%s finished executing. cause:%s result: %s elapsed_millis: %s uptime_millis: %s exec_start_elapsed_seconds: %s
12-11 01:55:17.388  5627  5744 E fbandroid/java/com/facebook/lite/fizz/wrapper/jni/LiteFizzClient.cpp: [#0] 0rtt: Accepted
12-11 01:55:17.495  1249  1718 I MediaProvider: Begin Intent { act=android.intent.action.MEDIA_SCANNER_SCAN_FILE dat=file:///sdcard/screen_2024-12-11_015536.png flg=0x1400010 cmp=com.google.android.providers.media.module/com.android.providers.media.MediaService }
12-11 01:55:17.527  1249  1718 I MediaProvider: End Intent { act=android.intent.action.MEDIA_SCANNER_SCAN_FILE dat=file:///sdcard/screen_2024-12-11_015536.png flg=0x1400010 cmp=com.google.android.providers.media.module/com.android.providers.media.MediaService }
12-11 01:55:17.712  1099  5508 I NetworkScheduler.Stats: (REDACTED) Task %s/%s started execution. cause:%s exec_start_elapsed_seconds: %s
12-11 01:55:17.734  1099  5776 I NetworkScheduler.Stats: (REDACTED) Task %s/%s finished executing. cause:%s result: %s elapsed_millis: %s uptime_millis: %s exec_start_elapsed_seconds: %s
12-11 01:55:17.739  1099  1108 I .gms.persisten: Background young concurrent copying GC freed 123602(7344KB) AllocSpace objects, 0(0B) LOS objects, 21% free, 27MB/35MB, paused 5.155ms,268us total 67.846ms
12-11 01:55:17.780  5627  5673 W ErrorReporter: ErrorReportingDiagnosticData.setInstance already set.
12-11 01:55:17.858  5627  5824 I fbandroid/java/com/facebook/lite/fizz/wrapper/jni/LiteFizzClient.cpp: [#2] Early data: on
12-11 01:55:17.899  5627  5824 I fbandroid/java/com/facebook/lite/fizz/wrapper/jni/FizzSocket.cpp: [#2] Fizz-client connecting...
12-11 01:55:17.952  5627  5824 I fbandroid/java/com/facebook/lite/fizz/wrapper/jni/FizzSocket.cpp: [#2] Fizz-client connected.
12-11 01:55:18.032  5627  5837 E fbandroid/java/com/facebook/lite/fizz/wrapper/jni/LiteFizzClient.cpp: [#2] 0rtt: Accepted
12-11 01:55:18.166  1249  2436 I MediaProvider: Deleted 0 1 0 0 0 0 0 items on external_primary due to com.android.shell
12-11 01:55:18.221  5627  5673 W LastMsysLogins: Relogin - handleSessionMessage  uid: null hash null
12-11 01:55:18.287  5627  5673 W LastMsysLogins: Possible Relogin - handleMessagePersistentPropertiesTable  uid: null hash null
12-11 01:55:18.303  5627  5673 W LastMsysLogins: Possible Relogin - handleMessagePersistentPropertiesTable  uid: null hash null
12-11 01:55:18.325  5627  5673 W LastMsysLogins: Possible Relogin - handleMessagePersistentPropertiesTable  uid: null hash null
12-11 01:55:18.345  5627  5673 W LastMsysLogins: Possible Relogin - handleMessagePersistentPropertiesTable  uid: null hash null
12-11 01:55:18.366  5627  5673 W LastMsysLogins: Possible Relogin - handleMessagePersistentPropertiesTable  uid: null hash null
12-11 01:55:18.386  5627  5673 W LastMsysLogins: Possible Relogin - handleMessagePersistentPropertiesTable  uid: null hash null
12-11 01:55:18.411  1099  5423 I NetworkScheduler.Stats: (REDACTED) Task %s/%s started execution. cause:%s exec_start_elapsed_seconds: %s
12-11 01:55:18.447  1099  5428 I NetworkScheduler.Stats: (REDACTED) Task %s/%s finished executing. cause:%s result: %s elapsed_millis: %s uptime_millis: %s exec_start_elapsed_seconds: %s
12-11 01:55:18.468  5627  5645 I .instagram.lit: Background young concurrent copying GC freed 85027(3811KB) AllocSpace objects, 6(184KB) LOS objects, 33% free, 7751KB/11MB, paused 5.094ms,414us total 130.374ms
12-11 01:55:18.474  5627  5673 W LastMsysLogins: Possible Relogin - handleMessagePersistentPropertiesTable  uid: null hash null
12-11 01:55:18.572  1257  1727 I bake    : (REDACTED) getHotwordActive::active query: %s, watch: %s, devices connected: %s
12-11 01:55:19.007  5627  5673 W .instagram.lit: Accessing hidden method Landroid/os/PowerWhitelistManager;->isWhitelisted(Ljava/lang/String;Z)Z (blocked, linking, denied)
12-11 01:55:19.055  5627  5673 E libprocessgroup: set_timerslack_ns write failed: Operation not permitted
12-11 01:55:19.065  5627  5673 E ActionQueryTaskListener: 0 onTaskStart BACKGROUND modules: [rtc,s_fizz_msys(*),msysinfra(*),s_mediastreaming_rtc(*),s_msys_rtc(*),s_mediastreaming_msys_rtc(*),fizz(*),shared_fizz_ms_profilo(*),s_inappbrowser_rtc(*)]
12-11 01:55:19.086  5627  5856 E ActionQueryTaskListener: 0 onLoadBatchStart BACKGROUND modules: [rtc,s_fizz_msys(*),msysinfra(*),s_mediastreaming_rtc(*),s_msys_rtc(*),s_mediastreaming_msys_rtc(*),fizz(*),shared_fizz_ms_profilo(*),s_inappbrowser_rtc(*)]
12-11 01:55:19.118  5627  5856 W 0Jp     : Ignoring dex metadata pragma: .superpack_files 1
12-11 01:55:19.120  5627  5856 W 0Jp     : Ignoring dex metadata pragma: .locator_id 17
12-11 01:55:19.143  5627  5856 W 0Jp     : Ignoring dex metadata pragma: .superpack_files 1
12-11 01:55:19.143  5627  5856 W 0Jp     : Ignoring dex metadata pragma: .locator_id 15
12-11 01:55:19.165  5627  5856 W 0Jp     : Ignoring dex metadata pragma: .locator_id 18
12-11 01:55:19.192  5627  5856 W 0Jp     : Ignoring dex metadata pragma: .locator_id 19
12-11 01:55:19.195  5627  5856 W .instagram.lit: Opening an oat file without a class loader. Are you using the deprecated DexFile APIs?
12-11 01:55:19.358  5627  5856 W FbSoLoader: FBSoLoader already initialiazed
12-11 01:55:19.392  5627  5856 W .instagram.lit: Opening an oat file without a class loader. Are you using the deprecated DexFile APIs?
12-11 01:55:19.398  5627  5856 W FbSoLoader: FBSoLoader already initialiazed
12-11 01:55:19.444  5627  5856 W FbSoLoader: FBSoLoader already initialiazed
12-11 01:55:19.470  5627  5856 W FbSoLoader: FBSoLoader already initialiazed
12-11 01:55:19.479  5627  5673 W .instagram.lit: Verification of java.lang.Object X.1dd.A7j(X.162, X.0zI, java.lang.String) took 133.532ms (213117.45 bytecodes/s) (559280B approximate peak alloc)
12-11 01:55:19.491  5627  5856 W .instagram.lit: Opening an oat file without a class loader. Are you using the deprecated DexFile APIs?
12-11 01:55:19.505  5627  5856 W FbSoLoader: FBSoLoader already initialiazed
12-11 01:55:19.526  5627  5856 W .instagram.lit: Opening an oat file without a class loader. Are you using the deprecated DexFile APIs?
12-11 01:55:19.556  5627  5856 W FbSoLoader: FBSoLoader already initialiazed
12-11 01:55:19.596  5627  5856 E ActionQueryTaskListener: 0 onLoadBatchComplete exception: null BACKGROUND modules: [rtc,s_fizz_msys(*),msysinfra(*),s_mediastreaming_rtc(*),s_msys_rtc(*),s_mediastreaming_msys_rtc(*),fizz(*),shared_fizz_ms_profilo(*),s_inappbrowser_rtc(*)]
12-11 01:55:19.606  5627  5859 E ActionQueryTaskListener: 0 onTaskComplete [true,false,] BACKGROUND modules: [rtc,s_fizz_msys(*),msysinfra(*),s_mediastreaming_rtc(*),s_msys_rtc(*),s_mediastreaming_msys_rtc(*),fizz(*),shared_fizz_ms_profilo(*),s_inappbrowser_rtc(*)]
12-11 01:55:19.755  5627  5673 W LastMsysLogins: Possible Relogin - handleMessagePersistentPropertiesTable  uid: null hash null
12-11 01:55:19.901  5627  5644 I .instagram.lit: Compiler allocated 8308KB to compile void X.0au.A04(X.0aJ, X.0Dw, int, boolean)
12-11 01:55:20.185   549  2005 I ActivityTaskManager: START u0 {act=android.content.pm.action.REQUEST_PERMISSIONS pkg=com.google.android.permissioncontroller cmp=com.google.android.permissioncontroller/com.android.permissioncontroller.permission.ui.GrantPermissionsActivity (has extras)} from uid 10175
12-11 01:55:20.275  5627  5673 W LastMsysLogins: Possible Relogin - handleMessagePersistentPropertiesTable  uid: null hash null
12-11 01:55:20.290  5627  5645 I .instagram.lit: Background young concurrent copying GC freed 35852(2226KB) AllocSpace objects, 11(216KB) LOS objects, 13% free, 10101KB/11MB, paused 1.650ms,703us total 188.926ms
12-11 01:55:20.295  5627  5647 W System  : A resource failed to call close. 
12-11 01:55:20.296  5627  5647 W System  : A resource failed to call close. 
12-11 01:55:20.301  5627  5647 W System  : A resource failed to call close. 
12-11 01:55:20.301  5627  5647 W System  : A resource failed to call close. 
12-11 01:55:20.304  5627  5647 W System  : A resource failed to call close. 
12-11 01:55:20.304  5627  5647 W System  : A resource failed to call close. 
12-11 01:55:20.674  5627  5645 I .instagram.lit: Background concurrent copying GC freed 62584(3088KB) AllocSpace objects, 38(1892KB) LOS objects, 49% free, 15MB/31MB, paused 3.272ms,758us total 257.847ms
12-11 01:55:20.770   549   569 W ActivityTaskManager: Activity top resumed state loss timeout for ActivityRecord{f4c3d18 u0 com.instagram.lite/com.facebook.lite.MainActivity t86}
12-11 01:55:20.771   549   569 W ActivityTaskManager: Activity pause timeout for ActivityRecord{f4c3d18 u0 com.instagram.lite/com.facebook.lite.MainActivity t86}
12-11 01:55:21.636   396   529 W ServiceManager: Permission failure: android.permission.ACCESS_SURFACE_FLINGER from uid=10143 pid=853
12-11 01:55:21.644  5627  5857 W .instagram.lit: Opening an oat file without a class loader. Are you using the deprecated DexFile APIs?
12-11 01:55:21.646   396   529 W ServiceManager: Permission failure: android.permission.ROTATE_SURFACE_FLINGER from uid=10143 pid=853
12-11 01:55:21.655  5627  5650 I OpenGLRenderer: Davey! duration=1563ms; Flags=0, FrameTimelineVsyncId=6029, IntendedVsync=297269005140, Vsync=297319005138, InputEventId=0, HandleInputStart=297319232200, AnimationStart=297319480300, PerformTraversalsStart=297319599200, DrawStart=298289101200, FrameDeadline=297285671806, FrameInterval=297319173800, FrameStartTime=16666666, SyncQueued=298371722500, SyncStart=298374659200, IssueDrawCommandsStart=298390820500, SwapBuffers=298827282700, FrameCompleted=298835656700, DequeueBufferDuration=93600, QueueBufferDuration=4016400, GpuCompleted=298831852500, SwapBuffersCompleted=298835656700, DisplayPresentTime=0, 
12-11 01:55:21.936  5627  5859 E ActionQueryTaskListener: 1 onTaskStart FALLBACK_DOWNLOAD modules: [rtc,s_fizz_msys,msysinfra,s_mediastreaming_rtc,s_msys_rtc,s_mediastreaming_msys_rtc,mnshttp,fizz,shared_fizz_ms_profilo,s_mnshttp_msys,s_inappbrowser_rtc]
12-11 01:55:21.950  5627  5704 W .instagram.lit: Verification of void X.0x9.run() took 100.873ms (931.86 bytecodes/s) (3472B approximate peak alloc)
12-11 01:55:21.951  5627  5859 E ActionQueryTaskListener: 2 onTaskStart FALLBACK_DOWNLOAD modules: []
12-11 01:55:21.953  5627  5905 E ActionQueryTaskListener: 1 onTaskComplete [true,false,] FALLBACK_DOWNLOAD modules: [rtc,s_fizz_msys,msysinfra,s_mediastreaming_rtc,s_msys_rtc,s_mediastreaming_msys_rtc,mnshttp,fizz,shared_fizz_ms_profilo,s_mnshttp_msys,s_inappbrowser_rtc]
12-11 01:55:21.956  5627  5859 E ActionQueryTaskListener: 2 onTaskComplete [true,false,] FALLBACK_DOWNLOAD modules: []
12-11 01:55:21.972  5627  5857 W .instagram.lit: DexFile /data/app/~~8NvV3avhb4jT97H9Z5hnXQ==/com.instagram.lite-8K0QBIO8AM_Zpk6OXCKgDg==/base.apk is in boot class path but is not in a known location
12-11 01:55:21.983  5627  5857 W .instagram.lit: Opening an oat file without a class loader. Are you using the deprecated DexFile APIs?
12-11 01:55:22.000   549   566 I ActivityTaskManager: Displayed com.google.android.permissioncontroller/com.android.permissioncontroller.permission.ui.GrantPermissionsActivity: +1s777ms
12-11 01:55:22.154  5627  5857 W .instagram.lit: DexFile /data/app/~~8NvV3avhb4jT97H9Z5hnXQ==/com.instagram.lite-8K0QBIO8AM_Zpk6OXCKgDg==/base.apk is in boot class path but is not in a known location
12-11 01:55:22.155  5627  5857 W .instagram.lit: Opening an oat file without a class loader. Are you using the deprecated DexFile APIs?
12-11 01:55:22.444  5627  5857 W .instagram.lit: DexFile /data/app/~~8NvV3avhb4jT97H9Z5hnXQ==/com.instagram.lite-8K0QBIO8AM_Zpk6OXCKgDg==/base.apk is in boot class path but is not in a known location
12-11 01:55:22.482   549  5913 W OpenGLRenderer: Failed to choose config with EGL_SWAP_BEHAVIOR_PRESERVED, retrying without...
12-11 01:55:22.483   549  5913 W OpenGLRenderer: Failed to initialize 101010-2 format, error = EGL_SUCCESS
12-11 01:55:22.497  5627  5857 W .instagram.lit: Opening an oat file without a class loader. Are you using the deprecated DexFile APIs?
12-11 01:55:22.502  5627  5891 W DefaultTrackSelector: Audio channel count constraints cannot be applied without reference to Context. Build the track selector instance with one of the non-deprecated constructors that take a Context argument.
12-11 01:55:22.539  5627  5891 W DefaultTrackSelector: Audio channel count constraints cannot be applied without reference to Context. Build the track selector instance with one of the non-deprecated constructors that take a Context argument.
12-11 01:55:22.569  5627  5857 W .instagram.lit: DexFile /data/app/~~8NvV3avhb4jT97H9Z5hnXQ==/com.instagram.lite-8K0QBIO8AM_Zpk6OXCKgDg==/base.apk is in boot class path but is not in a known location
12-11 01:55:22.735  5627  5704 E ActionQueryTaskListener: 3 onTaskStart BACKGROUND modules: [mnshttp,shared_fizz_ms_profilo(*),s_mnshttp_msys(*)]
12-11 01:55:22.744  5627  5908 E ActionQueryTaskListener: 3 onLoadBatchStart BACKGROUND modules: [mnshttp,shared_fizz_ms_profilo(*),s_mnshttp_msys(*)]
12-11 01:55:22.834   549  1624 W InputManager-JNI: Input channel object '3309c1 com.google.android.permissioncontroller/com.android.permissioncontroller.permission.ui.GrantPermissionsActivity (client)' was disposed without first being removed with the input manager!
12-11 01:55:22.839  5627  5704 W ComponentDiscovery: Class com.google.firebase.dynamicloading.DynamicLoadingRegistrar is not an found.
12-11 01:55:22.870  5627  5908 W 0Jp     : Ignoring dex metadata pragma: .superpack_files 1
12-11 01:55:22.870  5627  5908 W 0Jp     : Ignoring dex metadata pragma: .locator_id 13
12-11 01:55:22.913  5627  5908 W FbSoLoader: FBSoLoader already initialiazed
12-11 01:55:22.957  5627  5908 W .instagram.lit: Opening an oat file without a class loader. Are you using the deprecated DexFile APIs?
12-11 01:55:22.966  5627  5908 W FbSoLoader: FBSoLoader already initialiazed
12-11 01:55:23.017  5627  5908 E ActionQueryTaskListener: 3 onLoadBatchComplete exception: null BACKGROUND modules: [mnshttp,shared_fizz_ms_profilo(*),s_mnshttp_msys(*)]
12-11 01:55:23.085  5627  5857 E ActionQueryTaskListener: 3 onTaskComplete [true,false,] BACKGROUND modules: [mnshttp,shared_fizz_ms_profilo(*),s_mnshttp_msys(*)]
12-11 01:55:23.148   720   729 I ndroid.systemu: NativeAlloc concurrent copying GC freed 196278(12MB) AllocSpace objects, 58(1348KB) LOS objects, 49% free, 9793KB/19MB, paused 1.636ms,267us total 731.643ms
12-11 01:55:23.212   720   733 W System  : A resource failed to call close. 
12-11 01:55:23.216  5627  5891 W DefaultTrackSelector: Audio channel count constraints cannot be applied without reference to Context. Build the track selector instance with one of the non-deprecated constructors that take a Context argument.
12-11 01:55:23.642  5627  5922 I Codec2Client: Available Codec2 services: "default" "software"
12-11 01:55:23.691  5627  5922 I CCodec  : setting up 'default' as default (vendor) store
12-11 01:55:23.986  5627  5922 I CCodec  : Created component [c2.android.aac.decoder]
12-11 01:55:24.021  5627  5627 I Choreographer: Skipped 166 frames!  The application may be doing too much work on its main thread.
12-11 01:55:24.055  5627  5922 I CCodecConfig: query failed after returning 19 values (BAD_INDEX)
12-11 01:55:24.074  5627  5650 I OpenGLRenderer: Davey! duration=2813ms; Flags=0, FrameTimelineVsyncId=6043, IntendedVsync=298435671760, Vsync=301202338316, InputEventId=0, HandleInputStart=301216958000, AnimationStart=301217040200, PerformTraversalsStart=301223362300, DrawStart=301229322000, FrameDeadline=298469005092, FrameInterval=301215942900, FrameStartTime=16666666, SyncQueued=301231181100, SyncStart=301234589100, IssueDrawCommandsStart=301234953400, SwapBuffers=301241532600, FrameCompleted=301252098900, DequeueBufferDuration=114700, QueueBufferDuration=4274800, GpuCompleted=301249674300, SwapBuffersCompleted=301252098900, DisplayPresentTime=0, 
12-11 01:55:24.105  5627  5922 W Codec2Client: query -- param skipped: index = 1107298332.
12-11 01:55:24.109  5627  5922 I CCodecConfig: query failed after returning 19 values (BAD_INDEX)
12-11 01:55:24.116  5627  5932 I fbandroid/java/com/facebook/lite/fizz/wrapper/jni/LiteFizzClient.cpp: [#3] Early data: on
12-11 01:55:24.117  5627  5932 I fbandroid/java/com/facebook/lite/fizz/wrapper/jni/FizzSocket.cpp: [#3] Fizz-client connecting...
12-11 01:55:24.143  5627  5922 W Codec2Client: query -- param skipped: index = 1342179345.
12-11 01:55:24.144  5627  5922 W Codec2Client: query -- param skipped: index = 2415921170.
12-11 01:55:24.148  5627  5922 W Codec2Client: query -- param skipped: index = 1610614798.
12-11 01:55:24.181  5627  5932 I fbandroid/java/com/facebook/lite/fizz/wrapper/jni/FizzSocket.cpp: [#3] Fizz-client connected.
12-11 01:55:24.191  5627  5922 I CCodecBufferChannel: [c2.android.aac.decoder#11] Created output block pool with allocatorID 16 => poolID 26 - OK
12-11 01:55:24.228  5627  5936 E fbandroid/java/com/facebook/lite/fizz/wrapper/jni/LiteFizzClient.cpp: [#3] 0rtt: Accepted
12-11 01:55:24.269  5627  5922 I DMABUFHEAPS: Using DMA-BUF heap named: system
12-11 01:55:24.329   486  5935 I C2SoftAacDec: Reconfiguring decoder: 0->44100 Hz, 0->2 channels
12-11 01:55:24.444  5627  5922 I hw-BpHwBinder: onLastStrongRef automatically unlinking death recipients
12-11 01:55:24.445   486   503 I hw-BpHwBinder: onLastStrongRef automatically unlinking death recipients
12-11 01:55:24.468   549  1633 W ServiceManager: Permission failure: android.permission.HIGH_SAMPLING_RATE_SENSORS from uid=10175 pid=5627
12-11 01:55:24.489   549  1624 W ServiceManager: Permission failure: android.permission.HIGH_SAMPLING_RATE_SENSORS from uid=10175 pid=5627
12-11 01:55:24.518  5627  5945 I CCodec  : setting up 'default' as default (vendor) store
12-11 01:55:24.519   356   766 I GoldfishComponentStore: in init
12-11 01:55:24.519   356   766 I GoldfishComponentStore: loading dll of path libcodec2_goldfish_avcdec.so
12-11 01:55:24.530   356   766 I GoldfishComponentStore: Create()
12-11 01:55:24.572   356   766 I GoldfishComponentStore: created interface
12-11 01:55:24.580   356   766 I GoldfishComponentStore: created component
12-11 01:55:24.601  5627  5945 I CCodec  : Created component [c2.goldfish.h264.decoder]
12-11 01:55:24.651   549   569 I ActivityManager: PendingStartActivityUids startActivity to updateOomAdj delay:2209ms, uid:10175
12-11 01:55:24.663  5627  5945 I CCodecConfig: query failed after returning 12 values (BAD_INDEX)
12-11 01:55:24.664  5627  5945 W ColorUtils: expected specified color aspects (2:0:0:0)
12-11 01:55:24.686  5627  5944 I MediaCodec: [c2.goldfish.h264.decoder] setting surface generation to 5762049
12-11 01:55:24.694  5627  5945 W Codec2Client: query -- param skipped: index = 1107298332.
12-11 01:55:24.694  5627  5945 W CCodec  : This behavior is subject to change. It is recommended that app developers double check whether the requested max input size is in reasonable range.
12-11 01:55:24.695  5627  5945 I CCodecConfig: query failed after returning 12 values (BAD_INDEX)
12-11 01:55:24.708  5627  5945 W Codec2Client: query -- param skipped: index = 1342179345.
12-11 01:55:24.708  5627  5945 W Codec2Client: query -- param skipped: index = 2415921170.
12-11 01:55:24.708  5627  5945 W Codec2Client: query -- param skipped: index = 1610614798.
12-11 01:55:24.714  5627  5945 W Codec2Client: query -- param skipped: index = 2684356609.
12-11 01:55:24.794  5627  5945 I CCodecBufferChannel: [c2.goldfish.h264.decoder#287] Created output block pool with allocatorID 18 => poolID 17 - OK
12-11 01:55:24.846  5627  5823 I fbandroid/java/com/facebook/lite/fizz/wrapper/jni/LiteFizzClient.cpp: [#4] Early data: on
12-11 01:55:24.846  5627  5823 I fbandroid/java/com/facebook/lite/fizz/wrapper/jni/FizzSocket.cpp: [#4] Fizz-client connecting...
12-11 01:55:24.856  5627  5931 I fbandroid/java/com/facebook/lite/fizz/wrapper/jni/LiteFizzClient.cpp: [#5] Early data: on
12-11 01:55:24.856  5627  5931 I fbandroid/java/com/facebook/lite/fizz/wrapper/jni/FizzSocket.cpp: [#5] Fizz-client connecting...
12-11 01:55:24.979   198   198 I hwservicemanager: getTransport: Cannot find entry android.hardware.graphics.mapper@4.0::IMapper/default in either framework or device VINTF manifest.
12-11 01:55:24.979   356   766 I Gralloc4: mapper 4.x is not supported
12-11 01:55:24.999   198   198 I hwservicemanager: getTransport: Cannot find entry android.hardware.graphics.mapper@4.0::IMapper/default in either framework or device VINTF manifest.
12-11 01:55:25.000   356   766 I Gralloc4: mapper 4.x is not supported
12-11 01:55:25.029   477  2030 W ResourceManagerService: Ignoring request to add new resource entry with value <= 0
12-11 01:55:25.129   549   578 W ActivityManager: Slow operation: 58ms so far, now at startProcess: returned from zygote!
12-11 01:55:25.129   549   578 W ActivityManager: Slow operation: 58ms so far, now at startProcess: done updating battery stats
12-11 01:55:25.130   549   578 W ActivityManager: Slow operation: 59ms so far, now at startProcess: building log message
12-11 01:55:25.152   549   578 I ActivityManager: Start proc 5954:com.instagram.lite:fbns/u0a175 for service {com.instagram.lite/com.facebook.rti.push.service.FbnsService}
12-11 01:55:25.152   549   578 W ActivityManager: Slow operation: 81ms so far, now at startProcess: starting to update pids map
12-11 01:55:25.153   549   578 W ActivityManager: Slow operation: 82ms so far, now at startProcess: done updating pids map
12-11 01:55:25.155  5627  5706 W com.facebook.lite.deviceid.FbLitePhoneIdStore: get Phone ID: 34d90a46-d44e-47f4-b744-95dcee9eabc7 : 1733817561040 : com.instagram.lite
12-11 01:55:25.186  5954  5954 W agram.lite:fbn: Unexpected CPU variant for X86 using defaults: x86_64
12-11 01:55:25.274  5954  5954 I ndk_translation: Initialized NDK translation (aarch64), version 0.2.3
12-11 01:55:25.351   356  5946 I android.hardware.media.c2@1.0-service-goldfish: successfully allocated 33558528 bytes in goldfish_address_block
12-11 01:55:25.352   356  5946 I android.hardware.media.c2@1.0-service-goldfish: guest address is 0x7f4be6a4a000
12-11 01:55:25.352   356  5946 I android.hardware.media.c2@1.0-service-goldfish: successfully pinged host to allocate memory
12-11 01:55:26.301  5627  5944 W MediaCodec: mapFormat: no mediaType information
12-11 01:55:26.405  4916  4951 I Dialer  : OmtpVvmCarrierCfgHlpr - OmtpEvent:CONFIG_STATUS_SMS_TIME_OUT
12-11 01:55:26.406  4916  4916 I Dialer  : RetryPolicy - discarding deferred status: configuration_state=4
12-11 01:55:26.408  4916  4916 I Dialer  : VvmTaskExecutor - no more tasks, stopping service if no task are added in 5000 millis
12-11 01:55:26.417  4916  4916 I Dialer  : VvmTaskReceiver - task received
12-11 01:55:26.417  4916  4916 I Dialer  : VvmTaskReceiver - TaskExecutor already running
12-11 01:55:26.417  4916  4916 I Dialer  : Task.createTask - create task:com.android.voicemail.impl.ActivationTask
12-11 01:55:26.418  4916  4916 I Dialer  : RetryPolicy - retry #2 for com.android.voicemail.impl.ActivationTask@891fdc6 queued, executing in 5000
12-11 01:55:26.418  4916  4916 I Dialer  : VvmTaskExecutor - com.android.voicemail.impl.ActivationTask@891fdc6 added
12-11 01:55:26.419  4916  4916 I Dialer  : VvmTaskExecutor - minimal wait time:5000
12-11 01:55:26.419  4916  4916 I Dialer  : VvmTaskExecutor - sleep for 5000 millis
12-11 01:55:27.069  5954  5954 E agram.lite:fbn: Not starting debugger since process cannot load the jdwp agent.
12-11 01:55:27.237   549  1624 W ActivityManager: Slow operation: 69ms so far, now at attachApplicationLocked: immediately before bindApplication
12-11 01:55:27.238   549  1624 W ActivityManager: Slow operation: 69ms so far, now at attachApplicationLocked: immediately after bindApplication
12-11 01:55:27.238   549  1624 W ActivityManager: Slow operation: 70ms so far, now at attachApplicationLocked: after updateLruProcessLocked
12-11 01:55:27.244   549  1624 W ActivityManager: Slow operation: 76ms so far, now at attachApplicationLocked: after mServices.attachApplicationLocked
12-11 01:55:27.466  5954  5954 W EarlyExceptionHandler: Early UncaughtException handler initialized
12-11 01:55:27.539  5954  5954 W EarlyErrorReporting: Lacrima init done in EarlyErrorReporting for: com.instagram.lite:fbns
12-11 01:55:27.540  5954  5992 W lacrima : LacrimaConfigBuilder.setUserIdActorId not called, using 0
12-11 01:55:27.540  5954  5992 W lacrima : LacrimaConfigBuilder.setUserIdActingAccountId not called, using 0
12-11 01:55:27.559  5954  5954 W SoLoader: Initializing SoLoader: 2
12-11 01:55:27.560  5954  5954 W SoLoader: context.getApplicationContext returned null, holding reference to original context.ApplicationSoSource fallbacks to: /data/app/~~8NvV3avhb4jT97H9Z5hnXQ==/com.instagram.lite-8K0QBIO8AM_Zpk6OXCKgDg==/lib/arm64
12-11 01:55:27.563  5954  5954 W SoLoader: Recording new base apk path: /data/app/~~8NvV3avhb4jT97H9Z5hnXQ==/com.instagram.lite-8K0QBIO8AM_Zpk6OXCKgDg==/base.apk
12-11 01:55:27.563  5954  5954 W SoLoader: Previously recorded 0 base apk paths.
12-11 01:55:27.578  5954  5954 W SoLoader: SoLoader initialized: 2
12-11 01:55:27.610  5954  5954 W FbSoLoader: Initialized FBSoLoader
12-11 01:55:27.756  5954  5992 W lacrima : Sending pending reports
12-11 01:55:27.901  5627  5932 I fbandroid/java/com/facebook/lite/fizz/wrapper/jni/LiteFizzClient.cpp: [#6] Early data: on
12-11 01:55:27.901  5627  5932 I fbandroid/java/com/facebook/lite/fizz/wrapper/jni/FizzSocket.cpp: [#6] Fizz-client connecting...
12-11 01:55:27.920  5954  5992 W EarlyErrorReporting: Lacrima init executor done in EarlyErrorReporting for: com.instagram.lite:fbns
12-11 01:55:28.155  5627  5932 I fbandroid/java/com/facebook/lite/fizz/wrapper/jni/FizzSocket.cpp: [#6] Fizz-client connected.
12-11 01:55:28.172  5627  6002 E fbandroid/java/com/facebook/lite/fizz/wrapper/jni/LiteFizzClient.cpp: [#6] 0rtt: Accepted
12-11 01:55:28.351   549   811 W UriGrantsManagerService: No permission grants found for com.google.android.apps.photos
12-11 01:55:28.371   549   811 W UriGrantsManagerService: No permission grants found for com.google.android.apps.photos
12-11 01:55:28.746   549  2017 W UriGrantsManagerService: No permission grants found for com.google.android.apps.photos
12-11 01:55:28.752   549  2017 W UriGrantsManagerService: No permission grants found for com.google.android.apps.photos
12-11 01:55:28.841  1249  1409 W MediaProvider: isAppCloneUserPair for user 0: false
12-11 01:55:28.894   198   198 I hwservicemanager: getTransport: Cannot find entry android.hardware.graphics.mapper@4.0::IMapper/default in either framework or device VINTF manifest.
12-11 01:55:28.897  6008  6019 I Gralloc4: mapper 4.x is not supported
12-11 01:55:29.013   549   811 W UriGrantsManagerService: No permission grants found for com.google.android.apps.photos
12-11 01:55:29.015   549   811 W UriGrantsManagerService: No permission grants found for com.google.android.apps.photos
12-11 01:55:29.469  1099  6024 I NetworkScheduler.Stats: (REDACTED) Task %s/%s started execution. cause:%s exec_start_elapsed_seconds: %s
12-11 01:55:29.501  1099  5428 I NetworkScheduler.Stats: (REDACTED) Task %s/%s finished executing. cause:%s result: %s elapsed_millis: %s uptime_millis: %s exec_start_elapsed_seconds: %s
12-11 01:55:29.468  5954  5954 W v9p     : Failed AADLO
12-11 01:55:29.549  5954  5954 W Verifier: Could not disable RTV
12-11 01:55:29.584  5954  5954 W DexStoreUtils: Ignoring dex metadata pragma: .superpack_files 1
12-11 01:55:29.781  5954  5994 W lacrima : Start AnrAppDeathDetector... X.02c
12-11 01:55:29.808  5954  5994 W lacrima : Cannot find registered detector
12-11 01:55:29.866  5627  5645 I .instagram.lit: ThreadFlipBegin blocked for 824.783ms
12-11 01:55:29.910  5627  6018 I .instagram.lit: IncrementDisableThreadFlip blocked for 583.059ms
12-11 01:55:29.912  5627  6014 I .instagram.lit: IncrementDisableThreadFlip blocked for 330.158ms
12-11 01:55:29.914  5627  6017 I .instagram.lit: IncrementDisableThreadFlip blocked for 54.423ms
12-11 01:55:29.916  5627  5824 I .instagram.lit: IncrementDisableThreadFlip blocked for 438.294ms
12-11 01:55:29.947  5627  6015 I .instagram.lit: IncrementDisableThreadFlip blocked for 188.456ms
12-11 01:55:29.968  5954  5954 W agram.lite:fbn: Opening an oat file without a class loader. Are you using the deprecated DexFile APIs?
12-11 01:55:30.001  5954  5954 W agram.lite:fbn: DexFile /data/app/~~8NvV3avhb4jT97H9Z5hnXQ==/com.instagram.lite-8K0QBIO8AM_Zpk6OXCKgDg==/base.apk is in boot class path but is not in a known location
12-11 01:55:30.494  5954  5954 W BackgroundStartupDetector: Attempted to check for a background start before initialization
12-11 01:55:30.524  5954  5954 W ErrorReportingUtils: Lacrima init done in ErrorReportingUtils for: com.instagram.lite:fbns
12-11 01:55:30.604  5954  6042 W agram.lite:fbn: Opening an oat file without a class loader. Are you using the deprecated DexFile APIs?
12-11 01:55:30.630  5954  5994 W lacrima : The minidump file is empty!
12-11 01:55:30.636  5954  5994 W lacrima : Start AnrDetector... X.018
12-11 01:55:30.636  5954  5994 W ProcessAnrErrorMonitor: startMonitoring with delay: 4000
12-11 01:55:30.658  5954  5994 W ErrorReportingUtils: Lacrima later init done in ErrorReportingUtils for: com.instagram.lite:fbns
12-11 01:55:30.680  5954  5954 W InitStatus: Not blocking Service (152383187)
12-11 01:55:30.724  5954  6042 W agram.lite:fbn: DexFile /data/app/~~8NvV3avhb4jT97H9Z5hnXQ==/com.instagram.lite-8K0QBIO8AM_Zpk6OXCKgDg==/base.apk is in boot class path but is not in a known location
12-11 01:55:30.725  5954  6042 W agram.lite:fbn: Opening an oat file without a class loader. Are you using the deprecated DexFile APIs?
12-11 01:55:30.772  5627  5932 I fbandroid/java/com/facebook/lite/fizz/wrapper/jni/LiteFizzClient.cpp: [#7] Early data: on
12-11 01:55:30.773  5627  5932 I fbandroid/java/com/facebook/lite/fizz/wrapper/jni/FizzSocket.cpp: [#7] Fizz-client connecting...
12-11 01:55:30.793  5954  6006 W lacrima : FixedLengthFiles.init() called twice.
12-11 01:55:30.793  5954  6006 W lacrima : FixedLengthFiles.init() called twice.
12-11 01:55:30.810  5954  5954 W InitStatus: Not blocking Service (152383187)
12-11 01:55:30.880  5954  5954 W InitStatus: Not blocking Service (152383187)
12-11 01:55:30.883  5954  6042 W agram.lite:fbn: DexFile /data/app/~~8NvV3avhb4jT97H9Z5hnXQ==/com.instagram.lite-8K0QBIO8AM_Zpk6OXCKgDg==/base.apk is in boot class path but is not in a known location
12-11 01:55:30.883  5954  6042 W agram.lite:fbn: Opening an oat file without a class loader. Are you using the deprecated DexFile APIs?
12-11 01:55:31.024  5954  6042 W agram.lite:fbn: DexFile /data/app/~~8NvV3avhb4jT97H9Z5hnXQ==/com.instagram.lite-8K0QBIO8AM_Zpk6OXCKgDg==/base.apk is in boot class path but is not in a known location
12-11 01:55:31.026  5954  6042 W agram.lite:fbn: Opening an oat file without a class loader. Are you using the deprecated DexFile APIs?
12-11 01:55:31.143  5627  6017 I fbandroid/java/com/facebook/lite/fizz/wrapper/jni/LiteFizzClient.cpp: [#8] Early data: on
12-11 01:55:31.148  5627  6017 I fbandroid/java/com/facebook/lite/fizz/wrapper/jni/FizzSocket.cpp: [#8] Fizz-client connecting...
12-11 01:55:31.160  5954  6042 W agram.lite:fbn: DexFile /data/app/~~8NvV3avhb4jT97H9Z5hnXQ==/com.instagram.lite-8K0QBIO8AM_Zpk6OXCKgDg==/base.apk is in boot class path but is not in a known location
12-11 01:55:31.460  4916  4951 I Dialer  : VvmTaskExecutor - executing task com.android.voicemail.impl.ActivationTask@891fdc6
12-11 01:55:31.461  4916  4951 I Dialer  : PreOMigrationHandler - ComponentInfo{com.android.phone/com.android.services.telephony.TelephonyConnectionService}, ***, UserHandle{0} already migrated
12-11 01:55:31.643   356  5946 W SimpleC2Component: unknown frame index: 108
12-11 01:55:31.658  5627  5944 I CCodecConfig: query failed after returning 12 values (BAD_INDEX)
12-11 01:55:31.671  5627  5944 W Codec2Client: query -- param skipped: index = 1342179345.
12-11 01:55:31.671  5627  5944 W Codec2Client: query -- param skipped: index = 2415921170.
12-11 01:55:31.671  5627  5944 W Codec2Client: query -- param skipped: index = 1610614798.
12-11 01:55:32.471  3950  3962 I VoicemailNotifier: receivers for android.intent.action.PROVIDER_CHANGED :[]
12-11 01:55:32.474  5954  6039 W agram.lite:fbn: Verification of java.lang.Class X.0Ma.AG4() took 304.606ms (9.85 bytecodes/s) (1320B approximate peak alloc)
12-11 01:55:32.483  4916  4951 I Dialer  : VvmActivationTask - VVM content provider configured - vvm_type_cvvm
12-11 01:55:32.483  4916  4951 I Dialer  : OmtpVvmCarrierCfgHlpr - OmtpEvent:CONFIG_ACTIVATING
12-11 01:55:32.583  1249  1718 I MediaProvider: Begin Intent { act=android.intent.action.MEDIA_SCANNER_SCAN_FILE dat=file:///sdcard/screen_2024-12-11_015548.png flg=0x1400010 cmp=com.google.android.providers.media.module/com.android.providers.media.MediaService }
12-11 01:55:32.602  3950  3962 I VoicemailNotifier: receivers for android.intent.action.PROVIDER_CHANGED :[]
12-11 01:55:32.604  5954  5974 W agram.lite:fbn: Suspending all threads took: 168.011ms
12-11 01:55:32.613  5954  5954 W agram.lite:fbn: Verification of void X.3UA.A02(X.3UA) took 265.696ms (229.59 bytecodes/s) (2768B approximate peak alloc)
12-11 01:55:32.629  1249  1718 I MediaProvider: End Intent { act=android.intent.action.MEDIA_SCANNER_SCAN_FILE dat=file:///sdcard/screen_2024-12-11_015548.png flg=0x1400010 cmp=com.google.android.providers.media.module/com.android.providers.media.MediaService }
12-11 01:55:33.134  5954  5974 W agram.lite:fbn: Suspending all threads took: 120.902ms
12-11 01:55:33.177  5954  6039 W agram.lite:fbn: Verification of void X.0N8.AR5(X.0Nt) took 117.639ms (68.00 bytecodes/s) (1480B approximate peak alloc)
12-11 01:55:33.429  5954  5954 W InitStatus: Not blocking Service (152383187)
12-11 01:55:33.533  1099  6026 I NetworkScheduler.Stats: (REDACTED) Task %s/%s started execution. cause:%s exec_start_elapsed_seconds: %s
12-11 01:55:33.570  1099  5428 I NetworkScheduler.Stats: (REDACTED) Task %s/%s finished executing. cause:%s result: %s elapsed_millis: %s uptime_millis: %s exec_start_elapsed_seconds: %s
12-11 01:55:33.623  1249  2436 I MediaProvider: Deleted 0 1 0 0 0 0 0 items on external_primary due to com.android.shell
12-11 01:55:33.937  5954  5954 W InitStatus: Not blocking Service (152383187)
12-11 01:55:34.140  5954  5954 W InitStatus: Not blocking Service (152383187)
12-11 01:55:34.205  5627  5645 W .instagram.lit: Suspending all threads took: 38.823ms
12-11 01:55:34.652  5954  6043 W ProcessAnrErrorMonitor: Starting process monitor checks for process 'com.instagram.lite:fbns'
12-11 01:55:34.919  5627  5645 I .instagram.lit: Background young concurrent copying GC freed 170367(9957KB) AllocSpace objects, 113(5572KB) LOS objects, 38% free, 19MB/31MB, paused 41.247ms,39.229ms total 6.057s
12-11 01:55:35.083  5627  6094 W com.facebook.lite.deviceid.FbLitePhoneIdStore: get Phone ID: 34d90a46-d44e-47f4-b744-95dcee9eabc7 : 1733817561040 : com.instagram.lite
12-11 01:55:35.089  5627  6094 W com.facebook.lite.deviceid.FbLitePhoneIdStore: get Phone ID: 34d90a46-d44e-47f4-b744-95dcee9eabc7 : 1733817561040 : com.instagram.lite
12-11 01:55:35.618  5627  5644 I .instagram.lit: Compiler allocated 5102KB to compile boolean X.38o.handleMessage(android.os.Message)
12-11 01:55:35.758  5627  5647 W System  : A resource failed to call close. 
12-11 01:55:35.758  5627  5647 W System  : A resource failed to call close. 
12-11 01:55:36.365   356  5946 W SimpleC2Component: unknown frame index: 222
12-11 01:55:36.367  5627  5944 I CCodecConfig: query failed after returning 12 values (BAD_INDEX)
12-11 01:55:36.371  5627  5944 W Codec2Client: query -- param skipped: index = 1342179345.
12-11 01:55:36.371  5627  5944 W Codec2Client: query -- param skipped: index = 2415921170.
12-11 01:55:36.371  5627  5944 W Codec2Client: query -- param skipped: index = 1610614798.
12-11 01:55:40.565  1249  2436 W MediaProvider: isAppCloneUserPair for user 0: false
12-11 01:55:40.589   198   198 I hwservicemanager: getTransport: Cannot find entry android.hardware.graphics.mapper@4.0::IMapper/default in either framework or device VINTF manifest.
12-11 01:55:40.589  6138  6140 I Gralloc4: mapper 4.x is not supported
12-11 01:55:40.853  1099  6076 I NetworkScheduler.Stats: (REDACTED) Task %s/%s started execution. cause:%s exec_start_elapsed_seconds: %s
12-11 01:55:40.908  1099  6026 I NetworkScheduler.Stats: (REDACTED) Task %s/%s finished executing. cause:%s result: %s elapsed_millis: %s uptime_millis: %s exec_start_elapsed_seconds: %s
12-11 01:55:41.601   549   558 I system_server: Background young concurrent copying GC freed 311646(21MB) AllocSpace objects, 31(728KB) LOS objects, 42% free, 26MB/46MB, paused 5.249ms,2.251ms total 381.498ms
12-11 01:55:42.303  1415  6147 I GmscoreIpa: Starting mediastore instant index [CONTEXT service_id=255 ]
12-11 01:55:42.704  1249  1718 I MediaProvider: Begin Intent { act=android.intent.action.MEDIA_SCANNER_SCAN_FILE dat=file:///sdcard/screen_2024-12-11_015600.png flg=0x1400010 cmp=com.google.android.providers.media.module/com.android.providers.media.MediaService }
